Component: ARM Compiler 5.06 update 7 (build 960) Tool: armlink [4d3601]

==============================================================================

Section Cross References

    startup_stm32f407xx.o(STACK) refers (Special) to heapauxi.o(.text) for __use_two_region_memory
    startup_stm32f407xx.o(HEAP) refers (Special) to heapauxi.o(.text) for __use_two_region_memory
    startup_stm32f407xx.o(RESET) refers (Special) to heapauxi.o(.text) for __use_two_region_memory
    startup_stm32f407xx.o(RESET) refers to startup_stm32f407xx.o(STACK) for __initial_sp
    startup_stm32f407xx.o(RESET) refers to startup_stm32f407xx.o(.text) for Reset_Handler
    startup_stm32f407xx.o(RESET) refers to stm32f4xx_it.o(i.NMI_Handler) for NMI_Handler
    startup_stm32f407xx.o(RESET) refers to stm32f4xx_it.o(i.HardFault_Handler) for HardFault_Handler
    startup_stm32f407xx.o(RESET) refers to stm32f4xx_it.o(i.MemManage_Handler) for MemManage_Handler
    startup_stm32f407xx.o(RESET) refers to stm32f4xx_it.o(i.BusFault_Handler) for BusFault_Handler
    startup_stm32f407xx.o(RESET) refers to stm32f4xx_it.o(i.UsageFault_Handler) for UsageFault_Handler
    startup_stm32f407xx.o(RESET) refers to stm32f4xx_it.o(i.SVC_Handler) for SVC_Handler
    startup_stm32f407xx.o(RESET) refers to stm32f4xx_it.o(i.DebugMon_Handler) for DebugMon_Handler
    startup_stm32f407xx.o(RESET) refers to stm32f4xx_it.o(i.PendSV_Handler) for PendSV_Handler
    startup_stm32f407xx.o(RESET) refers to stm32f4xx_it.o(i.SysTick_Handler) for SysTick_Handler
    startup_stm32f407xx.o(RESET) refers to stm32f4xx_it.o(i.EXTI3_IRQHandler) for EXTI3_IRQHandler
    startup_stm32f407xx.o(RESET) refers to stm32f4xx_it.o(i.CAN1_RX0_IRQHandler) for CAN1_RX0_IRQHandler
    startup_stm32f407xx.o(RESET) refers to stm32f4xx_it.o(i.CAN1_RX1_IRQHandler) for CAN1_RX1_IRQHandler
    startup_stm32f407xx.o(RESET) refers to stm32f4xx_it.o(i.DMA2_Stream2_IRQHandler) for DMA2_Stream2_IRQHandler
    startup_stm32f407xx.o(RESET) refers to stm32f4xx_it.o(i.DMA2_Stream3_IRQHandler) for DMA2_Stream3_IRQHandler
    startup_stm32f407xx.o(.text) refers (Special) to heapauxi.o(.text) for __use_two_region_memory
    startup_stm32f407xx.o(.text) refers to system_stm32f4xx.o(i.SystemInit) for SystemInit
    startup_stm32f407xx.o(.text) refers to __main.o(!!!main) for __main
    startup_stm32f407xx.o(.text) refers to startup_stm32f407xx.o(HEAP) for Heap_Mem
    startup_stm32f407xx.o(.text) refers to startup_stm32f407xx.o(STACK) for Stack_Mem
    main.o(i._Z18SystemClock_Configv) refers to rt_memclr_w.o(.text) for __aeabi_memclr4
    main.o(i._Z18SystemClock_Configv) refers to stm32f4xx_hal_rcc.o(i.HAL_RCC_OscConfig) for HAL_RCC_OscConfig
    main.o(i._Z18SystemClock_Configv) refers to stm32f4xx_hal_rcc.o(i.HAL_RCC_ClockConfig) for HAL_RCC_ClockConfig
    main.o(i.main) refers to stm32f4xx_hal.o(i.HAL_Init) for HAL_Init
    main.o(i.main) refers to main.o(i._Z18SystemClock_Configv) for SystemClock_Config()
    main.o(i.main) refers to gpio.o(i.MX_GPIO_Init) for MX_GPIO_Init
    main.o(i.main) refers to dma.o(i.MX_DMA_Init) for MX_DMA_Init
    main.o(i.main) refers to i2c.o(i.MX_I2C2_Init) for MX_I2C2_Init
    main.o(i.main) refers to i2c.o(i.MX_I2C3_Init) for MX_I2C3_Init
    main.o(i.main) refers to can.o(i.MX_CAN1_Init) for MX_CAN1_Init
    main.o(i.main) refers to spi.o(i.MX_SPI1_Init) for MX_SPI1_Init
    main.o(i.main) refers to tim.o(i.MX_TIM10_Init) for MX_TIM10_Init
    main.o(i.main) refers to adc.o(i.MX_ADC1_Init) for MX_ADC1_Init
    main.o(i.main) refers to adc.o(i.MX_ADC3_Init) for MX_ADC3_Init
    main.o(i.main) refers to maincpp.o(i._Z7maincppv) for maincpp()
    main.o(.ARM.exidx) refers to main.o(i.Error_Handler) for i.Error_Handler
    main.o(.ARM.exidx) refers to main.o(i._Z18SystemClock_Configv) for i._Z18SystemClock_Configv
    main.o(.ARM.exidx) refers to main.o(i.main) for i.main
    gpio.o(i.MX_GPIO_Init) refers to rt_memclr_w.o(.text) for __aeabi_memclr4
    gpio.o(i.MX_GPIO_Init) refers to stm32f4xx_hal_gpio.o(i.HAL_GPIO_WritePin) for HAL_GPIO_WritePin
    gpio.o(i.MX_GPIO_Init) refers to stm32f4xx_hal_gpio.o(i.HAL_GPIO_Init) for HAL_GPIO_Init
    gpio.o(i.MX_GPIO_Init) refers to stm32f4xx_hal_cortex.o(i.HAL_NVIC_SetPriority) for HAL_NVIC_SetPriority
    gpio.o(i.MX_GPIO_Init) refers to stm32f4xx_hal_cortex.o(i.HAL_NVIC_EnableIRQ) for HAL_NVIC_EnableIRQ
    gpio.o(.ARM.exidx) refers to gpio.o(i.MX_GPIO_Init) for i.MX_GPIO_Init
    adc.o(i.HAL_ADC_MspDeInit) refers to stm32f4xx_hal_gpio.o(i.HAL_GPIO_DeInit) for HAL_GPIO_DeInit
    adc.o(i.HAL_ADC_MspInit) refers to rt_memclr_w.o(.text) for __aeabi_memclr4
    adc.o(i.HAL_ADC_MspInit) refers to stm32f4xx_hal_gpio.o(i.HAL_GPIO_Init) for HAL_GPIO_Init
    adc.o(i.MX_ADC1_Init) refers to stm32f4xx_hal_adc.o(i.HAL_ADC_Init) for HAL_ADC_Init
    adc.o(i.MX_ADC1_Init) refers to main.o(i.Error_Handler) for Error_Handler
    adc.o(i.MX_ADC1_Init) refers to stm32f4xx_hal_adc.o(i.HAL_ADC_ConfigChannel) for HAL_ADC_ConfigChannel
[...]
    i.HAL_TIM_Base_Init                      0x0800245a   Section        0  stm32f4xx_hal_tim.o(i.HAL_TIM_Base_Init)
    i.HAL_TIM_Base_MspInit                   0x080024b4   Section        0  tim.o(i.HAL_TIM_Base_MspInit)
    i.HAL_TIM_MspPostInit                    0x080024dc   Section        0  tim.o(i.HAL_TIM_MspPostInit)
    i.HAL_TIM_PWM_ConfigChannel              0x08002530   Section        0  stm32f4xx_hal_tim.o(i.HAL_TIM_PWM_ConfigChannel)
    i.HAL_TIM_PWM_Init                       0x080025fc   Section        0  stm32f4xx_hal_tim.o(i.HAL_TIM_PWM_Init)
    i.HAL_TIM_PWM_MspInit                    0x08002656   Section        0  stm32f4xx_hal_tim.o(i.HAL_TIM_PWM_MspInit)
    i.HardFault_Handler                      0x08002658   Section        0  stm32f4xx_it.o(i.HardFault_Handler)
    i.MX_ADC1_Init                           0x0800265c   Section        0  adc.o(i.MX_ADC1_Init)
    i.MX_ADC3_Init                           0x080026c0   Section        0  adc.o(i.MX_ADC3_Init)
    i.MX_CAN1_Init                           0x08002724   Section        0  can.o(i.MX_CAN1_Init)
    i.MX_DMA_Init                            0x08002768   Section        0  dma.o(i.MX_DMA_Init)
    i.MX_GPIO_Init                           0x080027a4   Section        0  gpio.o(i.MX_GPIO_Init)
    i.MX_I2C2_Init                           0x08002928   Section        0  i2c.o(i.MX_I2C2_Init)
    i.MX_I2C3_Init                           0x08002968   Section        0  i2c.o(i.MX_I2C3_Init)
    i.MX_SPI1_Init                           0x080029a8   Section        0  spi.o(i.MX_SPI1_Init)
    i.MX_TIM10_Init                          0x080029f0   Section        0  tim.o(i.MX_TIM10_Init)
    i.MemManage_Handler                      0x08002a54   Section        0  stm32f4xx_it.o(i.MemManage_Handler)
    i.NMI_Handler                            0x08002a56   Section        0  stm32f4xx_it.o(i.NMI_Handler)
    i.PendSV_Handler                         0x08002a58   Section        0  stm32f4xx_it.o(i.PendSV_Handler)
    i.SVC_Handler                            0x08002a5a   Section        0  stm32f4xx_it.o(i.SVC_Handler)
    i.SysTick_Handler                        0x08002a5c   Section        0  stm32f4xx_it.o(i.SysTick_Handler)
    i.SystemInit                             0x08002a60   Section        0  system_stm32f4xx.o(i.SystemInit)
    i.TIM_Base_SetConfig                     0x08002a70   Section        0  stm32f4xx_hal_tim.o(i.TIM_Base_SetConfig)
    i.TIM_OC2_SetConfig                      0x08002b38   Section        0  stm32f4xx_hal_tim.o(i.TIM_OC2_SetConfig)
    i.UsageFault_Handler                     0x08002ba4   Section        0  stm32f4xx_it.o(i.UsageFault_Handler)
    i._Z10OLED_Clearv                        0x08002ba8   Section        0  i2c_oled.o(i._Z10OLED_Clearv)
    i._Z11BMI088_Initv                       0x08002bd4   Section        0  bmi088.o(i._Z11BMI088_Initv)
    i._Z11BMI088_readPfS_S_                  0x08002c1c   Section        0  bmi088.o(i._Z11BMI088_readPfS_S_)
    i._Z12OLED_Refreshv                      0x08002d48   Section        0  i2c_oled.o(i._Z12OLED_Refreshv)
    i._Z12OLED_ShowNumhhjhhh                 0x08002db4   Section        0  i2c_oled.o(i._Z12OLED_ShowNumhhjhhh)
    i._Z12OLED_WR_Bytehh                     0x08002e24   Section        0  i2c_oled.o(i._Z12OLED_WR_Bytehh)
    i._Z12Vrefint_Initv                      0x08002e50   Section        0  adctest.o(i._Z12Vrefint_Initv)
    i._Z12ist8310_initP12GPIO_TypeDeftS0_tP17I2C_HandleTypeDef 0x08002e8c   Section        0  ist8310.o(i._Z12ist8310_initP12GPIO_TypeDeftS0_tP17I2C_HandleTypeDef)
    i._Z12ist8310_readv                      0x08002f78   Section        0  ist8310.o(i._Z12ist8310_readv)
    i._Z13CAN_SEND_DataP19__CAN_HandleTypeDeftPht 0x08002fe8   Section        0  drv_can.o(i._Z13CAN_SEND_DataP19__CAN_HandleTypeDeftPht)
    i._Z13OLED_ShowCharhhhhh                 0x08003004   Section        0  i2c_oled.o(i._Z13OLED_ShowCharhhhhh)
    i._Z13PS2_ShortPollv                     0x080030e8   Section        0  ps2.o(i._Z13PS2_ShortPollv)
    i._Z14OLED_ColorTurnh                    0x08003134   Section        0  i2c_oled.o(i._Z14OLED_ColorTurnh)
    i._Z14OLED_DrawPointhhh                  0x0800314c   Section        0  i2c_oled.o(i._Z14OLED_DrawPointhhh)
    i._Z14send_to_motorssssshP19__CAN_HandleTypeDef 0x08003178   Section        0  rmmotor.o(i._Z14send_to_motorssssshP19__CAN_HandleTypeDef)
    i._Z15PS2_ExitConfingv                   0x080031a8   Section        0  ps2.o(i._Z15PS2_ExitConfingv)
    i._Z16BMI088_Gyro_Initv                  0x0800320c   Section        0  bmi088.o(i._Z16BMI088_Gyro_Initv)
    i._Z16OLED_DisplayTurnh                  0x080032ac   Section        0  i2c_oled.o(i._Z16OLED_DisplayTurnh)
    i._Z16PS2_EnterConfingv                  0x080032d8   Section        0  ps2.o(i._Z16PS2_EnterConfingv)
    i._Z17BMI088_Accel_Initv                 0x0800333c   Section        0  bmi088.o(i._Z17BMI088_Accel_Initv)
    i._Z17PS2_VibrationModev                 0x080033d4   Section        0  ps2.o(i._Z17PS2_VibrationModev)
    i._Z18SystemClock_Configv                0x08003420   Section        0  main.o(i._Z18SystemClock_Configv)
    i._Z19get_battery_voltagev               0x080034b4   Section        0  adctest.o(i._Z19get_battery_voltagev)
    i._Z20PS2_TurnOnAnalogModev              0x080034e8   Section        0  ps2.o(i._Z20PS2_TurnOnAnalogModev)
    i._Z21OLED_ShowNum_withsignhhihhh        0x08003544   Section        0  i2c_oled.o(i._Z21OLED_ShowNum_withsignhhihhh)
    i._Z22CAN_Filter_Mask_ConfigP19__CAN_HandleTypeDefhjj 0x08003584   Section        0  drv_can.o(i._Z22CAN_Filter_Mask_ConfigP19__CAN_HandleTypeDefhjj)
    i._Z26BMI088_Gyro_Read_Multi_ReghPhh     0x080035d8   Section        0  bmi088.o(i._Z26BMI088_Gyro_Read_Multi_ReghPhh)
    i._Z27BMI088_Accel_Read_Multi_ReghPhh    0x0800360c   Section        0  bmi088.o(i._Z27BMI088_Accel_Read_Multi_ReghPhh)
    i._Z27BMI088_Gyro_Read_Single_Regh       0x08003658   Section        0  bmi088.o(i._Z27BMI088_Gyro_Read_Single_Regh)
    i._Z28BMI088_Accel_Read_Single_Regh      0x080036b4   Section        0  bmi088.o(i._Z28BMI088_Accel_Read_Single_Regh)
    i._Z28BMI088_Gyro_Write_Single_Reghh     0x0800371c   Section        0  bmi088.o(i._Z28BMI088_Gyro_Write_Single_Reghh)
    i._Z29BMI088_Accel_Write_Single_Reghh    0x08003748   Section        0  bmi088.o(i._Z29BMI088_Accel_Write_Single_Reghh)
    i._Z7PS2_Cmdh                            0x08003774   Section        0  ps2.o(i._Z7PS2_Cmdh)
    i._Z7maincppv                            0x08003814   Section        0  maincpp.o(i._Z7maincppv)
    i._Z8CAN_InitP19__CAN_HandleTypeDef      0x08003914   Section        0  drv_can.o(i._Z8CAN_InitP19__CAN_HandleTypeDef)
    i._Z8OLED_Powhh                          0x08003978   Section        0  i2c_oled.o(i._Z8OLED_Powhh)
    i._Z8PS2_InitP12GPIO_TypeDeftS0_tS0_tS0_t 0x08003988   Section        0  ps2.o(i._Z8PS2_InitP12GPIO_TypeDeftS0_tS0_tS0_t)
    i._Z9OLED_InitP17I2C_HandleTypeDef       0x08003a20   Section        0  i2c_oled.o(i._Z9OLED_InitP17I2C_HandleTypeDef)
    i._ZN21_INTERNAL_5_PS2_c_cmd8delay_usEj  0x08003b18   Section        0  ps2.o(i._ZN21_INTERNAL_5_PS2_c_cmd8delay_usEj)
    [local to PS2_c]::delay_us(unsigned)     0x08003b19   Thumb Code    34  ps2.o(i._ZN21_INTERNAL_5_PS2_c_cmd8delay_usEj)
    i._ZN29_INTERNAL_8_BMI088_c_cb25337221BMI088_Read_Multi_RegEhPhh 0x08003b44   Section        0  bmi088.o(i._ZN29_INTERNAL_8_BMI088_c_cb25337221BMI088_Read_Multi_RegEhPhh)
    [local to BMI088_c]::BMI088_Read_Multi_Reg(unsigned char, unsigned char*, unsigned char) 0x08003b45   Thumb Code    72  bmi088.o(i._ZN29_INTERNAL_8_BMI088_c_cb25337221BMI088_Read_Multi_RegEhPhh)
    i._ZN29_INTERNAL_8_BMI088_c_cb25337223BMI088_Write_Single_RegEhh 0x08003b90   Section        0  bmi088.o(i._ZN29_INTERNAL_8_BMI088_c_cb25337223BMI088_Write_Single_RegEhh)
    [local to BMI088_c]::BMI088_Write_Single_Reg(unsigned char, unsigned char) 0x08003b91   Thumb Code    38  bmi088.o(i._ZN29_INTERNAL_8_BMI088_c_cb25337223BMI088_Write_Single_RegEhh)
    i._ZN29_INTERNAL_8_BMI088_c_cb2533728delay_usEj 0x08003bbc   Section        0  bmi088.o(i._ZN29_INTERNAL_8_BMI088_c_cb2533728delay_usEj)
    [local to BMI088_c]::delay_us(unsigned)  0x08003bbd   Thumb Code    34  bmi088.o(i._ZN29_INTERNAL_8_BMI088_c_cb2533728delay_usEj)
    i._ZN30_INTERNAL_9_ADCtest_c_a9b4e7c218ADCx_get_CHx_valueEP17ADC_HandleTypeDefj 0x08003be8   Section        0  adctest.o(i._ZN30_INTERNAL_9_ADCtest_c_a9b4e7c218ADCx_get_CHx_valueEP17ADC_HandleTypeDefj)
    [local to ADCtest_c]::ADCx_get_CHx_value(ADC_HandleTypeDef*, unsigned) 0x08003be9   Thumb Code    54  adctest.o(i._ZN30_INTERNAL_9_ADCtest_c_a9b4e7c218ADCx_get_CHx_valueEP17ADC_HandleTypeDefj)
    i._ZN30_INTERNAL_9_ist8310_c_e73d23728delay_usEj 0x08003c20   Section        0  ist8310.o(i._ZN30_INTERNAL_9_ist8310_c_e73d23728delay_usEj)
    [local to ist8310_c]::delay_us(unsigned) 0x08003c21   Thumb Code    34  ist8310.o(i._ZN30_INTERNAL_9_ist8310_c_e73d23728delay_usEj)
    i._ZN41_INTERNAL_19_stm32f4xx_hal_adc_c_52ef8f508ADC_InitEP17ADC_HandleTypeDef 0x08003c4c   Section        0  stm32f4xx_hal_adc.o(i._ZN41_INTERNAL_19_stm32f4xx_hal_adc_c_52ef8f508ADC_InitEP17ADC_HandleTypeDef)
    [local to stm32f4xx_hal_adc_c]::ADC_Init(ADC_HandleTypeDef*) 0x08003c4d   Thumb Code   284  stm32f4xx_hal_adc.o(i._ZN41_INTERNAL_19_stm32f4xx_hal_adc_c_52ef8f508ADC_InitEP17ADC_HandleTypeDef)
    i._ZN41_INTERNAL_19_stm32f4xx_hal_dma_c_c25f65ec18DMA_CheckFifoParamEP19__DMA_HandleTypeDef 0x08003d74   Section        0  stm32f4xx_hal_dma.o(i._ZN41_INTERNAL_19_stm32f4xx_hal_dma_c_c25f65ec18DMA_CheckFifoParamEP19__DMA_HandleTypeDef)
    [local to stm32f4xx_hal_dma_c]::DMA_CheckFifoParam(__DMA_HandleTypeDef*) 0x08003d75   Thumb Code    84  stm32f4xx_hal_dma.o(i._ZN41_INTERNAL_19_stm32f4xx_hal_dma_c_c25f65ec18DMA_CheckFifoParamEP19__DMA_HandleTypeDef)
    i._ZN41_INTERNAL_19_stm32f4xx_hal_dma_c_c25f65ec23DMA_CalcBaseAndBitshiftEP19__DMA_HandleTypeDef 0x08003dc8   Section        0  stm32f4xx_hal_dma.o(i._ZN41_INTERNAL_19_stm32f4xx_hal_dma_c_c25f65ec23DMA_CalcBaseAndBitshiftEP19__DMA_HandleTypeDef)
    [local to stm32f4xx_hal_dma_c]::DMA_CalcBaseAndBitshift(__DMA_HandleTypeDef*) 0x08003dc9   Thumb Code    34  stm32f4xx_hal_dma.o(i._ZN41_INTERNAL_19_stm32f4xx_hal_dma_c_c25f65ec23DMA_CalcBaseAndBitshiftEP19__DMA_HandleTypeDef)
    i._ZN41_INTERNAL_19_stm32f4xx_hal_i2c_c_0eb271f421I2C_RequestMemoryReadEP17I2C_HandleTypeDeftttjj 0x08003df0   Section        0  stm32f4xx_hal_i2c.o(i._ZN41_INTERNAL_19_stm32f4xx_hal_i2c_c_0eb271f421I2C_RequestMemoryReadEP17I2C_HandleTypeDeftttjj)
    [local to stm32f4xx_hal_i2c_c]::I2C_RequestMemoryRead(I2C_HandleTypeDef*, unsigned short, unsigned short, unsigned short, unsigned, unsigned) 0x08003df1   Thumb Code   246  stm32f4xx_hal_i2c.o(i._ZN41_INTERNAL_19_stm32f4xx_hal_i2c_c_0eb271f421I2C_RequestMemoryReadEP17I2C_HandleTypeDeftttjj)
    i._ZN41_INTERNAL_19_stm32f4xx_hal_i2c_c_0eb271f422I2C_RequestMemoryWriteEP17I2C_HandleTypeDeftttjj 0x08003eec   Section        0  stm32f4xx_hal_i2c.o(i._ZN41_INTERNAL_19_stm32f4xx_hal_i2c_c_0eb271f422I2C_RequestMemoryWriteEP17I2C_HandleTypeDeftttjj)
    [local to stm32f4xx_hal_i2c_c]::I2C_RequestMemoryWrite(I2C_HandleTypeDef*, unsigned short, unsigned short, unsigned short, unsigned, unsigned) 0x08003eed   Thumb Code   162  stm32f4xx_hal_i2c.o(i._ZN41_INTERNAL_19_stm32f4xx_hal_i2c_c_0eb271f422I2C_RequestMemoryWriteEP17I2C_HandleTypeDeftttjj)
    i._ZN41_INTERNAL_19_stm32f4xx_hal_i2c_c_0eb271f423I2C_IsAcknowledgeFailedEP17I2C_HandleTypeDef 0x08003f94   Section        0  stm32f4xx_hal_i2c.o(i._ZN41_INTERNAL_19_stm32f4xx_hal_i2c_c_0eb271f423I2C_IsAcknowledgeFailedEP17I2C_HandleTypeDef)
    [local to stm32f4xx_hal_i2c_c]::I2C_IsAcknowledgeFailed(I2C_HandleTypeDef*) 0x08003f95   Thumb Code    46  stm32f4xx_hal_i2c.o(i._ZN41_INTERNAL_19_stm32f4xx_hal_i2c_c_0eb271f423I2C_IsAcknowledgeFailedEP17I2C_HandleTypeDef)
    i._ZN41_INTERNAL_19_stm32f4xx_hal_i2c_c_0eb271f426I2C_WaitOnFlagUntilTimeoutEP17I2C_HandleTypeDefj10FlagStatusjj 0x08003fc2   Section        0  stm32f4xx_hal_i2c.o(i._ZN41_INTERNAL_19_stm32f4xx_hal_i2c_c_0eb271f426I2C_WaitOnFlagUntilTimeoutEP17I2C_HandleTypeDefj10FlagStatusjj)
    [local to stm32f4xx_hal_i2c_c]::I2C_WaitOnFlagUntilTimeout(I2C_HandleTypeDef*, unsigned, FlagStatus, unsigned, unsigned) 0x08003fc3   Thumb Code   104  stm32f4xx_hal_i2c.o(i._ZN41_INTERNAL_19_stm32f4xx_hal_i2c_c_0eb271f426I2C_WaitOnFlagUntilTimeoutEP17I2C_HandleTypeDefj10FlagStatusjj)
    i._ZN41_INTERNAL_19_stm32f4xx_hal_i2c_c_0eb271f429I2C_WaitOnBTFFlagUntilTimeoutEP17I2C_HandleTypeDefjj 0x0800402a   Section        0  stm32f4xx_hal_i2c.o(i._ZN41_INTERNAL_19_stm32f4xx_hal_i2c_c_0eb271f429I2C_WaitOnBTFFlagUntilTimeoutEP17I2C_HandleTypeDefjj)
    [local to stm32f4xx_hal_i2c_c]::I2C_WaitOnBTFFlagUntilTimeout(I2C_HandleTypeDef*, unsigned, unsigned) 0x0800402b   Thumb Code    76  stm32f4xx_hal_i2c.o(i._ZN41_INTERNAL_19_stm32f4xx_hal_i2c_c_0eb271f429I2C_WaitOnBTFFlagUntilTimeoutEP17I2C_HandleTypeDefjj)
    i._ZN41_INTERNAL_19_stm32f4xx_hal_i2c_c_0eb271f429I2C_WaitOnTXEFlagUntilTimeoutEP17I2C_HandleTypeDefjj 0x08004076   Section        0  stm32f4xx_hal_i2c.o(i._ZN41_INTERNAL_19_stm32f4xx_hal_i2c_c_0eb271f429I2C_WaitOnTXEFlagUntilTimeoutEP17I2C_HandleTypeDefjj)
    [local to stm32f4xx_hal_i2c_c]::I2C_WaitOnTXEFlagUntilTimeout(I2C_HandleTypeDef*, unsigned, unsigned) 0x08004077   Thumb Code    76  stm32f4xx_hal_i2c.o(i._ZN41_INTERNAL_19_stm32f4xx_hal_i2c_c_0eb271f429I2C_WaitOnTXEFlagUntilTimeoutEP17I2C_HandleTypeDefjj)
    i._ZN41_INTERNAL_19_stm32f4xx_hal_i2c_c_0eb271f430I2C_WaitOnRXNEFlagUntilTimeoutEP17I2C_HandleTypeDefjj 0x080040c2   Section        0  stm32f4xx_hal_i2c.o(i._ZN41_INTERNAL_19_stm32f4xx_hal_i2c_c_0eb271f430I2C_WaitOnRXNEFlagUntilTimeoutEP17I2C_HandleTypeDefjj)
    [local to stm32f4xx_hal_i2c_c]::I2C_WaitOnRXNEFlagUntilTimeout(I2C_HandleTypeDef*, unsigned, unsigned) 0x080040c3   Thumb Code   102  stm32f4xx_hal_i2c.o(i._ZN41_INTERNAL_19_stm32f4xx_hal_i2c_c_0eb271f430I2C_WaitOnRXNEFlagUntilTimeoutEP17I2C_HandleTypeDefjj)
    i._ZN41_INTERNAL_19_stm32f4xx_hal_i2c_c_0eb271f439I2C_WaitOnMasterAddressFlagUntilTimeoutEP17I2C_HandleTypeDefjjj 0x08004128   Section        0  stm32f4xx_hal_i2c.o(i._ZN41_INTERNAL_19_stm32f4xx_hal_i2c_c_0eb271f439I2C_WaitOnMasterAddressFlagUntilTimeoutEP17I2C_HandleTypeDefjjj)
    [local to stm32f4xx_hal_i2c_c]::I2C_WaitOnMasterAddressFlagUntilTimeout(I2C_HandleTypeDef*, unsigned, unsigned, unsigned) 0x08004129   Thumb Code   150  stm32f4xx_hal_i2c.o(i._ZN41_INTERNAL_19_stm32f4xx_hal_i2c_c_0eb271f439I2C_WaitOnMasterAddressFlagUntilTimeoutEP17I2C_HandleTypeDefjjj)
    i._ZN41_INTERNAL_19_stm32f4xx_hal_spi_c_5e7b22bd22SPI_EndRxTxTransactionEP19__SPI_HandleTypeDefjj 0x080041c0   Section        0  stm32f4xx_hal_spi.o(i._ZN41_INTERNAL_19_stm32f4xx_hal_spi_c_5e7b22bd22SPI_EndRxTxTransactionEP19__SPI_HandleTypeDefjj)
    [local to stm32f4xx_hal_spi_c]::SPI_EndRxTxTransaction(__SPI_HandleTypeDef*, unsigned, unsigned) 0x080041c1   Thumb Code    80  stm32f4xx_hal_spi.o(i._ZN41_INTERNAL_19_stm32f4xx_hal_spi_c_5e7b22bd22SPI_EndRxTxTransactionEP19__SPI_HandleTypeDefjj)
    i._ZN41_INTERNAL_19_stm32f4xx_hal_spi_c_5e7b22bd29SPI_WaitFlagStateUntilTimeoutEP19__SPI_HandleTypeDefj10FlagStatusjj 0x08004218   Section        0  stm32f4xx_hal_spi.o(i._ZN41_INTERNAL_19_stm32f4xx_hal_spi_c_5e7b22bd29SPI_WaitFlagStateUntilTimeoutEP19__SPI_HandleTypeDefj10FlagStatusjj)
    [local to stm32f4xx_hal_spi_c]::SPI_WaitFlagStateUntilTimeout(__SPI_HandleTypeDef*, unsigned, FlagStatus, unsigned, unsigned) 0x08004219   Thumb Code   180  stm32f4xx_hal_spi.o(i._ZN41_INTERNAL_19_stm32f4xx_hal_spi_c_5e7b22bd29SPI_WaitFlagStateUntilTimeoutEP19__SPI_HandleTypeDefj10FlagStatusjj)
    i._ZN41_INTERNAL_19_stm32f4xx_hal_tim_c_a9d95b5217TIM_OC1_SetConfigEP11TIM_TypeDefP18TIM_OC_InitTypeDef 0x080042d0   Section        0  stm32f4xx_hal_tim.o(i._ZN41_INTERNAL_19_stm32f4xx_hal_tim_c_a9d95b5217TIM_OC1_SetConfigEP11TIM_TypeDefP18TIM_OC_InitTypeDef)
    [local to stm32f4xx_hal_tim_c]::TIM_OC1_SetConfig(TIM_TypeDef*, TIM_OC_InitTypeDef*) 0x080042d1   Thumb Code    88  stm32f4xx_hal_tim.o(i._ZN41_INTERNAL_19_stm32f4xx_hal_tim_c_a9d95b5217TIM_OC1_SetConfigEP11TIM_TypeDefP18TIM_OC_InitTypeDef)
    i._ZN41_INTERNAL_19_stm32f4xx_hal_tim_c_a9d95b5217TIM_OC3_SetConfigEP11TIM_TypeDefP18TIM_OC_InitTypeDef 0x08004330   Section        0  stm32f4xx_hal_tim.o(i._ZN41_INTERNAL_19_stm32f4xx_hal_tim_c_a9d95b5217TIM_OC3_SetConfigEP11TIM_TypeDefP18TIM_OC_InitTypeDef)
    [local to stm32f4xx_hal_tim_c]::TIM_OC3_SetConfig(TIM_TypeDef*, TIM_OC_InitTypeDef*) 0x08004331   Thumb Code    96  stm32f4xx_hal_tim.o(i._ZN41_INTERNAL_19_stm32f4xx_hal_tim_c_a9d95b5217TIM_OC3_SetConfigEP11TIM_TypeDefP18TIM_OC_InitTypeDef)
    i._ZN41_INTERNAL_19_stm32f4xx_hal_tim_c_a9d95b5217TIM_OC4_SetConfigEP11TIM_TypeDefP18TIM_OC_InitTypeDef 0x08004398   Section        0  stm32f4xx_hal_tim.o(i._ZN41_INTERNAL_19_stm32f4xx_hal_tim_c_a9d95b5217TIM_OC4_SetConfigEP11TIM_TypeDefP18TIM_OC_InitTypeDef)
    [local to stm32f4xx_hal_tim_c]::TIM_OC4_SetConfig(TIM_TypeDef*, TIM_OC_InitTypeDef*) 0x08004399   Thumb Code    70  stm32f4xx_hal_tim.o(i._ZN41_INTERNAL_19_stm32f4xx_hal_tim_c_a9d95b5217TIM_OC4_SetConfigEP11TIM_TypeDefP18TIM_OC_InitTypeDef)
    i._ZN44_INTERNAL_22_stm32f4xx_hal_cortex_c_2992dbc018__NVIC_SetPriorityE9IRQn_Typej 0x080043e8   Section        0  stm32f4xx_hal_cortex.o(i._ZN44_INTERNAL_22_stm32f4xx_hal_cortex_c_2992dbc018__NVIC_SetPriorityE9IRQn_Typej)
    [local to stm32f4xx_hal_cortex_c]::__NVIC_SetPriority(IRQn_Type, unsigned) 0x080043e9   Thumb Code    32  stm32f4xx_hal_cortex.o(i._ZN44_INTERNAL_22_stm32f4xx_hal_cortex_c_2992dbc018__NVIC_SetPriorityE9IRQn_Typej)
    i.main                                   0x08004408   Section        0  main.o(i.main)
    x$fpl$fpinit                             0x0800443a   Section       10  fpinit.o(x$fpl$fpinit)
    $v0                                      0x0800443a   Number         0  fpinit.o(x$fpl$fpinit)
    .constdata                               0x08004444   Section        8  stm32f4xx_hal_dma.o(.constdata)
    [local to stm32f4xx_hal_dma_c]::DMA_CalcBaseAndBitshift(__DMA_HandleTypeDef*)::flagBitshiftOffset 0x08004444   Data           8  stm32f4xx_hal_dma.o(.constdata)
    .constdata                               0x0800444c   Section       16  system_stm32f4xx.o(.constdata)
    .constdata                               0x0800445c   Section        8  system_stm32f4xx.o(.constdata)
    .constdata                               0x08004464   Section       12  ist8310.o(.constdata)
    ist8310_write_reg_data_error             0x08004464   Data          12  ist8310.o(.constdata)
    .constdata                               0x08004470   Section     6632  i2c_oled.o(.constdata)
    asc2_0806                                0x08004470   Data         552  i2c_oled.o(.constdata)
    asc2_1206                                0x08004698   Data        1140  i2c_oled.o(.constdata)
    asc2_1608                                0x08004b0c   Data        1520  i2c_oled.o(.constdata)
    asc2_2412                                0x080050fc   Data        3420  i2c_oled.o(.constdata)
    .data                                    0x20000000   Section       12  stm32f4xx_hal.o(.data)
    .data                                    0x2000000c   Section        4  system_stm32f4xx.o(.data)
    .data                                    0x20000010   Section       20  ist8310.o(.data)
    .data                                    0x20000024   Section       36  ps2.o(.data)
    CLK                                      0x20000028   Data           8  ps2.o(.data)
    CS                                       0x20000030   Data           8  ps2.o(.data)
    CMD                                      0x20000038   Data           8  ps2.o(.data)
    DAT                                      0x20000040   Data           8  ps2.o(.data)
    .data                                    0x20000048   Section        4  i2c_oled.o(.data)
    .data                                    0x2000004c   Section       36  bmi088.o(.data)
    write_BMI088_accel_reg_data_error        0x2000004c   Data          18  bmi088.o(.data)
    write_BMI088_gyro_reg_data_error         0x2000005e   Data          18  bmi088.o(.data)
    .data                                    0x20000070   Section        4  adctest.o(.data)
    .data                                    0x20000074   Section       16  maincpp.o(.data)
    .bss                                     0x20000084   Section      144  adc.o(.bss)
    .bss                                     0x20000114   Section       40  can.o(.bss)
    .bss                                     0x2000013c   Section      168  i2c.o(.bss)
    .bss                                     0x200001e4   Section      280  spi.o(.bss)
    .bss                                     0x200002fc   Section       72  tim.o(.bss)
    .bss                                     0x20000344   Section       12  ist8310.o(.bss)
    .bss                                     0x20000350   Section       18  ps2.o(.bss)
    .bss                                     0x20000362   Section     1152  i2c_oled.o(.bss)
    .bss                                     0x200007e4   Section       24  maincpp.o(.bss)
    .bss                                     0x200007fc   Section       96  libspace.o(.bss)
    HEAP                                     0x20000860   Section      512  startup_stm32f407xx.o(HEAP)
    Heap_Mem                                 0x20000860   Data         512  startup_stm32f407xx.o(HEAP)
    STACK                                    0x20000a60   Section     1024  startup_stm32f407xx.o(STACK)
    Stack_Mem                                0x20000a60   Data        1024  startup_stm32f407xx.o(STACK)
    __initial_sp                             0x20000e60   Data           0  startup_stm32f407xx.o(STACK)

    Global Symbols

    Symbol Name                              Value     Ov Type        Size  Object(Section)

    BuildAttributes$$THM_ISAv4$E$P$D$K$B$S$7EM$VFPi3$EXTD16$VFPS$VFMA$PE$A:L22UL41UL21$X:L11$S22US41US21$IEEE1$IW$USESV6$~STKCKD$USESV7$~SHL$OSPACE$ROPI$EBA8$UX$STANDARDLIB$REQ8$PRES8$EABIv2 0x00000000   Number         0  anon$$obj.o ABSOLUTE
    __ARM_use_no_argv                        0x00000000   Number         0  main.o ABSOLUTE
    __ARM_exceptions_init                     - Undefined Weak Reference
    __alloca_initialize                       - Undefined Weak Reference
    __arm_fini_                               - Undefined Weak Reference
    __arm_preinit_                            - Undefined Weak Reference
    __cpp_initialize__aeabi_                  - Undefined Weak Reference
    __cxa_finalize                            - Undefined Weak Reference
    __rt_locale                               - Undefined Weak Reference
    __sigvec_lookup                           - Undefined Weak Reference
    _atexit_init                              - Undefined Weak Reference
    _call_atexit_fns                          - Undefined Weak Reference
    _clock_init                               - Undefined Weak Reference
    _fp_trap_init                             - Undefined Weak Reference
    _fp_trap_shutdown                         - Undefined Weak Reference
    _get_lc_collate                           - Undefined Weak Reference
    _get_lc_ctype                             - Undefined Weak Reference
    _get_lc_monetary                          - Undefined Weak Reference
    _get_lc_numeric                           - Undefined Weak Reference
    _get_lc_time                              - Undefined Weak Reference
    _getenv_init                              - Undefined Weak Reference
    _handle_redirection                       - Undefined Weak Reference
    _init_alloc                               - Undefined Weak Reference
    _init_user_alloc                          - Undefined Weak Reference
    _initio                                   - Undefined Weak Reference
    _rand_init                                - Undefined Weak Reference
    _signal_finish                            - Undefined Weak Reference
    _signal_init                              - Undefined Weak Reference
    _terminate_alloc                          - Undefined Weak Reference
    _terminate_user_alloc                     - Undefined Weak Reference
    _terminateio                              - Undefined Weak Reference
    __Vectors_Size                           0x00000188   Number         0  startup_stm32f407xx.o ABSOLUTE
    __Vectors                                0x08000000   Data           4  startup_stm32f407xx.o(RESET)
    __Vectors_End                            0x08000188   Data           0  startup_stm32f407xx.o(RESET)
    __main                                   0x08000189   Thumb Code     8  __main.o(!!!main)
    __scatterload                            0x08000191   Thumb Code     0  __scatter.o(!!!scatter)
    __scatterload_rt2                        0x08000191   Thumb Code    44  __scatter.o(!!!scatter)
    __scatterload_rt2_thumb_only             0x08000191   Thumb Code     0  __scatter.o(!!!scatter)
    __scatterload_null                       0x0800019f   Thumb Code     0  __scatter.o(!!!scatter)
    __scatterload_copy                       0x080001c5   Thumb Code    26  __scatter_copy.o(!!handler_copy)
    __scatterload_zeroinit                   0x080001e1   Thumb Code    28  __scatter_zi.o(!!handler_zi)
    __rt_lib_init                            0x080001fd   Thumb Code     0  libinit.o(.ARM.Collect$$libinit$$00000000)
    __rt_lib_init_fp_1                       0x080001ff   Thumb Code     0  libinit2.o(.ARM.Collect$$libinit$$00000001)
    __rt_lib_init_alloca_1                   0x08000203   Thumb Code     0  libinit2.o(.ARM.Collect$$libinit$$0000002E)
    __rt_lib_init_argv_1                     0x08000203   Thumb Code     0  libinit2.o(.ARM.Collect$$libinit$$0000002C)
    __rt_lib_init_atexit_1                   0x08000203   Thumb Code     0  libinit2.o(.ARM.Collect$$libinit$$0000001B)
    __rt_lib_init_clock_1                    0x08000203   Thumb Code     0  libinit2.o(.ARM.Collect$$libinit$$00000021)
    __rt_lib_init_cpp_1                      0x08000203   Thumb Code     0  libinit2.o(.ARM.Collect$$libinit$$00000032)
    __rt_lib_init_exceptions_1               0x08000203   Thumb Code     0  libinit2.o(.ARM.Collect$$libinit$$00000030)
    __rt_lib_init_fp_trap_1                  0x08000203   Thumb Code     0  libinit2.o(.ARM.Collect$$libinit$$0000001F)
    __rt_lib_init_getenv_1                   0x08000203   Thumb Code     0  libinit2.o(.ARM.Collect$$libinit$$00000023)
    __rt_lib_init_heap_1                     0x08000203   Thumb Code     0  libinit2.o(.ARM.Collect$$libinit$$0000000A)
    __rt_lib_init_lc_collate_1               0x08000203   Thumb Code     0  libinit2.o(.ARM.Collect$$libinit$$00000011)
    __rt_lib_init_lc_ctype_1                 0x08000203   Thumb Code     0  libinit2.o(.ARM.Collect$$libinit$$00000013)
    __rt_lib_init_lc_monetary_1              0x08000203   Thumb Code     0  libinit2.o(.ARM.Collect$$libinit$$00000015)
    __rt_lib_init_lc_numeric_1               0x08000203   Thumb Code     0  libinit2.o(.ARM.Collect$$libinit$$00000017)
    __rt_lib_init_lc_time_1                  0x08000203   Thumb Code     0  libinit2.o(.ARM.Collect$$libinit$$00000019)
    __rt_lib_init_preinit_1                  0x08000203   Thumb Code     0  libinit2.o(.ARM.Collect$$libinit$$00000004)
    __rt_lib_init_rand_1                     0x08000203   Thumb Code     0  libinit2.o(.ARM.Collect$$libinit$$0000000E)
    __rt_lib_init_return                     0x08000203   Thumb Code     0  libinit2.o(.ARM.Collect$$libinit$$00000033)
    __rt_lib_init_signal_1                   0x08000203   Thumb Code     0  libinit2.o(.ARM.Collect$$libinit$$0000001D)
    __rt_lib_init_stdio_1                    0x08000203   Thumb Code     0  libinit2.o(.ARM.Collect$$libinit$$00000025)
    __rt_lib_init_user_alloc_1               0x08000203   Thumb Code     0  libinit2.o(.ARM.Collect$$libinit$$0000000C)
    __rt_lib_shutdown                        0x08000205   Thumb Code     0  libshutdown.o(.ARM.Collect$$libshutdown$$00000000)
    __rt_lib_shutdown_cpp_1                  0x08000207   Thumb Code     0  libshutdown2.o(.ARM.Collect$$libshutdown$$00000004)
    __rt_lib_shutdown_fini_1                 0x08000207   Thumb Code     0  libshutdown2.o(.ARM.Collect$$libshutdown$$00000002)
    __rt_lib_shutdown_fp_trap_1              0x08000207   Thumb Code     0  libshutdown2.o(.ARM.Collect$$libshutdown$$00000009)
    __rt_lib_shutdown_heap_1                 0x08000207   Thumb Code     0  libshutdown2.o(.ARM.Collect$$libshutdown$$00000011)
    __rt_lib_shutdown_return                 0x08000207   Thumb Code     0  libshutdown2.o(.ARM.Collect$$libshutdown$$00000012)
    __rt_lib_shutdown_signal_1               0x08000207   Thumb Code     0  libshutdown2.o(.ARM.Collect$$libshutdown$$0000000C)
    __rt_lib_shutdown_stdio_1                0x08000207   Thumb Code     0  libshutdown2.o(.ARM.Collect$$libshutdown$$00000006)
    __rt_lib_shutdown_user_alloc_1           0x08000207   Thumb Code     0  libshutdown2.o(.ARM.Collect$$libshutdown$$0000000E)
    __rt_entry                               0x08000209   Thumb Code     0  __rtentry.o(.ARM.Collect$$rtentry$$00000000)
    __rt_entry_presh_1                       0x08000209   Thumb Code     0  __rtentry2.o(.ARM.Collect$$rtentry$$00000002)
    __rt_entry_sh                            0x08000209   Thumb Code     0  __rtentry4.o(.ARM.Collect$$rtentry$$00000004)
    __rt_entry_li                            0x0800020f   Thumb Code     0  __rtentry2.o(.ARM.Collect$$rtentry$$0000000A)
    __rt_entry_postsh_1                      0x0800020f   Thumb Code     0  __rtentry2.o(.ARM.Collect$$rtentry$$00000009)
    __rt_entry_main                          0x08000213   Thumb Code     0  __rtentry2.o(.ARM.Collect$$rtentry$$0000000D)
    __rt_entry_postli_1                      0x08000213   Thumb Code     0  __rtentry2.o(.ARM.Collect$$rtentry$$0000000C)
    __rt_exit                                0x0800021b   Thumb Code     0  rtexit.o(.ARM.Collect$$rtexit$$00000000)
    __rt_exit_ls                             0x0800021d   Thumb Code     0  rtexit2.o(.ARM.Collect$$rtexit$$00000003)
    __rt_exit_prels_1                        0x0800021d   Thumb Code     0  rtexit2.o(.ARM.Collect$$rtexit$$00000002)
    __rt_exit_exit                           0x08000221   Thumb Code     0  rtexit2.o(.ARM.Collect$$rtexit$$00000004)
    Reset_Handler                            0x08000229   Thumb Code     8  startup_stm32f407xx.o(.text)
    ADC_IRQHandler                           0x08000243   Thumb Code     0  startup_stm32f407xx.o(.text)
    CAN1_SCE_IRQHandler                      0x08000243   Thumb Code     0  startup_stm32f407xx.o(.text)
    CAN1_TX_IRQHandler                       0x08000243   Thumb Code     0  startup_stm32f407xx.o(.text)
    CAN2_RX0_IRQHandler                      0x08000243   Thumb Code     0  startup_stm32f407xx.o(.text)
    CAN2_RX1_IRQHandler                      0x08000243   Thumb Code     0  startup_stm32f407xx.o(.text)
    CAN2_SCE_IRQHandler                      0x08000243   Thumb Code     0  startup_stm32f407xx.o(.text)
    CAN2_TX_IRQHandler                       0x08000243   Thumb Code     0  startup_stm32f407xx.o(.text)
    DCMI_IRQHandler                          0x08000243   Thumb Code     0  startup_stm32f407xx.o(.text)
    DMA1_Stream0_IRQHandler                  0x08000243   Thumb Code     0  startup_stm32f407xx.o(.text)
    DMA1_Stream1_IRQHandler                  0x08000243   Thumb Code     0  startup_stm32f407xx.o(.text)
    DMA1_Stream2_IRQHandler                  0x08000243   Thumb Code     0  startup_stm32f407xx.o(.text)
    DMA1_Stream3_IRQHandler                  0x08000243   Thumb Code     0  startup_stm32f407xx.o(.text)
    DMA1_Stream4_IRQHandler                  0x08000243   Thumb Code     0  startup_stm32f407xx.o(.text)
    DMA1_Stream5_IRQHandler                  0x08000243   Thumb Code     0  startup_stm32f407xx.o(.text)
    DMA1_Stream6_IRQHandler                  0x08000243   Thumb Code     0  startup_stm32f407xx.o(.text)
    DMA1_Stream7_IRQHandler                  0x08000243   Thumb Code     0  startup_stm32f407xx.o(.text)
    DMA2_Stream0_IRQHandler                  0x08000243   Thumb Code     0  startup_stm32f407xx.o(.text)
    DMA2_Stream1_IRQHandler                  0x08000243   Thumb Code     0  startup_stm32f407xx.o(.text)
    DMA2_Stream4_IRQHandler                  0x08000243   Thumb Code     0  startup_stm32f407xx.o(.text)
    DMA2_Stream5_IRQHandler                  0x08000243   Thumb Code     0  startup_stm32f407xx.o(.text)
    DMA2_Stream6_IRQHandler                  0x08000243   Thumb Code     0  startup_stm32f407xx.o(.text)
    DMA2_Stream7_IRQHandler                  0x08000243   Thumb Code     0  startup_stm32f407xx.o(.text)
    ETH_IRQHandler                           0x08000243   Thumb Code     0  startup_stm32f407xx.o(.text)
    ETH_WKUP_IRQHandler                      0x08000243   Thumb Code     0  startup_stm32f407xx.o(.text)
    EXTI0_IRQHandler                         0x08000243   Thumb Code     0  startup_stm32f407xx.o(.text)
    EXTI15_10_IRQHandler                     0x08000243   Thumb Code     0  startup_stm32f407xx.o(.text)
    EXTI1_IRQHandler                         0x08000243   Thumb Code     0  startup_stm32f407xx.o(.text)
    EXTI2_IRQHandler                         0x08000243   Thumb Code     0  startup_stm32f407xx.o(.text)
    EXTI4_IRQHandler                         0x08000243   Thumb Code     0  startup_stm32f407xx.o(.text)
    EXTI9_5_IRQHandler                       0x08000243   Thumb Code     0  startup_stm32f407xx.o(.text)
    FLASH_IRQHandler                         0x08000243   Thumb Code     0  startup_stm32f407xx.o(.text)
    FMC_IRQHandler                           0x08000243   Thumb Code     0  startup_stm32f407xx.o(.text)
    FPU_IRQHandler                           0x08000243   Thumb Code     0  startup_stm32f407xx.o(.text)
    HASH_RNG_IRQHandler                      0x08000243   Thumb Code     0  startup_stm32f407xx.o(.text)
    I2C1_ER_IRQHandler                       0x08000243   Thumb Code     0  startup_stm32f407xx.o(.text)
    I2C1_EV_IRQHandler                       0x08000243   Thumb Code     0  startup_stm32f407xx.o(.text)
    I2C2_ER_IRQHandler                       0x08000243   Thumb Code     0  startup_stm32f407xx.o(.text)
    I2C2_EV_IRQHandler                       0x08000243   Thumb Code     0  startup_stm32f407xx.o(.text)
    I2C3_ER_IRQHandler                       0x08000243   Thumb Code     0  startup_stm32f407xx.o(.text)
    I2C3_EV_IRQHandler                       0x08000243   Thumb Code     0  startup_stm32f407xx.o(.text)
    OTG_FS_IRQHandler                        0x08000243   Thumb Code     0  startup_stm32f407xx.o(.text)
    OTG_FS_WKUP_IRQHandler                   0x08000243   Thumb Code     0  startup_stm32f407xx.o(.text)
    OTG_HS_EP1_IN_IRQHandler                 0x08000243   Thumb Code     0  startup_stm32f407xx.o(.text)
    OTG_HS_EP1_OUT_IRQHandler                0x08000243   Thumb Code     0  startup_stm32f407xx.o(.text)
    OTG_HS_IRQHandler                        0x08000243   Thumb Code     0  startup_stm32f407xx.o(.text)
    OTG_HS_WKUP_IRQHandler                   0x08000243   Thumb Code     0  startup_stm32f407xx.o(.text)
    PVD_IRQHandler                           0x08000243   Thumb Code     0  startup_stm32f407xx.o(.text)
    RCC_IRQHandler                           0x08000243   Thumb Code     0  startup_stm32f407xx.o(.text)
    RTC_Alarm_IRQHandler                     0x08000243   Thumb Code     0  startup_stm32f407xx.o(.text)
    RTC_WKUP_IRQHandler                      0x08000243   Thumb Code     0  startup_stm32f407xx.o(.text)
    SDIO_IRQHandler                          0x08000243   Thumb Code     0  startup_stm32f407xx.o(.text)
    SPI1_IRQHandler                          0x08000243   Thumb Code     0  startup_stm32f407xx.o(.text)
    SPI2_IRQHandler                          0x08000243   Thumb Code     0  startup_stm32f407xx.o(.text)
    SPI3_IRQHandler                          0x08000243   Thumb Code     0  startup_stm32f407xx.o(.text)
    TAMP_STAMP_IRQHandler                    0x08000243   Thumb Code     0  startup_stm32f407xx.o(.text)
    TIM1_BRK_TIM9_IRQHandler                 0x08000243   Thumb Code     0  startup_stm32f407xx.o(.text)
    TIM1_CC_IRQHandler                       0x08000243   Thumb Code     0  startup_stm32f407xx.o(.text)
    TIM1_TRG_COM_TIM11_IRQHandler            0x08000243   Thumb Code     0  startup_stm32f407xx.o(.text)
    TIM1_UP_TIM10_IRQHandler                 0x08000243   Thumb Code     0  startup_stm32f407xx.o(.text)
    TIM2_IRQHandler                          0x08000243   Thumb Code     0  startup_stm32f407xx.o(.text)
    TIM3_IRQHandler                          0x08000243   Thumb Code     0  startup_stm32f407xx.o(.text)
    TIM4_IRQHandler                          0x08000243   Thumb Code     0  startup_stm32f407xx.o(.text)
    TIM5_IRQHandler                          0x08000243   Thumb Code     0  startup_stm32f407xx.o(.text)
    TIM6_DAC_IRQHandler                      0x08000243   Thumb Code     0  startup_stm32f407xx.o(.text)
    TIM7_IRQHandler                          0x08000243   Thumb Code     0  startup_stm32f407xx.o(.text)
    TIM8_BRK_TIM12_IRQHandler                0x08000243   Thumb Code     0  startup_stm32f407xx.o(.text)
    TIM8_CC_IRQHandler                       0x08000243   Thumb Code     0  startup_stm32f407xx.o(.text)
    TIM8_TRG_COM_TIM14_IRQHandler            0x08000243   Thumb Code     0  startup_stm32f407xx.o(.text)
    TIM8_UP_TIM13_IRQHandler                 0x08000243   Thumb Code     0  startup_stm32f407xx.o(.text)
    UART4_IRQHandler                         0x08000243   Thumb Code     0  startup_stm32f407xx.o(.text)
    UART5_IRQHandler                         0x08000243   Thumb Code     0  startup_stm32f407xx.o(.text)
    USART1_IRQHandler                        0x08000243   Thumb Code     0  startup_stm32f407xx.o(.text)
    USART2_IRQHandler                        0x08000243   Thumb Code     0  startup_stm32f407xx.o(.text)
    USART3_IRQHandler                        0x08000243   Thumb Code     0  startup_stm32f407xx.o(.text)
    USART6_IRQHandler                        0x08000243   Thumb Code     0  startup_stm32f407xx.o(.text)
    WWDG_IRQHandler                          0x08000243   Thumb Code     0  startup_stm32f407xx.o(.text)
    __user_initial_stackheap                 0x08000245   Thumb Code     0  startup_stm32f407xx.o(.text)
    __aeabi_uldivmod                         0x08000269   Thumb Code     0  lludivv7m.o(.text)
    _ll_udiv                                 0x08000269   Thumb Code   238  lludivv7m.o(.text)
    __aeabi_memclr4                          0x08000357   Thumb Code     0  rt_memclr_w.o(.text)
    __aeabi_memclr8                          0x08000357   Thumb Code     0  rt_memclr_w.o(.text)
    __rt_memclr_w                            0x08000357   Thumb Code    78  rt_memclr_w.o(.text)
    _memset_w                                0x0800035b   Thumb Code     0  rt_memclr_w.o(.text)
    __use_two_region_memory                  0x080003a5   Thumb Code     2  heapauxi.o(.text)
    __rt_heap_escrow$2region                 0x080003a7   Thumb Code     2  heapauxi.o(.text)
    __rt_heap_expand$2region                 0x080003a9   Thumb Code     2  heapauxi.o(.text)
    __user_setup_stackheap                   0x080003ab   Thumb Code    74  sys_stackheap_outer.o(.text)
    exit                                     0x080003f5   Thumb Code    18  exit.o(.text)
    __user_libspace                          0x08000409   Thumb Code     8  libspace.o(.text)
    __user_perproc_libspace                  0x08000409   Thumb Code     0  libspace.o(.text)
    __user_perthread_libspace                0x08000409   Thumb Code     0  libspace.o(.text)
    _sys_exit                                0x08000411   Thumb Code     8  sys_exit.o(.text)
    __I$use$semihosting                      0x0800041d   Thumb Code     0  use_no_semi.o(.text)
    __use_no_semihosting_swi                 0x0800041d   Thumb Code     2  use_no_semi.o(.text)
    BusFault_Handler                         0x0800041f   Thumb Code     2  stm32f4xx_it.o(i.BusFault_Handler)
    __semihosting_library_function           0x0800041f   Thumb Code     0  indicate_semi.o(.text)
    CAN1_RX0_IRQHandler                      0x08000421   Thumb Code     6  stm32f4xx_it.o(i.CAN1_RX0_IRQHandler)
    CAN1_RX1_IRQHandler                      0x0800042d   Thumb Code     6  stm32f4xx_it.o(i.CAN1_RX1_IRQHandler)
    DMA2_Stream2_IRQHandler                  0x08000439   Thumb Code     6  stm32f4xx_it.o(i.DMA2_Stream2_IRQHandler)
    DMA2_Stream3_IRQHandler                  0x08000445   Thumb Code     6  stm32f4xx_it.o(i.DMA2_Stream3_IRQHandler)
    DebugMon_Handler                         0x08000451   Thumb Code     2  stm32f4xx_it.o(i.DebugMon_Handler)
    EXTI3_IRQHandler                         0x08000453   Thumb Code     6  stm32f4xx_it.o(i.EXTI3_IRQHandler)
    Error_Handler                            0x08000459   Thumb Code     4  main.o(i.Error_Handler)
    HAL_ADC_ConfigChannel                    0x0800045d   Thumb Code   316  stm32f4xx_hal_adc.o(i.HAL_ADC_ConfigChannel)
    HAL_ADC_GetValue                         0x080005a9   Thumb Code     6  stm32f4xx_hal_adc.o(i.HAL_ADC_GetValue)
    HAL_ADC_Init                             0x080005af   Thumb Code    84  stm32f4xx_hal_adc.o(i.HAL_ADC_Init)
    HAL_ADC_MspInit                          0x08000605   Thumb Code   108  adc.o(i.HAL_ADC_MspInit)
    HAL_ADC_PollForConversion                0x08000681   Thumb Code   170  stm32f4xx_hal_adc.o(i.HAL_ADC_PollForConversion)
    HAL_ADC_Start                            0x0800072d   Thumb Code   228  stm32f4xx_hal_adc.o(i.HAL_ADC_Start)
    HAL_CAN_AddTxMessage                     0x08000829   Thumb Code   220  stm32f4xx_hal_can.o(i.HAL_CAN_AddTxMessage)
    HAL_CAN_ConfigFilter                     0x08000905   Thumb Code   262  stm32f4xx_hal_can.o(i.HAL_CAN_ConfigFilter)
    HAL_CAN_ErrorCallback                    0x08000a11   Thumb Code     2  stm32f4xx_hal_can.o(i.HAL_CAN_ErrorCallback)
    HAL_CAN_GetRxMessage                     0x08000a13   Thumb Code   232  stm32f4xx_hal_can.o(i.HAL_CAN_GetRxMessage)
    HAL_CAN_IRQHandler                       0x08000afb   Thumb Code   508  stm32f4xx_hal_can.o(i.HAL_CAN_IRQHandler)
    HAL_CAN_Init                             0x08000cf7   Thumb Code   282  stm32f4xx_hal_can.o(i.HAL_CAN_Init)
    HAL_CAN_MspInit                          0x08000e11   Thumb Code   122  can.o(i.HAL_CAN_MspInit)
    HAL_CAN_RxFifo0FullCallback              0x08000e99   Thumb Code     2  stm32f4xx_hal_can.o(i.HAL_CAN_RxFifo0FullCallback)
    HAL_CAN_RxFifo0MsgPendingCallback        0x08000e9d   Thumb Code    78  maincpp.o(i.HAL_CAN_RxFifo0MsgPendingCallback)
    HAL_CAN_RxFifo1FullCallback              0x08000ef5   Thumb Code     2  stm32f4xx_hal_can.o(i.HAL_CAN_RxFifo1FullCallback)
    HAL_CAN_RxFifo1MsgPendingCallback        0x08000ef9   Thumb Code    78  maincpp.o(i.HAL_CAN_RxFifo1MsgPendingCallback)
    HAL_CAN_SleepCallback                    0x08000f51   Thumb Code     2  stm32f4xx_hal_can.o(i.HAL_CAN_SleepCallback)
    HAL_CAN_Start                            0x08000f55   Thumb Code    88  stm32f4xx_hal_can.o(i.HAL_CAN_Start)
    HAL_CAN_TxMailbox0AbortCallback          0x08000fad   Thumb Code     2  stm32f4xx_hal_can.o(i.HAL_CAN_TxMailbox0AbortCallback)
    HAL_CAN_TxMailbox0CompleteCallback       0x08000faf   Thumb Code     2  stm32f4xx_hal_can.o(i.HAL_CAN_TxMailbox0CompleteCallback)
    HAL_CAN_TxMailbox1AbortCallback          0x08000fb1   Thumb Code     2  stm32f4xx_hal_can.o(i.HAL_CAN_TxMailbox1AbortCallback)
    HAL_CAN_TxMailbox1CompleteCallback       0x08000fb3   Thumb Code     2  stm32f4xx_hal_can.o(i.HAL_CAN_TxMailbox1CompleteCallback)
    HAL_CAN_TxMailbox2AbortCallback          0x08000fb5   Thumb Code     2  stm32f4xx_hal_can.o(i.HAL_CAN_TxMailbox2AbortCallback)
    HAL_CAN_TxMailbox2CompleteCallback       0x08000fb7   Thumb Code     2  stm32f4xx_hal_can.o(i.HAL_CAN_TxMailbox2CompleteCallback)
    HAL_CAN_WakeUpFromRxMsgCallback          0x08000fb9   Thumb Code     2  stm32f4xx_hal_can.o(i.HAL_CAN_WakeUpFromRxMsgCallback)
    HAL_DMA_IRQHandler                       0x08000fbd   Thumb Code   412  stm32f4xx_hal_dma.o(i.HAL_DMA_IRQHandler)
    HAL_DMA_Init                             0x0800115d   Thumb Code   206  stm32f4xx_hal_dma.o(i.HAL_DMA_Init)
    HAL_Delay                                0x08001231   Thumb Code    32  stm32f4xx_hal.o(i.HAL_Delay)
    HAL_GPIO_EXTI_Callback                   0x08001255   Thumb Code    20  maincpp.o(i.HAL_GPIO_EXTI_Callback)
    HAL_GPIO_EXTI_IRQHandler                 0x08001271   Thumb Code    18  stm32f4xx_hal_gpio.o(i.HAL_GPIO_EXTI_IRQHandler)
    HAL_GPIO_Init                            0x08001289   Thumb Code   450  stm32f4xx_hal_gpio.o(i.HAL_GPIO_Init)
    HAL_GPIO_ReadPin                         0x08001479   Thumb Code    10  stm32f4xx_hal_gpio.o(i.HAL_GPIO_ReadPin)
    HAL_GPIO_WritePin                        0x08001483   Thumb Code    10  stm32f4xx_hal_gpio.o(i.HAL_GPIO_WritePin)
    HAL_GetTick                              0x0800148d   Thumb Code     6  stm32f4xx_hal.o(i.HAL_GetTick)
    HAL_I2C_Init                             0x08001499   Thumb Code   376  stm32f4xx_hal_i2c.o(i.HAL_I2C_Init)
    HAL_I2C_Mem_Read                         0x08001621   Thumb Code   490  stm32f4xx_hal_i2c.o(i.HAL_I2C_Mem_Read)
    HAL_I2C_Mem_Write                        0x08001819   Thumb Code   294  stm32f4xx_hal_i2c.o(i.HAL_I2C_Mem_Write)
    HAL_I2C_MspInit                          0x08001949   Thumb Code   206  i2c.o(i.HAL_I2C_MspInit)
    HAL_IncTick                              0x08001a31   Thumb Code    12  stm32f4xx_hal.o(i.HAL_IncTick)
    HAL_Init                                 0x08001a41   Thumb Code    48  stm32f4xx_hal.o(i.HAL_Init)
    HAL_InitTick                             0x08001a75   Thumb Code    54  stm32f4xx_hal.o(i.HAL_InitTick)
    HAL_MspInit                              0x08001ab5   Thumb Code    42  stm32f4xx_hal_msp.o(i.HAL_MspInit)
    HAL_NVIC_EnableIRQ                       0x08001ae5   Thumb Code    26  stm32f4xx_hal_cortex.o(i.HAL_NVIC_EnableIRQ)
    HAL_NVIC_SetPriority                     0x08001b01   Thumb Code    60  stm32f4xx_hal_cortex.o(i.HAL_NVIC_SetPriority)
    HAL_NVIC_SetPriorityGrouping             0x08001b41   Thumb Code    26  stm32f4xx_hal_cortex.o(i.HAL_NVIC_SetPriorityGrouping)
    HAL_RCC_ClockConfig                      0x08001b65   Thumb Code   288  stm32f4xx_hal_rcc.o(i.HAL_RCC_ClockConfig)
    HAL_RCC_GetHCLKFreq                      0x08001c99   Thumb Code     6  stm32f4xx_hal_rcc.o(i.HAL_RCC_GetHCLKFreq)
    HAL_RCC_GetPCLK1Freq                     0x08001ca5   Thumb Code    20  stm32f4xx_hal_rcc.o(i.HAL_RCC_GetPCLK1Freq)
    HAL_RCC_GetSysClockFreq                  0x08001cc5   Thumb Code    88  stm32f4xx_hal_rcc.o(i.HAL_RCC_GetSysClockFreq)
    HAL_RCC_OscConfig                        0x08001d29   Thumb Code   856  stm32f4xx_hal_rcc.o(i.HAL_RCC_OscConfig)
    HAL_SPI_Init                             0x08002095   Thumb Code   188  stm32f4xx_hal_spi.o(i.HAL_SPI_Init)
    HAL_SPI_MspInit                          0x08002151   Thumb Code   232  spi.o(i.HAL_SPI_MspInit)
    HAL_SPI_TransmitReceive                  0x08002251   Thumb Code   482  stm32f4xx_hal_spi.o(i.HAL_SPI_TransmitReceive)
    HAL_SYSTICK_Config                       0x08002433   Thumb Code    40  stm32f4xx_hal_cortex.o(i.HAL_SYSTICK_Config)
    HAL_TIM_Base_Init                        0x0800245b   Thumb Code    90  stm32f4xx_hal_tim.o(i.HAL_TIM_Base_Init)
    HAL_TIM_Base_MspInit                     0x080024b5   Thumb Code    30  tim.o(i.HAL_TIM_Base_MspInit)
    HAL_TIM_MspPostInit                      0x080024dd   Thumb Code    70  tim.o(i.HAL_TIM_MspPostInit)
    HAL_TIM_PWM_ConfigChannel                0x08002531   Thumb Code   204  stm32f4xx_hal_tim.o(i.HAL_TIM_PWM_ConfigChannel)
    HAL_TIM_PWM_Init                         0x080025fd   Thumb Code    90  stm32f4xx_hal_tim.o(i.HAL_TIM_PWM_Init)
    HAL_TIM_PWM_MspInit                      0x08002657   Thumb Code     2  stm32f4xx_hal_tim.o(i.HAL_TIM_PWM_MspInit)
    HardFault_Handler                        0x08002659   Thumb Code     2  stm32f4xx_it.o(i.HardFault_Handler)
    MX_ADC1_Init                             0x0800265d   Thumb Code    88  adc.o(i.MX_ADC1_Init)
    MX_ADC3_Init                             0x080026c1   Thumb Code    88  adc.o(i.MX_ADC3_Init)
    MX_CAN1_Init                             0x08002725   Thumb Code    58  can.o(i.MX_CAN1_Init)
    MX_DMA_Init                              0x08002769   Thumb Code    56  dma.o(i.MX_DMA_Init)
    MX_GPIO_Init                             0x080027a5   Thumb Code   364  gpio.o(i.MX_GPIO_Init)
    MX_I2C2_Init                             0x08002929   Thumb Code    50  i2c.o(i.MX_I2C2_Init)
    MX_I2C3_Init                             0x08002969   Thumb Code    50  i2c.o(i.MX_I2C3_Init)
    MX_SPI1_Init                             0x080029a9   Thumb Code    64  spi.o(i.MX_SPI1_Init)
    MX_TIM10_Init                            0x080029f1   Thumb Code    92  tim.o(i.MX_TIM10_Init)
    MemManage_Handler                        0x08002a55   Thumb Code     2  stm32f4xx_it.o(i.MemManage_Handler)
    NMI_Handler                              0x08002a57   Thumb Code     2  stm32f4xx_it.o(i.NMI_Handler)
    PendSV_Handler                           0x08002a59   Thumb Code     2  stm32f4xx_it.o(i.PendSV_Handler)
    SVC_Handler                              0x08002a5b   Thumb Code     2  stm32f4xx_it.o(i.SVC_Handler)
    SysTick_Handler                          0x08002a5d   Thumb Code     4  stm32f4xx_it.o(i.SysTick_Handler)
    SystemInit                               0x08002a61   Thumb Code    12  system_stm32f4xx.o(i.SystemInit)
    TIM_Base_SetConfig                       0x08002a71   Thumb Code   156  stm32f4xx_hal_tim.o(i.TIM_Base_SetConfig)
    TIM_OC2_SetConfig                        0x08002b39   Thumb Code    98  stm32f4xx_hal_tim.o(i.TIM_OC2_SetConfig)
    UsageFault_Handler                       0x08002ba5   Thumb Code     2  stm32f4xx_it.o(i.UsageFault_Handler)
    OLED_Clear()                             0x08002ba9   Thumb Code    40  i2c_oled.o(i._Z10OLED_Clearv)
    BMI088_Init()                            0x08002bd5   Thumb Code    64  bmi088.o(i._Z11BMI088_Initv)
    BMI088_read(float*, float*, float*)      0x08002c1d   Thumb Code   290  bmi088.o(i._Z11BMI088_readPfS_S_)
    OLED_Refresh()                           0x08002d49   Thumb Code    98  i2c_oled.o(i._Z12OLED_Refreshv)
    OLED_ShowNum(unsigned char, unsigned char, unsigned, unsigned char, unsigned char, unsigned char) 0x08002db5   Thumb Code   110  i2c_oled.o(i._Z12OLED_ShowNumhhjhhh)
    OLED_WR_Byte(unsigned char, unsigned char) 0x08002e25   Thumb Code    40  i2c_oled.o(i._Z12OLED_WR_Bytehh)
    Vrefint_Init()                           0x08002e51   Thumb Code    48  adctest.o(i._Z12Vrefint_Initv)
    ist8310_init(GPIO_TypeDef*, unsigned short, GPIO_TypeDef*, unsigned short, I2C_HandleTypeDef*) 0x08002e8d   Thumb Code   220  ist8310.o(i._Z12ist8310_initP12GPIO_TypeDeftS0_tP17I2C_HandleTypeDef)
    ist8310_read()                           0x08002f79   Thumb Code    98  ist8310.o(i._Z12ist8310_readv)
    CAN_SEND_Data(__CAN_HandleTypeDef*, unsigned short, unsigned char*, unsigned short) 0x08002fe9   Thumb Code    28  drv_can.o(i._Z13CAN_SEND_DataP19__CAN_HandleTypeDeftPht)
    OLED_ShowChar(unsigned char, unsigned char, unsigned char, unsigned char, unsigned char) 0x08003005   Thumb Code   212  i2c_oled.o(i._Z13OLED_ShowCharhhhhh)
    PS2_ShortPoll()                          0x080030e9   Thumb Code    70  ps2.o(i._Z13PS2_ShortPollv)
    OLED_ColorTurn(unsigned char)            0x08003135   Thumb Code    24  i2c_oled.o(i._Z14OLED_ColorTurnh)
    OLED_DrawPoint(unsigned char, unsigned char, unsigned char) 0x0800314d   Thumb Code    40  i2c_oled.o(i._Z14OLED_DrawPointhhh)
    send_to_motors(short, short, short, short, unsigned char, __CAN_HandleTypeDef*) 0x08003179   Thumb Code    42  rmmotor.o(i._Z14send_to_motorssssshP19__CAN_HandleTypeDef)
    PS2_ExitConfing()                        0x080031a9   Thumb Code    94  ps2.o(i._Z15PS2_ExitConfingv)
    BMI088_Gyro_Init()                       0x0800320d   Thumb Code   154  bmi088.o(i._Z16BMI088_Gyro_Initv)
    OLED_DisplayTurn(unsigned char)          0x080032ad   Thumb Code    44  i2c_oled.o(i._Z16OLED_DisplayTurnh)
    PS2_EnterConfing()                       0x080032d9   Thumb Code    94  ps2.o(i._Z16PS2_EnterConfingv)
    BMI088_Accel_Init()                      0x0800333d   Thumb Code   146  bmi088.o(i._Z17BMI088_Accel_Initv)
    PS2_VibrationMode()                      0x080033d5   Thumb Code    70  ps2.o(i._Z17PS2_VibrationModev)
    SystemClock_Config()                     0x08003421   Thumb Code   140  main.o(i._Z18SystemClock_Configv)
    get_battery_voltage()                    0x080034b5   Thumb Code    38  adctest.o(i._Z19get_battery_voltagev)
    PS2_TurnOnAnalogMode()                   0x080034e9   Thumb Code    88  ps2.o(i._Z20PS2_TurnOnAnalogModev)
    OLED_ShowNum_withsign(unsigned char, unsigned char, int, unsigned char, unsigned char, unsigned char) 0x08003545   Thumb Code    64  i2c_oled.o(i._Z21OLED_ShowNum_withsignhhihhh)
    CAN_Filter_Mask_Config(__CAN_HandleTypeDef*, unsigned char, unsigned, unsigned) 0x08003585   Thumb Code    84  drv_can.o(i._Z22CAN_Filter_Mask_ConfigP19__CAN_HandleTypeDefhjj)
    BMI088_Gyro_Read_Multi_Reg(unsigned char, unsigned char*, unsigned char) 0x080035d9   Thumb Code    46  bmi088.o(i._Z26BMI088_Gyro_Read_Multi_ReghPhh)
    BMI088_Accel_Read_Multi_Reg(unsigned char, unsigned char*, unsigned char) 0x0800360d   Thumb Code    68  bmi088.o(i._Z27BMI088_Accel_Read_Multi_ReghPhh)
    BMI088_Gyro_Read_Single_Reg(unsigned char) 0x08003659   Thumb Code    82  bmi088.o(i._Z27BMI088_Gyro_Read_Single_Regh)
    BMI088_Accel_Read_Single_Reg(unsigned char) 0x080036b5   Thumb Code    96  bmi088.o(i._Z28BMI088_Accel_Read_Single_Regh)
    BMI088_Gyro_Write_Single_Reg(unsigned char, unsigned char) 0x0800371d   Thumb Code    40  bmi088.o(i._Z28BMI088_Gyro_Write_Single_Reghh)
    BMI088_Accel_Write_Single_Reg(unsigned char, unsigned char) 0x08003749   Thumb Code    40  bmi088.o(i._Z29BMI088_Accel_Write_Single_Reghh)
    PS2_Cmd(unsigned char)                   0x08003775   Thumb Code   150  ps2.o(i._Z7PS2_Cmdh)
    maincpp()                                0x08003815   Thumb Code   224  maincpp.o(i._Z7maincppv)
    CAN_Init(__CAN_HandleTypeDef*)           0x08003915   Thumb Code    92  drv_can.o(i._Z8CAN_InitP19__CAN_HandleTypeDef)
    OLED_Pow(unsigned char, unsigned char)   0x08003979   Thumb Code    16  i2c_oled.o(i._Z8OLED_Powhh)
    PS2_Init(GPIO_TypeDef*, unsigned short, GPIO_TypeDef*, unsigned short, GPIO_TypeDef*, unsigned short, GPIO_TypeDef*, unsigned short) 0x08003989   Thumb Code   138  ps2.o(i._Z8PS2_InitP12GPIO_TypeDeftS0_tS0_tS0_t)
    OLED_Init(I2C_HandleTypeDef*)            0x08003a21   Thumb Code   242  i2c_oled.o(i._Z9OLED_InitP17I2C_HandleTypeDef)
    main                                     0x08004409   Thumb Code    50  main.o(i.main)
    _fp_init                                 0x0800443b   Thumb Code    10  fpinit.o(x$fpl$fpinit)
    __fplib_config_fpu_vfp                   0x08004443   Thumb Code     0  fpinit.o(x$fpl$fpinit)
    __fplib_config_pureend_doubles           0x08004443   Thumb Code     0  fpinit.o(x$fpl$fpinit)
    AHBPrescTable                            0x0800444c   Data          16  system_stm32f4xx.o(.constdata)
    APBPrescTable                            0x0800445c   Data           8  system_stm32f4xx.o(.constdata)
    Region$$Table$$Base                      0x08005e58   Number         0  anon$$obj.o(Region$$Table)
    Region$$Table$$Limit                     0x08005e78   Number         0  anon$$obj.o(Region$$Table)
    uwTickFreq                               0x20000000   Data           1  stm32f4xx_hal.o(.data)
    uwTickPrio                               0x20000004   Data           4  stm32f4xx_hal.o(.data)
    uwTick                                   0x20000008   Data           4  stm32f4xx_hal.o(.data)
    SystemCoreClock                          0x2000000c   Data           4  system_stm32f4xx.o(.data)
    hi2c_ist8310                             0x20000010   Data           4  ist8310.o(.data)
    RSTN                                     0x20000014   Data           8  ist8310.o(.data)
    DRYD                                     0x2000001c   Data           8  ist8310.o(.data)
    cmd                                      0x20000024   Data           2  ps2.o(.data)
    hi2c                                     0x20000048   Data           4  i2c_oled.o(.data)
    voltage_vrefint_proportion               0x20000070   Data           4  adctest.o(.data)
    angle                                    0x20000074   Data           2  maincpp.o(.data)
    speed                                    0x20000076   Data           2  maincpp.o(.data)
    torque                                   0x20000078   Data           2  maincpp.o(.data)
    temperature_motor                        0x2000007a   Data           2  maincpp.o(.data)
    ist_data                                 0x2000007c   Data           4  maincpp.o(.data)
    temperature                              0x20000080   Data           4  maincpp.o(.data)
    hadc1                                    0x20000084   Data          72  adc.o(.bss)
    hadc3                                    0x200000cc   Data          72  adc.o(.bss)
    hcan1                                    0x20000114   Data          40  can.o(.bss)
    hi2c2                                    0x2000013c   Data          84  i2c.o(.bss)
    hi2c3                                    0x20000190   Data          84  i2c.o(.bss)
    hspi1                                    0x200001e4   Data          88  spi.o(.bss)
    hdma_spi1_tx                             0x2000023c   Data          96  spi.o(.bss)
    hdma_spi1_rx                             0x2000029c   Data          96  spi.o(.bss)
    htim10                                   0x200002fc   Data          72  tim.o(.bss)
    mag                                      0x20000344   Data          12  ist8310.o(.bss)
    data                                     0x20000350   Data           9  ps2.o(.bss)
    return_data                              0x20000359   Data           9  ps2.o(.bss)
    OLED_GRAM                                0x20000362   Data        1152  i2c_oled.o(.bss)
    accel                                    0x200007e4   Data          12  maincpp.o(.bss)
    gyro                                     0x200007f0   Data          12  maincpp.o(.bss)
    __libspace_start                         0x200007fc   Data          96  libspace.o(.bss)
    __temporary_stack_top$libspace           0x2000085c   Data           0  libspace.o(.bss)



==============================================================================

Memory Map of the image

  Image Entry point : 0x08000189

  Load Region LR_IROM1 (Base: 0x08000000, Size: 0x00005efc, Max: 0x00100000, ABSOLUTE)

    Execution Region ER_IROM1 (Exec base: 0x08000000, Load base: 0x08000000, Size: 0x00005e78, Max: 0x00100000, ABSOLUTE)

    Exec Addr    Load Addr    Size         Type   Attr      Idx    E Section Name        Object

    0x08000000   0x08000000   0x00000188   Data   RO            3    RESET               startup_stm32f407xx.o
    0x08000188   0x08000188   0x00000008   Code   RO         5216  * !!!main             c_w.l(__main.o)
    0x08000190   0x08000190   0x00000034   Code   RO         5385    !!!scatter          c_w.l(__scatter.o)
    0x080001c4   0x080001c4   0x0000001a   Code   RO         5387    !!handler_copy      c_w.l(__scatter_copy.o)
    0x080001de   0x080001de   0x00000002   PAD
    0x080001e0   0x080001e0   0x0000001c   Code   RO         5389    !!handler_zi        c_w.l(__scatter_zi.o)
    0x080001fc   0x080001fc   0x00000002   Code   RO         5253    .ARM.Collect$$libinit$$00000000  c_w.l(libinit.o)
    0x080001fe   0x080001fe   0x00000004   Code   RO         5265    .ARM.Collect$$libinit$$00000001  c_w.l(libinit2.o)
    0x08000202   0x08000202   0x00000000   Code   RO         5268    .ARM.Collect$$libinit$$00000004  c_w.l(libinit2.o)
    0x08000202   0x08000202   0x00000000   Code   RO         5271    .ARM.Collect$$libinit$$0000000A  c_w.l(libinit2.o)
    0x08000202   0x08000202   0x00000000   Code   RO         5273    .ARM.Collect$$libinit$$0000000C  c_w.l(libinit2.o)
    0x08000202   0x08000202   0x00000000   Code   RO         5275    .ARM.Collect$$libinit$$0000000E  c_w.l(libinit2.o)
    0x08000202   0x08000202   0x00000000   Code   RO         5278    .ARM.Collect$$libinit$$00000011  c_w.l(libinit2.o)
    0x08000202   0x08000202   0x00000000   Code   RO         5280    .ARM.Collect$$libinit$$00000013  c_w.l(libinit2.o)
    0x08000202   0x08000202   0x00000000   Code   RO         5282    .ARM.Collect$$libinit$$00000015  c_w.l(libinit2.o)
    0x08000202   0x08000202   0x00000000   Code   RO         5284    .ARM.Collect$$libinit$$00000017  c_w.l(libinit2.o)
    0x08000202   0x08000202   0x00000000   Code   RO         5286    .ARM.Collect$$libinit$$00000019  c_w.l(libinit2.o)
    0x08000202   0x08000202   0x00000000   Code   RO         5288    .ARM.Collect$$libinit$$0000001B  c_w.l(libinit2.o)
    0x08000202   0x08000202   0x00000000   Code   RO         5290    .ARM.Collect$$libinit$$0000001D  c_w.l(libinit2.o)
    0x08000202   0x08000202   0x00000000   Code   RO         5292    .ARM.Collect$$libinit$$0000001F  c_w.l(libinit2.o)
    0x08000202   0x08000202   0x00000000   Code   RO         5294    .ARM.Collect$$libinit$$00000021  c_w.l(libinit2.o)
    0x08000202   0x08000202   0x00000000   Code   RO         5296    .ARM.Collect$$libinit$$00000023  c_w.l(libinit2.o)
    0x08000202   0x08000202   0x00000000   Code   RO         5298    .ARM.Collect$$libinit$$00000025  c_w.l(libinit2.o)
    0x08000202   0x08000202   0x00000000   Code   RO         5302    .ARM.Collect$$libinit$$0000002C  c_w.l(libinit2.o)
    0x08000202   0x08000202   0x00000000   Code   RO         5304    .ARM.Collect$$libinit$$0000002E  c_w.l(libinit2.o)
    0x08000202   0x08000202   0x00000000   Code   RO         5306    .ARM.Collect$$libinit$$00000030  c_w.l(libinit2.o)
    0x08000202   0x08000202   0x00000000   Code   RO         5308    .ARM.Collect$$libinit$$00000032  c_w.l(libinit2.o)
    0x08000202   0x08000202   0x00000002   Code   RO         5309    .ARM.Collect$$libinit$$00000033  c_w.l(libinit2.o)
    0x08000204   0x08000204   0x00000002   Code   RO         5340    .ARM.Collect$$libshutdown$$00000000  c_w.l(libshutdown.o)
    0x08000206   0x08000206   0x00000000   Code   RO         5366    .ARM.Collect$$libshutdown$$00000002  c_w.l(libshutdown2.o)
    0x08000206   0x08000206   0x00000000   Code   RO         5368    .ARM.Collect$$libshutdown$$00000004  c_w.l(libshutdown2.o)
    0x08000206   0x08000206   0x00000000   Code   RO         5370    .ARM.Collect$$libshutdown$$00000006  c_w.l(libshutdown2.o)
    0x08000206   0x08000206   0x00000000   Code   RO         5373    .ARM.Collect$$libshutdown$$00000009  c_w.l(libshutdown2.o)
    0x08000206   0x08000206   0x00000000   Code   RO         5376    .ARM.Collect$$libshutdown$$0000000C  c_w.l(libshutdown2.o)
    0x08000206   0x08000206   0x00000000   Code   RO         5378    .ARM.Collect$$libshutdown$$0000000E  c_w.l(libshutdown2.o)
    0x08000206   0x08000206   0x00000000   Code   RO         5381    .ARM.Collect$$libshutdown$$00000011  c_w.l(libshutdown2.o)
    0x08000206   0x08000206   0x00000002   Code   RO         5382    .ARM.Collect$$libshutdown$$00000012  c_w.l(libshutdown2.o)
    0x08000208   0x08000208   0x00000000   Code   RO         5218    .ARM.Collect$$rtentry$$00000000  c_w.l(__rtentry.o)
    0x08000208   0x08000208   0x00000000   Code   RO         5224    .ARM.Collect$$rtentry$$00000002  c_w.l(__rtentry2.o)
    0x08000208   0x08000208   0x00000006   Code   RO         5236    .ARM.Collect$$rtentry$$00000004  c_w.l(__rtentry4.o)
    0x0800020e   0x0800020e   0x00000000   Code   RO         5226    .ARM.Collect$$rtentry$$00000009  c_w.l(__rtentry2.o)
    0x0800020e   0x0800020e   0x00000004   Code   RO         5227    .ARM.Collect$$rtentry$$0000000A  c_w.l(__rtentry2.o)
    0x08000212   0x08000212   0x00000000   Code   RO         5229    .ARM.Collect$$rtentry$$0000000C  c_w.l(__rtentry2.o)
    0x08000212   0x08000212   0x00000008   Code   RO         5230    .ARM.Collect$$rtentry$$0000000D  c_w.l(__rtentry2.o)
    0x0800021a   0x0800021a   0x00000002   Code   RO         5257    .ARM.Collect$$rtexit$$00000000  c_w.l(rtexit.o)
    0x0800021c   0x0800021c   0x00000000   Code   RO         5313    .ARM.Collect$$rtexit$$00000002  c_w.l(rtexit2.o)
    0x0800021c   0x0800021c   0x00000004   Code   RO         5314    .ARM.Collect$$rtexit$$00000003  c_w.l(rtexit2.o)
    0x08000220   0x08000220   0x00000006   Code   RO         5315    .ARM.Collect$$rtexit$$00000004  c_w.l(rtexit2.o)
    0x08000226   0x08000226   0x00000002   PAD
    0x08000228   0x08000228   0x00000040   Code   RO            4    .text               startup_stm32f407xx.o
    0x08000268   0x08000268   0x000000ee   Code   RO         5210    .text               c_w.l(lludivv7m.o)
    0x08000356   0x08000356   0x0000004e   Code   RO         5212    .text               c_w.l(rt_memclr_w.o)
    0x080003a4   0x080003a4   0x00000006   Code   RO         5214    .text               c_w.l(heapauxi.o)
    0x080003aa   0x080003aa   0x0000004a   Code   RO         5240    .text               c_w.l(sys_stackheap_outer.o)
    0x080003f4   0x080003f4   0x00000012   Code   RO         5242    .text               c_w.l(exit.o)
    0x08000406   0x08000406   0x00000002   PAD
    0x08000408   0x08000408   0x00000008   Code   RO         5254    .text               c_w.l(libspace.o)
    0x08000410   0x08000410   0x0000000c   Code   RO         5310    .text               c_w.l(sys_exit.o)
    0x0800041c   0x0800041c   0x00000002   Code   RO         5329    .text               c_w.l(use_no_semi.o)
    0x0800041e   0x0800041e   0x00000000   Code   RO         5331    .text               c_w.l(indicate_semi.o)
    0x0800041e   0x0800041e   0x00000002   Code   RO          522    i.BusFault_Handler  stm32f4xx_it.o
    0x08000420   0x08000420   0x0000000c   Code   RO          523    i.CAN1_RX0_IRQHandler  stm32f4xx_it.o
    0x0800042c   0x0800042c   0x0000000c   Code   RO          524    i.CAN1_RX1_IRQHandler  stm32f4xx_it.o
    0x08000438   0x08000438   0x0000000c   Code   RO          525    i.DMA2_Stream2_IRQHandler  stm32f4xx_it.o
    0x08000444   0x08000444   0x0000000c   Code   RO          526    i.DMA2_Stream3_IRQHandler  stm32f4xx_it.o
    0x08000450   0x08000450   0x00000002   Code   RO          527    i.DebugMon_Handler  stm32f4xx_it.o
    0x08000452   0x08000452   0x00000006   Code   RO          528    i.EXTI3_IRQHandler  stm32f4xx_it.o
    0x08000458   0x08000458   0x00000004   Code   RO           13    i.Error_Handler     main.o
    0x0800045c   0x0800045c   0x0000014c   Code   RO          668    i.HAL_ADC_ConfigChannel  stm32f4xx_hal_adc.o
    0x080005a8   0x080005a8   0x00000006   Code   RO          675    i.HAL_ADC_GetValue  stm32f4xx_hal_adc.o
    0x080005ae   0x080005ae   0x00000054   Code   RO          677    i.HAL_ADC_Init      stm32f4xx_hal_adc.o
    0x08000602   0x08000602   0x00000002   PAD
    0x08000604   0x08000604   0x0000007c   Code   RO          252    i.HAL_ADC_MspInit   adc.o
    0x08000680   0x08000680   0x000000aa   Code   RO          681    i.HAL_ADC_PollForConversion  stm32f4xx_hal_adc.o
    0x0800072a   0x0800072a   0x00000002   PAD
    0x0800072c   0x0800072c   0x000000fc   Code   RO          683    i.HAL_ADC_Start     stm32f4xx_hal_adc.o
    0x08000828   0x08000828   0x000000dc   Code   RO         2270    i.HAL_CAN_AddTxMessage  stm32f4xx_hal_can.o
    0x08000904   0x08000904   0x0000010c   Code   RO         2271    i.HAL_CAN_ConfigFilter  stm32f4xx_hal_can.o
    0x08000a10   0x08000a10   0x00000002   Code   RO         2274    i.HAL_CAN_ErrorCallback  stm32f4xx_hal_can.o
    0x08000a12   0x08000a12   0x000000e8   Code   RO         2277    i.HAL_CAN_GetRxMessage  stm32f4xx_hal_can.o
    0x08000afa   0x08000afa   0x000001fc   Code   RO         2281    i.HAL_CAN_IRQHandler  stm32f4xx_hal_can.o
    0x08000cf6   0x08000cf6   0x0000011a   Code   RO         2282    i.HAL_CAN_Init      stm32f4xx_hal_can.o
    0x08000e10   0x08000e10   0x00000088   Code   RO          304    i.HAL_CAN_MspInit   can.o
    0x08000e98   0x08000e98   0x00000002   Code   RO         2289    i.HAL_CAN_RxFifo0FullCallback  stm32f4xx_hal_can.o
    0x08000e9a   0x08000e9a   0x00000002   PAD
    0x08000e9c   0x08000e9c   0x00000058   Code   RO         5151    i.HAL_CAN_RxFifo0MsgPendingCallback  maincpp.o
    0x08000ef4   0x08000ef4   0x00000002   Code   RO         2291    i.HAL_CAN_RxFifo1FullCallback  stm32f4xx_hal_can.o
    0x08000ef6   0x08000ef6   0x00000002   PAD
    0x08000ef8   0x08000ef8   0x00000058   Code   RO         5152    i.HAL_CAN_RxFifo1MsgPendingCallback  maincpp.o
    0x08000f50   0x08000f50   0x00000002   Code   RO         2293    i.HAL_CAN_SleepCallback  stm32f4xx_hal_can.o
    0x08000f52   0x08000f52   0x00000002   PAD
    0x08000f54   0x08000f54   0x00000058   Code   RO         2294    i.HAL_CAN_Start     stm32f4xx_hal_can.o
    0x08000fac   0x08000fac   0x00000002   Code   RO         2296    i.HAL_CAN_TxMailbox0AbortCallback  stm32f4xx_hal_can.o
    0x08000fae   0x08000fae   0x00000002   Code   RO         2297    i.HAL_CAN_TxMailbox0CompleteCallback  stm32f4xx_hal_can.o
    0x08000fb0   0x08000fb0   0x00000002   Code   RO         2298    i.HAL_CAN_TxMailbox1AbortCallback  stm32f4xx_hal_can.o
    0x08000fb2   0x08000fb2   0x00000002   Code   RO         2299    i.HAL_CAN_TxMailbox1CompleteCallback  stm32f4xx_hal_can.o
    0x08000fb4   0x08000fb4   0x00000002   Code   RO         2300    i.HAL_CAN_TxMailbox2AbortCallback  stm32f4xx_hal_can.o
    0x08000fb6   0x08000fb6   0x00000002   Code   RO         2301    i.HAL_CAN_TxMailbox2CompleteCallback  stm32f4xx_hal_can.o
    0x08000fb8   0x08000fb8   0x00000002   Code   RO         2303    i.HAL_CAN_WakeUpFromRxMsgCallback  stm32f4xx_hal_can.o
    0x08000fba   0x08000fba   0x00000002   PAD
    0x08000fbc   0x08000fbc   0x000001a0   Code   RO         1507    i.HAL_DMA_IRQHandler  stm32f4xx_hal_dma.o
    0x0800115c   0x0800115c   0x000000d4   Code   RO         1508    i.HAL_DMA_Init      stm32f4xx_hal_dma.o
    0x08001230   0x08001230   0x00000024   Code   RO         1981    i.HAL_Delay         stm32f4xx_hal.o
    0x08001254   0x08001254   0x0000001c   Code   RO         5153    i.HAL_GPIO_EXTI_Callback  maincpp.o
    0x08001270   0x08001270   0x00000018   Code   RO         1385    i.HAL_GPIO_EXTI_IRQHandler  stm32f4xx_hal_gpio.o
    0x08001288   0x08001288   0x000001f0   Code   RO         1386    i.HAL_GPIO_Init     stm32f4xx_hal_gpio.o
    0x08001478   0x08001478   0x0000000a   Code   RO         1388    i.HAL_GPIO_ReadPin  stm32f4xx_hal_gpio.o
    0x08001482   0x08001482   0x0000000a   Code   RO         1390    i.HAL_GPIO_WritePin  stm32f4xx_hal_gpio.o
    0x0800148c   0x0800148c   0x0000000c   Code   RO         1987    i.HAL_GetTick       stm32f4xx_hal.o
    0x08001498   0x08001498   0x00000188   Code   RO         2549    i.HAL_I2C_Init      stm32f4xx_hal_i2c.o
    0x08001620   0x08001620   0x000001f8   Code   RO         2567    i.HAL_I2C_Mem_Read  stm32f4xx_hal_i2c.o
    0x08001818   0x08001818   0x00000130   Code   RO         2570    i.HAL_I2C_Mem_Write  stm32f4xx_hal_i2c.o
    0x08001948   0x08001948   0x000000e8   Code   RO          374    i.HAL_I2C_MspInit   i2c.o
    0x08001a30   0x08001a30   0x00000010   Code   RO         1993    i.HAL_IncTick       stm32f4xx_hal.o
    0x08001a40   0x08001a40   0x00000034   Code   RO         1994    i.HAL_Init          stm32f4xx_hal.o
    0x08001a74   0x08001a74   0x00000040   Code   RO         1995    i.HAL_InitTick      stm32f4xx_hal.o
    0x08001ab4   0x08001ab4   0x00000030   Code   RO          642    i.HAL_MspInit       stm32f4xx_hal_msp.o
    0x08001ae4   0x08001ae4   0x0000001a   Code   RO         1825    i.HAL_NVIC_EnableIRQ  stm32f4xx_hal_cortex.o
    0x08001afe   0x08001afe   0x00000002   PAD
    0x08001b00   0x08001b00   0x00000040   Code   RO         1831    i.HAL_NVIC_SetPriority  stm32f4xx_hal_cortex.o
    0x08001b40   0x08001b40   0x00000024   Code   RO         1832    i.HAL_NVIC_SetPriorityGrouping  stm32f4xx_hal_cortex.o
    0x08001b64   0x08001b64   0x00000134   Code   RO          988    i.HAL_RCC_ClockConfig  stm32f4xx_hal_rcc.o
    0x08001c98   0x08001c98   0x0000000c   Code   RO          993    i.HAL_RCC_GetHCLKFreq  stm32f4xx_hal_rcc.o
    0x08001ca4   0x08001ca4   0x00000020   Code   RO          995    i.HAL_RCC_GetPCLK1Freq  stm32f4xx_hal_rcc.o
    0x08001cc4   0x08001cc4   0x00000064   Code   RO          997    i.HAL_RCC_GetSysClockFreq  stm32f4xx_hal_rcc.o
    0x08001d28   0x08001d28   0x0000036c   Code   RO         1000    i.HAL_RCC_OscConfig  stm32f4xx_hal_rcc.o
    0x08002094   0x08002094   0x000000bc   Code   RO         3072    i.HAL_SPI_Init      stm32f4xx_hal_spi.o
    0x08002150   0x08002150   0x00000100   Code   RO          426    i.HAL_SPI_MspInit   spi.o
    0x08002250   0x08002250   0x000001e2   Code   RO         3081    i.HAL_SPI_TransmitReceive  stm32f4xx_hal_spi.o
    0x08002432   0x08002432   0x00000028   Code   RO         1836    i.HAL_SYSTICK_Config  stm32f4xx_hal_cortex.o
    0x0800245a   0x0800245a   0x0000005a   Code   RO         3440    i.HAL_TIM_Base_Init  stm32f4xx_hal_tim.o
    0x080024b4   0x080024b4   0x00000028   Code   RO          471    i.HAL_TIM_Base_MspInit  tim.o
    0x080024dc   0x080024dc   0x00000054   Code   RO          472    i.HAL_TIM_MspPostInit  tim.o
    0x08002530   0x08002530   0x000000cc   Code   RO         3512    i.HAL_TIM_PWM_ConfigChannel  stm32f4xx_hal_tim.o
    0x080025fc   0x080025fc   0x0000005a   Code   RO         3515    i.HAL_TIM_PWM_Init  stm32f4xx_hal_tim.o
    0x08002656   0x08002656   0x00000002   Code   RO         3517    i.HAL_TIM_PWM_MspInit  stm32f4xx_hal_tim.o
    0x08002658   0x08002658   0x00000002   Code   RO          529    i.HardFault_Handler  stm32f4xx_it.o
    0x0800265a   0x0800265a   0x00000002   PAD
    0x0800265c   0x0800265c   0x00000064   Code   RO          253    i.MX_ADC1_Init      adc.o
    0x080026c0   0x080026c0   0x00000064   Code   RO          254    i.MX_ADC3_Init      adc.o
    0x08002724   0x08002724   0x00000044   Code   RO          305    i.MX_CAN1_Init      can.o
    0x08002768   0x08002768   0x0000003c   Code   RO          348    i.MX_DMA_Init       dma.o
    0x080027a4   0x080027a4   0x00000184   Code   RO          226    i.MX_GPIO_Init      gpio.o
    0x08002928   0x08002928   0x00000040   Code   RO          375    i.MX_I2C2_Init      i2c.o
    0x08002968   0x08002968   0x00000040   Code   RO          376    i.MX_I2C3_Init      i2c.o
    0x080029a8   0x080029a8   0x00000048   Code   RO          427    i.MX_SPI1_Init      spi.o
    0x080029f0   0x080029f0   0x00000064   Code   RO          473    i.MX_TIM10_Init     tim.o
    0x08002a54   0x08002a54   0x00000002   Code   RO          530    i.MemManage_Handler  stm32f4xx_it.o
    0x08002a56   0x08002a56   0x00000002   Code   RO          531    i.NMI_Handler       stm32f4xx_it.o
    0x08002a58   0x08002a58   0x00000002   Code   RO          532    i.PendSV_Handler    stm32f4xx_it.o
    0x08002a5a   0x08002a5a   0x00000002   Code   RO          533    i.SVC_Handler       stm32f4xx_it.o
    0x08002a5c   0x08002a5c   0x00000004   Code   RO          534    i.SysTick_Handler   stm32f4xx_it.o
    0x08002a60   0x08002a60   0x00000010   Code   RO         4571    i.SystemInit        system_stm32f4xx.o
    0x08002a70   0x08002a70   0x000000c8   Code   RO         3533    i.TIM_Base_SetConfig  stm32f4xx_hal_tim.o
    0x08002b38   0x08002b38   0x0000006c   Code   RO         3540    i.TIM_OC2_SetConfig  stm32f4xx_hal_tim.o
    0x08002ba4   0x08002ba4   0x00000002   Code   RO          535    i.UsageFault_Handler  stm32f4xx_it.o
    0x08002ba6   0x08002ba6   0x00000002   PAD
    0x08002ba8   0x08002ba8   0x0000002c   Code   RO         4786    i._Z10OLED_Clearv   i2c_oled.o
    0x08002bd4   0x08002bd4   0x00000048   Code   RO         4947    i._Z11BMI088_Initv  bmi088.o
    0x08002c1c   0x08002c1c   0x0000012c   Code   RO         4948    i._Z11BMI088_readPfS_S_  bmi088.o
    0x08002d48   0x08002d48   0x0000006c   Code   RO         4787    i._Z12OLED_Refreshv  i2c_oled.o
    0x08002db4   0x08002db4   0x0000006e   Code   RO         4788    i._Z12OLED_ShowNumhhjhhh  i2c_oled.o
    0x08002e22   0x08002e22   0x00000002   PAD
    0x08002e24   0x08002e24   0x0000002c   Code   RO         4789    i._Z12OLED_WR_Bytehh  i2c_oled.o
    0x08002e50   0x08002e50   0x0000003c   Code   RO         5056    i._Z12Vrefint_Initv  adctest.o
    0x08002e8c   0x08002e8c   0x000000ec   Code   RO         4610    i._Z12ist8310_initP12GPIO_TypeDeftS0_tP17I2C_HandleTypeDef  ist8310.o
    0x08002f78   0x08002f78   0x00000070   Code   RO         4611    i._Z12ist8310_readv  ist8310.o
    0x08002fe8   0x08002fe8   0x0000001c   Code   RO         4902    i._Z13CAN_SEND_DataP19__CAN_HandleTypeDeftPht  drv_can.o
    0x08003004   0x08003004   0x000000e4   Code   RO         4790    i._Z13OLED_ShowCharhhhhh  i2c_oled.o
    0x080030e8   0x080030e8   0x0000004c   Code   RO         4677    i._Z13PS2_ShortPollv  ps2.o
    0x08003134   0x08003134   0x00000018   Code   RO         4791    i._Z14OLED_ColorTurnh  i2c_oled.o
    0x0800314c   0x0800314c   0x0000002c   Code   RO         4792    i._Z14OLED_DrawPointhhh  i2c_oled.o
    0x08003178   0x08003178   0x00000030   Code   RO         5107    i._Z14send_to_motorssssshP19__CAN_HandleTypeDef  rmmotor.o
    0x080031a8   0x080031a8   0x00000064   Code   RO         4679    i._Z15PS2_ExitConfingv  ps2.o
    0x0800320c   0x0800320c   0x000000a0   Code   RO         4949    i._Z16BMI088_Gyro_Initv  bmi088.o
    0x080032ac   0x080032ac   0x0000002c   Code   RO         4794    i._Z16OLED_DisplayTurnh  i2c_oled.o
    0x080032d8   0x080032d8   0x00000064   Code   RO         4680    i._Z16PS2_EnterConfingv  ps2.o
    0x0800333c   0x0800333c   0x00000098   Code   RO         4950    i._Z17BMI088_Accel_Initv  bmi088.o
    0x080033d4   0x080033d4   0x0000004c   Code   RO         4681    i._Z17PS2_VibrationModev  ps2.o
    0x08003420   0x08003420   0x00000094   Code   RO           14    i._Z18SystemClock_Configv  main.o
    0x080034b4   0x080034b4   0x00000034   Code   RO         5058    i._Z19get_battery_voltagev  adctest.o
    0x080034e8   0x080034e8   0x0000005c   Code   RO         4682    i._Z20PS2_TurnOnAnalogModev  ps2.o
    0x08003544   0x08003544   0x00000040   Code   RO         4796    i._Z21OLED_ShowNum_withsignhhihhh  i2c_oled.o
    0x08003584   0x08003584   0x00000054   Code   RO         4903    i._Z22CAN_Filter_Mask_ConfigP19__CAN_HandleTypeDefhjj  drv_can.o
    0x080035d8   0x080035d8   0x00000034   Code   RO         4951    i._Z26BMI088_Gyro_Read_Multi_ReghPhh  bmi088.o
    0x0800360c   0x0800360c   0x0000004c   Code   RO         4952    i._Z27BMI088_Accel_Read_Multi_ReghPhh  bmi088.o
    0x08003658   0x08003658   0x0000005c   Code   RO         4953    i._Z27BMI088_Gyro_Read_Single_Regh  bmi088.o
    0x080036b4   0x080036b4   0x00000068   Code   RO         4954    i._Z28BMI088_Accel_Read_Single_Regh  bmi088.o
    0x0800371c   0x0800371c   0x0000002c   Code   RO         4955    i._Z28BMI088_Gyro_Write_Single_Reghh  bmi088.o
    0x08003748   0x08003748   0x0000002c   Code   RO         4956    i._Z29BMI088_Accel_Write_Single_Reghh  bmi088.o
    0x08003774   0x08003774   0x000000a0   Code   RO         4683    i._Z7PS2_Cmdh       ps2.o
    0x08003814   0x08003814   0x00000100   Code   RO         5154    i._Z7maincppv       maincpp.o
    0x08003914   0x08003914   0x00000064   Code   RO         4904    i._Z8CAN_InitP19__CAN_HandleTypeDef  drv_can.o
    0x08003978   0x08003978   0x00000010   Code   RO         4797    i._Z8OLED_Powhh     i2c_oled.o
    0x08003988   0x08003988   0x00000098   Code   RO         4684    i._Z8PS2_InitP12GPIO_TypeDeftS0_tS0_tS0_t  ps2.o
    0x08003a20   0x08003a20   0x000000f8   Code   RO         4798    i._Z9OLED_InitP17I2C_HandleTypeDef  i2c_oled.o
    0x08003b18   0x08003b18   0x0000002c   Code   RO         4685    i._ZN21_INTERNAL_5_PS2_c_cmd8delay_usEj  ps2.o
    0x08003b44   0x08003b44   0x0000004c   Code   RO         4957    i._ZN29_INTERNAL_8_BMI088_c_cb25337221BMI088_Read_Multi_RegEhPhh  bmi088.o
    0x08003b90   0x08003b90   0x0000002c   Code   RO         4958    i._ZN29_INTERNAL_8_BMI088_c_cb25337223BMI088_Write_Single_RegEhh  bmi088.o
    0x08003bbc   0x08003bbc   0x0000002c   Code   RO         4959    i._ZN29_INTERNAL_8_BMI088_c_cb2533728delay_usEj  bmi088.o
    0x08003be8   0x08003be8   0x00000036   Code   RO         5059    i._ZN30_INTERNAL_9_ADCtest_c_a9b4e7c218ADCx_get_CHx_valueEP17ADC_HandleTypeDefj  adctest.o
    0x08003c1e   0x08003c1e   0x00000002   PAD
    0x08003c20   0x08003c20   0x0000002c   Code   RO         4612    i._ZN30_INTERNAL_9_ist8310_c_e73d23728delay_usEj  ist8310.o
    0x08003c4c   0x08003c4c   0x00000128   Code   RO          692    i._ZN41_INTERNAL_19_stm32f4xx_hal_adc_c_52ef8f508ADC_InitEP17ADC_HandleTypeDef  stm32f4xx_hal_adc.o
    0x08003d74   0x08003d74   0x00000054   Code   RO         1515    i._ZN41_INTERNAL_19_stm32f4xx_hal_dma_c_c25f65ec18DMA_CheckFifoParamEP19__DMA_HandleTypeDef  stm32f4xx_hal_dma.o
    0x08003dc8   0x08003dc8   0x00000028   Code   RO         1516    i._ZN41_INTERNAL_19_stm32f4xx_hal_dma_c_c25f65ec23DMA_CalcBaseAndBitshiftEP19__DMA_HandleTypeDef  stm32f4xx_hal_dma.o
    0x08003df0   0x08003df0   0x000000fc   Code   RO         2598    i._ZN41_INTERNAL_19_stm32f4xx_hal_i2c_c_0eb271f421I2C_RequestMemoryReadEP17I2C_HandleTypeDeftttjj  stm32f4xx_hal_i2c.o
    0x08003eec   0x08003eec   0x000000a8   Code   RO         2603    i._ZN41_INTERNAL_19_stm32f4xx_hal_i2c_c_0eb271f422I2C_RequestMemoryWriteEP17I2C_HandleTypeDeftttjj  stm32f4xx_hal_i2c.o
    0x08003f94   0x08003f94   0x0000002e   Code   RO         2604    i._ZN41_INTERNAL_19_stm32f4xx_hal_i2c_c_0eb271f423I2C_IsAcknowledgeFailedEP17I2C_HandleTypeDef  stm32f4xx_hal_i2c.o
    0x08003fc2   0x08003fc2   0x00000068   Code   RO         2606    i._ZN41_INTERNAL_19_stm32f4xx_hal_i2c_c_0eb271f426I2C_WaitOnFlagUntilTimeoutEP17I2C_HandleTypeDefj10FlagStatusjj  stm32f4xx_hal_i2c.o
    0x0800402a   0x0800402a   0x0000004c   Code   RO         2607    i._ZN41_INTERNAL_19_stm32f4xx_hal_i2c_c_0eb271f429I2C_WaitOnBTFFlagUntilTimeoutEP17I2C_HandleTypeDefjj  stm32f4xx_hal_i2c.o
    0x08004076   0x08004076   0x0000004c   Code   RO         2608    i._ZN41_INTERNAL_19_stm32f4xx_hal_i2c_c_0eb271f429I2C_WaitOnTXEFlagUntilTimeoutEP17I2C_HandleTypeDefjj  stm32f4xx_hal_i2c.o
    0x080040c2   0x080040c2   0x00000066   Code   RO         2609    i._ZN41_INTERNAL_19_stm32f4xx_hal_i2c_c_0eb271f430I2C_WaitOnRXNEFlagUntilTimeoutEP17I2C_HandleTypeDefjj  stm32f4xx_hal_i2c.o
    0x08004128   0x08004128   0x00000096   Code   RO         2610    i._ZN41_INTERNAL_19_stm32f4xx_hal_i2c_c_0eb271f439I2C_WaitOnMasterAddressFlagUntilTimeoutEP17I2C_HandleTypeDefjjj  stm32f4xx_hal_i2c.o
    0x080041be   0x080041be   0x00000002   PAD
    0x080041c0   0x080041c0   0x00000058   Code   RO         3111    i._ZN41_INTERNAL_19_stm32f4xx_hal_spi_c_5e7b22bd22SPI_EndRxTxTransactionEP19__SPI_HandleTypeDefjj  stm32f4xx_hal_spi.o
    0x08004218   0x08004218   0x000000b8   Code   RO         3114    i._ZN41_INTERNAL_19_stm32f4xx_hal_spi_c_5e7b22bd29SPI_WaitFlagStateUntilTimeoutEP19__SPI_HandleTypeDefj10FlagStatusjj  stm32f4xx_hal_spi.o
    0x080042d0   0x080042d0   0x00000060   Code   RO         3542    i._ZN41_INTERNAL_19_stm32f4xx_hal_tim_c_a9d95b5217TIM_OC1_SetConfigEP11TIM_TypeDefP18TIM_OC_InitTypeDef  stm32f4xx_hal_tim.o
    0x08004330   0x08004330   0x00000068   Code   RO         3543    i._ZN41_INTERNAL_19_stm32f4xx_hal_tim_c_a9d95b5217TIM_OC3_SetConfigEP11TIM_TypeDefP18TIM_OC_InitTypeDef  stm32f4xx_hal_tim.o
    0x08004398   0x08004398   0x00000050   Code   RO         3544    i._ZN41_INTERNAL_19_stm32f4xx_hal_tim_c_a9d95b5217TIM_OC4_SetConfigEP11TIM_TypeDefP18TIM_OC_InitTypeDef  stm32f4xx_hal_tim.o
    0x080043e8   0x080043e8   0x00000020   Code   RO         1838    i._ZN44_INTERNAL_22_stm32f4xx_hal_cortex_c_2992dbc018__NVIC_SetPriorityE9IRQn_Typej  stm32f4xx_hal_cortex.o
    0x08004408   0x08004408   0x00000032   Code   RO           15    i.main              main.o
    0x0800443a   0x0800443a   0x0000000a   Code   RO         5325    x$fpl$fpinit        fz_wm.l(fpinit.o)
    0x08004444   0x08004444   0x00000008   Data   RO         1532    .constdata          stm32f4xx_hal_dma.o
    0x0800444c   0x0800444c   0x00000010   Data   RO         4574    .constdata          system_stm32f4xx.o
    0x0800445c   0x0800445c   0x00000008   Data   RO         4575    .constdata          system_stm32f4xx.o
    0x08004464   0x08004464   0x0000000c   Data   RO         4617    .constdata          ist8310.o
    0x08004470   0x08004470   0x000019e8   Data   RO         4813    .constdata          i2c_oled.o
    0x08005e58   0x08005e58   0x00000020   Data   RO         5383    Region$$Table       anon$$obj.o


    Execution Region RW_IRAM1 (Exec base: 0x20000000, Load base: 0x08005e78, Size: 0x00000e60, Max: 0x0001c000, ABSOLUTE)

    Exec Addr    Load Addr    Size         Type   Attr      Idx    E Section Name        Object

    0x20000000   0x08005e78   0x0000000c   Data   RW         2028    .data               stm32f4xx_hal.o
    0x2000000c   0x08005e84   0x00000004   Data   RW         4576    .data               system_stm32f4xx.o
    0x20000010   0x08005e88   0x00000014   Data   RW         4618    .data               ist8310.o
    0x20000024   0x08005e9c   0x00000024   Data   RW         4698    .data               ps2.o
    0x20000048   0x08005ec0   0x00000004   Data   RW         4815    .data               i2c_oled.o
    0x2000004c   0x08005ec4   0x00000024   Data   RW         4973    .data               bmi088.o
    0x20000070   0x08005ee8   0x00000004   Data   RW         5064    .data               adctest.o
    0x20000074   0x08005eec   0x00000010   Data   RW         5160    .data               maincpp.o
    0x20000084        -       0x00000090   Zero   RW          259    .bss                adc.o
    0x20000114        -       0x00000028   Zero   RW          309    .bss                can.o
    0x2000013c        -       0x000000a8   Zero   RW          381    .bss                i2c.o
    0x200001e4        -       0x00000118   Zero   RW          431    .bss                spi.o
    0x200002fc        -       0x00000048   Zero   RW          478    .bss                tim.o
    0x20000344        -       0x0000000c   Zero   RW         4616    .bss                ist8310.o
    0x20000350        -       0x00000012   Zero   RW         4697    .bss                ps2.o
    0x20000362        -       0x00000480   Zero   RW         4812    .bss                i2c_oled.o
    0x200007e2   0x08005efc   0x00000002   PAD
    0x200007e4        -       0x00000018   Zero   RW         5159    .bss                maincpp.o
    0x200007fc        -       0x00000060   Zero   RW         5255    .bss                c_w.l(libspace.o)
    0x2000085c   0x08005efc   0x00000004   PAD
    0x20000860        -       0x00000200   Zero   RW            2    HEAP                startup_stm32f407xx.o
    0x20000a60        -       0x00000400   Zero   RW            1    STACK               startup_stm32f407xx.o


    Execution Region RW_IRAM2 (Exec base: 0x2001c000, Load base: 0x08005efc, Size: 0x00000000, Max: 0x00004000, ABSOLUTE)

    **** No section assigned to this execution region ****


==============================================================================

Image component sizes


      Code (inc. data)   RO Data    RW Data    ZI Data      Debug   Object Name

       324         40          0          0        144       2434   adc.o
       166         26          0          4          0       2270   adctest.o
      1260         90          0         36          0       9498   bmi088.o
       204         24          0          0         40       1757   can.o
        60          4          0          0          0        822   dma.o
       212          8          0          0          0       2384   drv_can.o
       388         24          0          0          0       1195   gpio.o
       360         54          0          0        168       2474   i2c.o
       974         44       6632          4       1152       9240   i2c_oled.o
       392         40         12         20         12       3239   ist8310.o
       202          8          0          0          0     721776   main.o
       460         60          0         16         24       3762   maincpp.o
       800         62          0         36         18       5800   ps2.o
        48          6          0          0          0        945   rmmotor.o
       328         32          0          0        280       1967   spi.o
        64         26        392          0       1536        852   startup_stm32f407xx.o
       180         28          0         12          0       9493   stm32f4xx_hal.o
      1140         52          0          0          0       5354   stm32f4xx_hal_adc.o
      1620          6          0          0          0      13088   stm32f4xx_hal_can.o
       198         14          0          0          0      33991   stm32f4xx_hal_cortex.o
       752         16          8          0          0       4132   stm32f4xx_hal_dma.o
       540         52          0          0          0       3542   stm32f4xx_hal_gpio.o
      2174         52          0          0          0      13110   stm32f4xx_hal_i2c.o
        48          6          0          0          0        894   stm32f4xx_hal_msp.o
      1328         70          0          0          0       5197   stm32f4xx_hal_rcc.o
       942         12          0          0          0       4985   stm32f4xx_hal_spi.o
       974         80          0          0          0       8296   stm32f4xx_hal_tim.o
        74         24          0          0          0       6625   stm32f4xx_it.o
        16          4         24          4          0       1175   system_stm32f4xx.o
       224         32          0          0         72       2338   tim.o

    ----------------------------------------------------------------------
     16476        996       7100        132       3448     882635   Object Totals
         0          0         32          0          0          0   (incl. Generated)
        24          0          0          0          2          0   (incl. Padding)

    ----------------------------------------------------------------------

      Code (inc. data)   RO Data    RW Data    ZI Data      Debug   Library Member Name

         8          0          0          0          0         68   __main.o
         0          0          0          0          0          0   __rtentry.o
        12          0          0          0          0          0   __rtentry2.o
         6          0          0          0          0          0   __rtentry4.o
        52          8          0          0          0          0   __scatter.o
        26          0          0          0          0          0   __scatter_copy.o
        28          0          0          0          0          0   __scatter_zi.o
        18          0          0          0          0         80   exit.o
         6          0          0          0          0        152   heapauxi.o
         0          0          0          0          0          0   indicate_semi.o
         2          0          0          0          0          0   libinit.o
         6          0          0          0          0          0   libinit2.o
         2          0          0          0          0          0   libshutdown.o
         2          0          0          0          0          0   libshutdown2.o
         8          4          0          0         96         68   libspace.o
       238          0          0          0          0        100   lludivv7m.o
        78          0          0          0          0         80   rt_memclr_w.o
         2          0          0          0          0          0   rtexit.o
        10          0          0          0          0          0   rtexit2.o
        12          4          0          0          0         68   sys_exit.o
        74          0          0          0          0         80   sys_stackheap_outer.o
         2          0          0          0          0         68   use_no_semi.o
        10          0          0          0          0        116   fpinit.o

    ----------------------------------------------------------------------
       608         16          0          0        100        880   Library Totals
         6          0          0          0          4          0   (incl. Padding)

    ----------------------------------------------------------------------

      Code (inc. data)   RO Data    RW Data    ZI Data      Debug   Library Name

       592         16          0          0         96        764   c_w.l
        10          0          0          0          0        116   fz_wm.l

    ----------------------------------------------------------------------
       608         16          0          0        100        880   Library Totals

    ----------------------------------------------------------------------

==============================================================================


      Code (inc. data)   RO Data    RW Data    ZI Data      Debug   

     17084       1012       7100        132       3548     869055   Grand Totals
     17084       1012       7100        132       3548     869055   ELF Image Totals
     17084       1012       7100        132          0          0   ROM Totals

==============================================================================

    Total RO  Size (Code + RO Data)                24184 (  23.62kB)
    Total RW  Size (RW Data + ZI Data)              3680 (   3.59kB)
    Total ROM Size (Code + RO Data + RW Data)      24316 (  23.75kB)

==============================================================================

