Component: ARM Compiler 5.06 update 7 (build 960) Tool: armlink [4d3601]

==============================================================================

Section Cross References

    startup_stm32f407xx.o(STACK) refers (Special) to heapauxi.o(.text) for __use_two_region_memory
    startup_stm32f407xx.o(HEAP) refers (Special) to heapauxi.o(.text) for __use_two_region_memory
    startup_stm32f407xx.o(RESET) refers (Special) to heapauxi.o(.text) for __use_two_region_memory
    startup_stm32f407xx.o(RESET) refers to startup_stm32f407xx.o(STACK) for __initial_sp
    startup_stm32f407xx.o(RESET) refers to startup_stm32f407xx.o(.text) for Reset_Handler
    startup_stm32f407xx.o(RESET) refers to stm32f4xx_it.o(i.NMI_Handler) for NMI_Handler
    startup_stm32f407xx.o(RESET) refers to stm32f4xx_it.o(i.HardFault_Handler) for HardFault_Handler
    startup_stm32f407xx.o(RESET) refers to stm32f4xx_it.o(i.MemManage_Handler) for MemManage_Handler
    startup_stm32f407xx.o(RESET) refers to stm32f4xx_it.o(i.BusFault_Handler) for BusFault_Handler
    startup_stm32f407xx.o(RESET) refers to stm32f4xx_it.o(i.UsageFault_Handler) for UsageFault_Handler
    startup_stm32f407xx.o(RESET) refers to port.o(.emb_text) for SVC_Handler
    startup_stm32f407xx.o(RESET) refers to stm32f4xx_it.o(i.DebugMon_Handler) for DebugMon_Handler
    startup_stm32f407xx.o(RESET) refers to port.o(i.SysTick_Handler) for SysTick_Handler
    startup_stm32f407xx.o(RESET) refers to stm32f4xx_it.o(i.DMA1_Stream1_IRQHandler) for DMA1_Stream1_IRQHandler
    startup_stm32f407xx.o(RESET) refers to stm32f4xx_it.o(i.DMA1_Stream2_IRQHandler) for DMA1_Stream2_IRQHandler
    startup_stm32f407xx.o(RESET) refers to stm32f4xx_it.o(i.DMA1_Stream3_IRQHandler) for DMA1_Stream3_IRQHandler
    startup_stm32f407xx.o(RESET) refers to stm32f4xx_it.o(i.DMA1_Stream4_IRQHandler) for DMA1_Stream4_IRQHandler
    startup_stm32f407xx.o(RESET) refers to stm32f4xx_it.o(i.ADC_IRQHandler) for ADC_IRQHandler
    startup_stm32f407xx.o(RESET) refers to stm32f4xx_it.o(i.CAN1_RX0_IRQHandler) for CAN1_RX0_IRQHandler
    startup_stm32f407xx.o(RESET) refers to stm32f4xx_it.o(i.CAN1_RX1_IRQHandler) for CAN1_RX1_IRQHandler
    startup_stm32f407xx.o(RESET) refers to stm32f4xx_it.o(i.TIM1_UP_TIM10_IRQHandler) for TIM1_UP_TIM10_IRQHandler
    startup_stm32f407xx.o(RESET) refers to stm32f4xx_it.o(i.TIM2_IRQHandler) for TIM2_IRQHandler
    startup_stm32f407xx.o(RESET) refers to stm32f4xx_it.o(i.USART3_IRQHandler) for USART3_IRQHandler
    startup_stm32f407xx.o(RESET) refers to stm32f4xx_it.o(i.UART4_IRQHandler) for UART4_IRQHandler
    startup_stm32f407xx.o(RESET) refers to stm32f4xx_it.o(i.DMA2_Stream0_IRQHandler) for DMA2_Stream0_IRQHandler
    startup_stm32f407xx.o(.text) refers (Special) to heapauxi.o(.text) for __use_two_region_memory
    startup_stm32f407xx.o(.text) refers to system_stm32f4xx.o(i.SystemInit) for SystemInit
    startup_stm32f407xx.o(.text) refers to __main.o(!!!main) for __main
    startup_stm32f407xx.o(.text) refers to startup_stm32f407xx.o(HEAP) for Heap_Mem
    startup_stm32f407xx.o(.text) refers to startup_stm32f407xx.o(STACK) for Stack_Mem
    main.o(i.HAL_TIM_PeriodElapsedCallback) refers to stm32f4xx_hal.o(i.HAL_IncTick) for HAL_IncTick
    main.o(i.SystemClock_Config) refers to rt_memclr_w.o(.text) for __aeabi_memclr4
    main.o(i.SystemClock_Config) refers to stm32f4xx_hal_rcc.o(i.HAL_RCC_OscConfig) for HAL_RCC_OscConfig
    main.o(i.SystemClock_Config) refers to stm32f4xx_hal_rcc.o(i.HAL_RCC_ClockConfig) for HAL_RCC_ClockConfig
    main.o(i.main) refers to stm32f4xx_hal.o(i.HAL_Init) for HAL_Init
    main.o(i.main) refers to main.o(i.SystemClock_Config) for SystemClock_Config
    main.o(i.main) refers to gpio.o(i.MX_GPIO_Init) for MX_GPIO_Init
    main.o(i.main) refers to dma.o(i.MX_DMA_Init) for MX_DMA_Init
    main.o(i.main) refers to can.o(i.MX_CAN1_Init) for MX_CAN1_Init
    main.o(i.main) refers to usart.o(i.MX_USART3_UART_Init) for MX_USART3_UART_Init
    main.o(i.main) refers to usart.o(i.MX_UART4_Init) for MX_UART4_Init
    main.o(i.main) refers to adc.o(i.MX_ADC1_Init) for MX_ADC1_Init
    main.o(i.main) refers to tim.o(i.MX_TIM2_Init) for MX_TIM2_Init
    main.o(i.main) refers to freertos.o(i.MX_FREERTOS_Init) for MX_FREERTOS_Init
    main.o(i.main) refers to cmsis_os.o(i.osKernelStart) for osKernelStart
    gpio.o(i.MX_GPIO_Init) refers to rt_memclr_w.o(.text) for __aeabi_memclr4
    gpio.o(i.MX_GPIO_Init) refers to stm32f4xx_hal_gpio.o(i.HAL_GPIO_WritePin) for HAL_GPIO_WritePin
    gpio.o(i.MX_GPIO_Init) refers to stm32f4xx_hal_gpio.o(i.HAL_GPIO_Init) for HAL_GPIO_Init
    freertos.o(i.MX_FREERTOS_Init) refers to rt_memcpy_w.o(.text) for __aeabi_memcpy4
    freertos.o(i.MX_FREERTOS_Init) refers to cmsis_os.o(i.osThreadCreate) for osThreadCreate
    freertos.o(i.MX_FREERTOS_Init) refers to freertos.o(.constdata) for .constdata
    freertos.o(i.MX_FREERTOS_Init) refers to freertos.o(.data) for .data
[...]
    $v0                                      0x0800541c   Number         0  fretinf.o(x$fpl$fretinf)
    x$fpl$usenofp                            0x08005426   Section        0  usenofp.o(x$fpl$usenofp)
    .constdata                               0x08005428   Section       56  freertos.o(.constdata)
    .constdata                               0x08005460   Section        8  stm32f4xx_hal_dma.o(.constdata)
    flagBitshiftOffset                       0x08005460   Data           8  stm32f4xx_hal_dma.o(.constdata)
    .constdata                               0x08005468   Section       16  system_stm32f4xx.o(.constdata)
    .constdata                               0x08005478   Section        8  system_stm32f4xx.o(.constdata)
    .constdata                               0x08005480   Section       10  nrf24l01.o(.constdata)
    .conststring                             0x0800548c   Section       21  freertos.o(.conststring)
    .data                                    0x20000000   Section        8  freertos.o(.data)
    .data                                    0x20000008   Section       12  stm32f4xx_hal.o(.data)
    .data                                    0x20000014   Section        4  system_stm32f4xx.o(.data)
    .data                                    0x20000018   Section       60  tasks.o(.data)
    uxDeletedTasksWaitingCleanUp             0x2000001c   Data           4  tasks.o(.data)
    uxCurrentNumberOfTasks                   0x20000020   Data           4  tasks.o(.data)
    xTickCount                               0x20000024   Data           4  tasks.o(.data)
    uxTopReadyPriority                       0x20000028   Data           4  tasks.o(.data)
    xSchedulerRunning                        0x2000002c   Data           4  tasks.o(.data)
    xPendedTicks                             0x20000030   Data           4  tasks.o(.data)
    xYieldPending                            0x20000034   Data           4  tasks.o(.data)
    xNumOfOverflows                          0x20000038   Data           4  tasks.o(.data)
    uxTaskNumber                             0x2000003c   Data           4  tasks.o(.data)
    xNextTaskUnblockTime                     0x20000040   Data           4  tasks.o(.data)
    xIdleTaskHandle                          0x20000044   Data           4  tasks.o(.data)
    uxSchedulerSuspended                     0x20000048   Data           4  tasks.o(.data)
    pxDelayedTaskList                        0x2000004c   Data           4  tasks.o(.data)
    pxOverflowDelayedTaskList                0x20000050   Data           4  tasks.o(.data)
    .data                                    0x20000054   Section       32  heap_4.o(.data)
    pxEnd                                    0x20000054   Data           4  heap_4.o(.data)
    xFreeBytesRemaining                      0x20000058   Data           4  heap_4.o(.data)
    xMinimumEverFreeBytesRemaining           0x2000005c   Data           4  heap_4.o(.data)
    xNumberOfSuccessfulAllocations           0x20000060   Data           4  heap_4.o(.data)
    xNumberOfSuccessfulFrees                 0x20000064   Data           4  heap_4.o(.data)
    xBlockAllocatedBit                       0x20000068   Data           4  heap_4.o(.data)
    xStart                                   0x2000006c   Data           8  heap_4.o(.data)
    .data                                    0x20000074   Section       12  port.o(.data)
    ucMaxSysCallPriority                     0x20000074   Data           1  port.o(.data)
    uxCriticalNesting                        0x20000078   Data           4  port.o(.data)
    ulMaxPRIGROUPValue                       0x2000007c   Data           4  port.o(.data)
    .data                                    0x20000080   Section       32  spring_motor_task.o(.data)
    .data                                    0x200000a0   Section       22  message_task.o(.data)
    .data                                    0x200000b8   Section       56  jy901.o(.data)
    .data                                    0x200000f0   Section        8  imu_task.o(.data)
    .bss                                     0x200000f8   Section      596  freertos.o(.bss)
    xIdleTaskTCBBuffer                       0x200000f8   Data          84  freertos.o(.bss)
    xIdleStack                               0x2000014c   Data         512  freertos.o(.bss)
    .bss                                     0x2000034c   Section      168  adc.o(.bss)
    .bss                                     0x200003f4   Section       40  can.o(.bss)
    .bss                                     0x2000041c   Section       72  tim.o(.bss)
    .bss                                     0x20000464   Section      520  usart.o(.bss)
    .bss                                     0x2000066c   Section       72  stm32f4xx_hal_timebase_tim.o(.bss)
    .bss                                     0x200006b4   Section      240  tasks.o(.bss)
    pxReadyTasksLists                        0x200006b4   Data         140  tasks.o(.bss)
    xDelayedTaskList1                        0x20000740   Data          20  tasks.o(.bss)
    xDelayedTaskList2                        0x20000754   Data          20  tasks.o(.bss)
    xPendingReadyList                        0x20000768   Data          20  tasks.o(.bss)
    xTasksWaitingTermination                 0x2000077c   Data          20  tasks.o(.bss)
    xSuspendedTaskList                       0x20000790   Data          20  tasks.o(.bss)
    .bss                                     0x200007a4   Section    15360  heap_4.o(.bss)
    ucHeap                                   0x200007a4   Data       15360  heap_4.o(.bss)
    .bss                                     0x200043a4   Section      328  spring_motor_task.o(.bss)
    .bss                                     0x200044ec   Section       44  message_task.o(.bss)
    .bss                                     0x20004518   Section     2000  drv_uart.o(.bss)
    .bss                                     0x20004ce8   Section      132  jy901.o(.bss)
    .bss                                     0x20004d6c   Section       96  libspace.o(.bss)
    HEAP                                     0x20004dd0   Section      512  startup_stm32f407xx.o(HEAP)
    Heap_Mem                                 0x20004dd0   Data         512  startup_stm32f407xx.o(HEAP)
    STACK                                    0x20004fd0   Section     1024  startup_stm32f407xx.o(STACK)
    Stack_Mem                                0x20004fd0   Data        1024  startup_stm32f407xx.o(STACK)
    __initial_sp                             0x200053d0   Data           0  startup_stm32f407xx.o(STACK)

    Global Symbols

    Symbol Name                              Value     Ov Type        Size  Object(Section)

    BuildAttributes$$THM_ISAv4$E$P$D$K$B$S$7EM$VFPi3$EXTD16$VFPS$VFMA$PE$A:L22UL41UL21$X:L11$S22US41US21$IEEE1$IW$USESV6$~STKCKD$USESV7$~SHL$OSPACE$ROPI$EBA8$UX$STANDARDLIB$REQ8$PRES8$EABIv2 0x00000000   Number         0  anon$$obj.o ABSOLUTE
    __ARM_use_no_argv                        0x00000000   Number         0  main.o ABSOLUTE
    __ARM_exceptions_init                     - Undefined Weak Reference
    __alloca_initialize                       - Undefined Weak Reference
    __arm_fini_                               - Undefined Weak Reference
    __arm_preinit_                            - Undefined Weak Reference
    __cpp_initialize__aeabi_                  - Undefined Weak Reference
    __cxa_finalize                            - Undefined Weak Reference
    __rt_locale                               - Undefined Weak Reference
    __sigvec_lookup                           - Undefined Weak Reference
    _atexit_init                              - Undefined Weak Reference
    _call_atexit_fns                          - Undefined Weak Reference
    _clock_init                               - Undefined Weak Reference
    _fp_trap_init                             - Undefined Weak Reference
    _fp_trap_shutdown                         - Undefined Weak Reference
    _get_lc_collate                           - Undefined Weak Reference
    _get_lc_ctype                             - Undefined Weak Reference
    _get_lc_monetary                          - Undefined Weak Reference
    _get_lc_numeric                           - Undefined Weak Reference
    _get_lc_time                              - Undefined Weak Reference
    _getenv_init                              - Undefined Weak Reference
    _handle_redirection                       - Undefined Weak Reference
    _init_alloc                               - Undefined Weak Reference
    _init_user_alloc                          - Undefined Weak Reference
    _initio                                   - Undefined Weak Reference
    _rand_init                                - Undefined Weak Reference
    _signal_finish                            - Undefined Weak Reference
    _signal_init                              - Undefined Weak Reference
    _terminate_alloc                          - Undefined Weak Reference
    _terminate_user_alloc                     - Undefined Weak Reference
    _terminateio                              - Undefined Weak Reference
    __Vectors_Size                           0x00000188   Number         0  startup_stm32f407xx.o ABSOLUTE
    __Vectors                                0x08000000   Data           4  startup_stm32f407xx.o(RESET)
    __Vectors_End                            0x08000188   Data           0  startup_stm32f407xx.o(RESET)
    __main                                   0x08000189   Thumb Code     8  __main.o(!!!main)
    __scatterload                            0x08000191   Thumb Code     0  __scatter.o(!!!scatter)
    __scatterload_rt2                        0x08000191   Thumb Code    44  __scatter.o(!!!scatter)
    __scatterload_rt2_thumb_only             0x08000191   Thumb Code     0  __scatter.o(!!!scatter)
    __scatterload_null                       0x0800019f   Thumb Code     0  __scatter.o(!!!scatter)
    __scatterload_copy                       0x080001c5   Thumb Code    26  __scatter_copy.o(!!handler_copy)
    __scatterload_zeroinit                   0x080001e1   Thumb Code    28  __scatter_zi.o(!!handler_zi)
    __rt_lib_init                            0x080001fd   Thumb Code     0  libinit.o(.ARM.Collect$$libinit$$00000000)
    __rt_lib_init_fp_1                       0x080001ff   Thumb Code     0  libinit2.o(.ARM.Collect$$libinit$$00000001)
    __rt_lib_init_alloca_1                   0x08000203   Thumb Code     0  libinit2.o(.ARM.Collect$$libinit$$0000002E)
    __rt_lib_init_argv_1                     0x08000203   Thumb Code     0  libinit2.o(.ARM.Collect$$libinit$$0000002C)
    __rt_lib_init_atexit_1                   0x08000203   Thumb Code     0  libinit2.o(.ARM.Collect$$libinit$$0000001B)
    __rt_lib_init_clock_1                    0x08000203   Thumb Code     0  libinit2.o(.ARM.Collect$$libinit$$00000021)
    __rt_lib_init_cpp_1                      0x08000203   Thumb Code     0  libinit2.o(.ARM.Collect$$libinit$$00000032)
    __rt_lib_init_exceptions_1               0x08000203   Thumb Code     0  libinit2.o(.ARM.Collect$$libinit$$00000030)
    __rt_lib_init_fp_trap_1                  0x08000203   Thumb Code     0  libinit2.o(.ARM.Collect$$libinit$$0000001F)
    __rt_lib_init_getenv_1                   0x08000203   Thumb Code     0  libinit2.o(.ARM.Collect$$libinit$$00000023)
    __rt_lib_init_heap_1                     0x08000203   Thumb Code     0  libinit2.o(.ARM.Collect$$libinit$$0000000A)
    __rt_lib_init_lc_collate_1               0x08000203   Thumb Code     0  libinit2.o(.ARM.Collect$$libinit$$00000011)
    __rt_lib_init_lc_ctype_1                 0x08000203   Thumb Code     0  libinit2.o(.ARM.Collect$$libinit$$00000013)
    __rt_lib_init_lc_monetary_1              0x08000203   Thumb Code     0  libinit2.o(.ARM.Collect$$libinit$$00000015)
    __rt_lib_init_lc_numeric_1               0x08000203   Thumb Code     0  libinit2.o(.ARM.Collect$$libinit$$00000017)
    __rt_lib_init_lc_time_1                  0x08000203   Thumb Code     0  libinit2.o(.ARM.Collect$$libinit$$00000019)
    __rt_lib_init_preinit_1                  0x08000203   Thumb Code     0  libinit2.o(.ARM.Collect$$libinit$$00000004)
    __rt_lib_init_rand_1                     0x08000203   Thumb Code     0  libinit2.o(.ARM.Collect$$libinit$$0000000E)
    __rt_lib_init_return                     0x08000203   Thumb Code     0  libinit2.o(.ARM.Collect$$libinit$$00000033)
    __rt_lib_init_signal_1                   0x08000203   Thumb Code     0  libinit2.o(.ARM.Collect$$libinit$$0000001D)
    __rt_lib_init_stdio_1                    0x08000203   Thumb Code     0  libinit2.o(.ARM.Collect$$libinit$$00000025)
    __rt_lib_init_user_alloc_1               0x08000203   Thumb Code     0  libinit2.o(.ARM.Collect$$libinit$$0000000C)
    __rt_lib_shutdown                        0x08000205   Thumb Code     0  libshutdown.o(.ARM.Collect$$libshutdown$$00000000)
    __rt_lib_shutdown_cpp_1                  0x08000207   Thumb Code     0  libshutdown2.o(.ARM.Collect$$libshutdown$$00000004)
    __rt_lib_shutdown_fini_1                 0x08000207   Thumb Code     0  libshutdown2.o(.ARM.Collect$$libshutdown$$00000002)
    __rt_lib_shutdown_fp_trap_1              0x08000207   Thumb Code     0  libshutdown2.o(.ARM.Collect$$libshutdown$$00000009)
    __rt_lib_shutdown_heap_1                 0x08000207   Thumb Code     0  libshutdown2.o(.ARM.Collect$$libshutdown$$00000011)
    __rt_lib_shutdown_return                 0x08000207   Thumb Code     0  libshutdown2.o(.ARM.Collect$$libshutdown$$00000012)
    __rt_lib_shutdown_signal_1               0x08000207   Thumb Code     0  libshutdown2.o(.ARM.Collect$$libshutdown$$0000000C)
    __rt_lib_shutdown_stdio_1                0x08000207   Thumb Code     0  libshutdown2.o(.ARM.Collect$$libshutdown$$00000006)
    __rt_lib_shutdown_user_alloc_1           0x08000207   Thumb Code     0  libshutdown2.o(.ARM.Collect$$libshutdown$$0000000E)
    __rt_entry                               0x08000209   Thumb Code     0  __rtentry.o(.ARM.Collect$$rtentry$$00000000)
    __rt_entry_presh_1                       0x08000209   Thumb Code     0  __rtentry2.o(.ARM.Collect$$rtentry$$00000002)
    __rt_entry_sh                            0x08000209   Thumb Code     0  __rtentry4.o(.ARM.Collect$$rtentry$$00000004)
    __rt_entry_li                            0x0800020f   Thumb Code     0  __rtentry2.o(.ARM.Collect$$rtentry$$0000000A)
    __rt_entry_postsh_1                      0x0800020f   Thumb Code     0  __rtentry2.o(.ARM.Collect$$rtentry$$00000009)
    __rt_entry_main                          0x08000213   Thumb Code     0  __rtentry2.o(.ARM.Collect$$rtentry$$0000000D)
    __rt_entry_postli_1                      0x08000213   Thumb Code     0  __rtentry2.o(.ARM.Collect$$rtentry$$0000000C)
    __rt_exit                                0x0800021b   Thumb Code     0  rtexit.o(.ARM.Collect$$rtexit$$00000000)
    __rt_exit_ls                             0x0800021d   Thumb Code     0  rtexit2.o(.ARM.Collect$$rtexit$$00000003)
    __rt_exit_prels_1                        0x0800021d   Thumb Code     0  rtexit2.o(.ARM.Collect$$rtexit$$00000002)
    __rt_exit_exit                           0x08000221   Thumb Code     0  rtexit2.o(.ARM.Collect$$rtexit$$00000004)
    SVC_Handler                              0x08000229   Thumb Code    28  port.o(.emb_text)
    __asm___6_port_c_39a90d8d__prvStartFirstTask 0x08000249   Thumb Code    36  port.o(.emb_text)
    __asm___6_port_c_39a90d8d__prvEnableVFP  0x08000271   Thumb Code    16  port.o(.emb_text)
    PendSV_Handler                           0x08000285   Thumb Code    88  port.o(.emb_text)
    vPortGetIPSR                             0x080002e1   Thumb Code     6  port.o(.emb_text)
    Reset_Handler                            0x080002e9   Thumb Code     8  startup_stm32f407xx.o(.text)
    CAN1_SCE_IRQHandler                      0x08000303   Thumb Code     0  startup_stm32f407xx.o(.text)
    CAN1_TX_IRQHandler                       0x08000303   Thumb Code     0  startup_stm32f407xx.o(.text)
    CAN2_RX0_IRQHandler                      0x08000303   Thumb Code     0  startup_stm32f407xx.o(.text)
    CAN2_RX1_IRQHandler                      0x08000303   Thumb Code     0  startup_stm32f407xx.o(.text)
    CAN2_SCE_IRQHandler                      0x08000303   Thumb Code     0  startup_stm32f407xx.o(.text)
    CAN2_TX_IRQHandler                       0x08000303   Thumb Code     0  startup_stm32f407xx.o(.text)
    DCMI_IRQHandler                          0x08000303   Thumb Code     0  startup_stm32f407xx.o(.text)
    DMA1_Stream0_IRQHandler                  0x08000303   Thumb Code     0  startup_stm32f407xx.o(.text)
    DMA1_Stream5_IRQHandler                  0x08000303   Thumb Code     0  startup_stm32f407xx.o(.text)
    DMA1_Stream6_IRQHandler                  0x08000303   Thumb Code     0  startup_stm32f407xx.o(.text)
    DMA1_Stream7_IRQHandler                  0x08000303   Thumb Code     0  startup_stm32f407xx.o(.text)
    DMA2_Stream1_IRQHandler                  0x08000303   Thumb Code     0  startup_stm32f407xx.o(.text)
    DMA2_Stream2_IRQHandler                  0x08000303   Thumb Code     0  startup_stm32f407xx.o(.text)
    DMA2_Stream3_IRQHandler                  0x08000303   Thumb Code     0  startup_stm32f407xx.o(.text)
    DMA2_Stream4_IRQHandler                  0x08000303   Thumb Code     0  startup_stm32f407xx.o(.text)
    DMA2_Stream5_IRQHandler                  0x08000303   Thumb Code     0  startup_stm32f407xx.o(.text)
    DMA2_Stream6_IRQHandler                  0x08000303   Thumb Code     0  startup_stm32f407xx.o(.text)
    DMA2_Stream7_IRQHandler                  0x08000303   Thumb Code     0  startup_stm32f407xx.o(.text)
    ETH_IRQHandler                           0x08000303   Thumb Code     0  startup_stm32f407xx.o(.text)
    ETH_WKUP_IRQHandler                      0x08000303   Thumb Code     0  startup_stm32f407xx.o(.text)
    EXTI0_IRQHandler                         0x08000303   Thumb Code     0  startup_stm32f407xx.o(.text)
    EXTI15_10_IRQHandler                     0x08000303   Thumb Code     0  startup_stm32f407xx.o(.text)
    EXTI1_IRQHandler                         0x08000303   Thumb Code     0  startup_stm32f407xx.o(.text)
    EXTI2_IRQHandler                         0x08000303   Thumb Code     0  startup_stm32f407xx.o(.text)
    EXTI3_IRQHandler                         0x08000303   Thumb Code     0  startup_stm32f407xx.o(.text)
    EXTI4_IRQHandler                         0x08000303   Thumb Code     0  startup_stm32f407xx.o(.text)
    EXTI9_5_IRQHandler                       0x08000303   Thumb Code     0  startup_stm32f407xx.o(.text)
    FLASH_IRQHandler                         0x08000303   Thumb Code     0  startup_stm32f407xx.o(.text)
    FMC_IRQHandler                           0x08000303   Thumb Code     0  startup_stm32f407xx.o(.text)
    FPU_IRQHandler                           0x08000303   Thumb Code     0  startup_stm32f407xx.o(.text)
    HASH_RNG_IRQHandler                      0x08000303   Thumb Code     0  startup_stm32f407xx.o(.text)
    I2C1_ER_IRQHandler                       0x08000303   Thumb Code     0  startup_stm32f407xx.o(.text)
    I2C1_EV_IRQHandler                       0x08000303   Thumb Code     0  startup_stm32f407xx.o(.text)
    I2C2_ER_IRQHandler                       0x08000303   Thumb Code     0  startup_stm32f407xx.o(.text)
    I2C2_EV_IRQHandler                       0x08000303   Thumb Code     0  startup_stm32f407xx.o(.text)
    I2C3_ER_IRQHandler                       0x08000303   Thumb Code     0  startup_stm32f407xx.o(.text)
    I2C3_EV_IRQHandler                       0x08000303   Thumb Code     0  startup_stm32f407xx.o(.text)
    OTG_FS_IRQHandler                        0x08000303   Thumb Code     0  startup_stm32f407xx.o(.text)
    OTG_FS_WKUP_IRQHandler                   0x08000303   Thumb Code     0  startup_stm32f407xx.o(.text)
    OTG_HS_EP1_IN_IRQHandler                 0x08000303   Thumb Code     0  startup_stm32f407xx.o(.text)
    OTG_HS_EP1_OUT_IRQHandler                0x08000303   Thumb Code     0  startup_stm32f407xx.o(.text)
    OTG_HS_IRQHandler                        0x08000303   Thumb Code     0  startup_stm32f407xx.o(.text)
    OTG_HS_WKUP_IRQHandler                   0x08000303   Thumb Code     0  startup_stm32f407xx.o(.text)
    PVD_IRQHandler                           0x08000303   Thumb Code     0  startup_stm32f407xx.o(.text)
    RCC_IRQHandler                           0x08000303   Thumb Code     0  startup_stm32f407xx.o(.text)
    RTC_Alarm_IRQHandler                     0x08000303   Thumb Code     0  startup_stm32f407xx.o(.text)
    RTC_WKUP_IRQHandler                      0x08000303   Thumb Code     0  startup_stm32f407xx.o(.text)
    SDIO_IRQHandler                          0x08000303   Thumb Code     0  startup_stm32f407xx.o(.text)
    SPI1_IRQHandler                          0x08000303   Thumb Code     0  startup_stm32f407xx.o(.text)
    SPI2_IRQHandler                          0x08000303   Thumb Code     0  startup_stm32f407xx.o(.text)
    SPI3_IRQHandler                          0x08000303   Thumb Code     0  startup_stm32f407xx.o(.text)
    TAMP_STAMP_IRQHandler                    0x08000303   Thumb Code     0  startup_stm32f407xx.o(.text)
    TIM1_BRK_TIM9_IRQHandler                 0x08000303   Thumb Code     0  startup_stm32f407xx.o(.text)
    TIM1_CC_IRQHandler                       0x08000303   Thumb Code     0  startup_stm32f407xx.o(.text)
    TIM1_TRG_COM_TIM11_IRQHandler            0x08000303   Thumb Code     0  startup_stm32f407xx.o(.text)
    TIM3_IRQHandler                          0x08000303   Thumb Code     0  startup_stm32f407xx.o(.text)
    TIM4_IRQHandler                          0x08000303   Thumb Code     0  startup_stm32f407xx.o(.text)
    TIM5_IRQHandler                          0x08000303   Thumb Code     0  startup_stm32f407xx.o(.text)
    TIM6_DAC_IRQHandler                      0x08000303   Thumb Code     0  startup_stm32f407xx.o(.text)
    TIM7_IRQHandler                          0x08000303   Thumb Code     0  startup_stm32f407xx.o(.text)
    TIM8_BRK_TIM12_IRQHandler                0x08000303   Thumb Code     0  startup_stm32f407xx.o(.text)
    TIM8_CC_IRQHandler                       0x08000303   Thumb Code     0  startup_stm32f407xx.o(.text)
    TIM8_TRG_COM_TIM14_IRQHandler            0x08000303   Thumb Code     0  startup_stm32f407xx.o(.text)
    TIM8_UP_TIM13_IRQHandler                 0x08000303   Thumb Code     0  startup_stm32f407xx.o(.text)
    UART5_IRQHandler                         0x08000303   Thumb Code     0  startup_stm32f407xx.o(.text)
    USART1_IRQHandler                        0x08000303   Thumb Code     0  startup_stm32f407xx.o(.text)
    USART2_IRQHandler                        0x08000303   Thumb Code     0  startup_stm32f407xx.o(.text)
    USART6_IRQHandler                        0x08000303   Thumb Code     0  startup_stm32f407xx.o(.text)
    WWDG_IRQHandler                          0x08000303   Thumb Code     0  startup_stm32f407xx.o(.text)
    __user_initial_stackheap                 0x08000305   Thumb Code     0  startup_stm32f407xx.o(.text)
    __aeabi_uldivmod                         0x08000329   Thumb Code     0  lludivv7m.o(.text)
    _ll_udiv                                 0x08000329   Thumb Code   238  lludivv7m.o(.text)
    __aeabi_memcpy4                          0x08000417   Thumb Code     0  rt_memcpy_w.o(.text)
    __aeabi_memcpy8                          0x08000417   Thumb Code     0  rt_memcpy_w.o(.text)
    __rt_memcpy_w                            0x08000417   Thumb Code   100  rt_memcpy_w.o(.text)
    _memcpy_lastbytes_aligned                0x0800045f   Thumb Code     0  rt_memcpy_w.o(.text)
    __aeabi_memclr4                          0x0800047b   Thumb Code     0  rt_memclr_w.o(.text)
    __aeabi_memclr8                          0x0800047b   Thumb Code     0  rt_memclr_w.o(.text)
    __rt_memclr_w                            0x0800047b   Thumb Code    78  rt_memclr_w.o(.text)
    _memset_w                                0x0800047f   Thumb Code     0  rt_memclr_w.o(.text)
    __use_two_region_memory                  0x080004c9   Thumb Code     2  heapauxi.o(.text)
    __rt_heap_escrow$2region                 0x080004cb   Thumb Code     2  heapauxi.o(.text)
    __rt_heap_expand$2region                 0x080004cd   Thumb Code     2  heapauxi.o(.text)
    __user_setup_stackheap                   0x080004cf   Thumb Code    74  sys_stackheap_outer.o(.text)
    exit                                     0x08000519   Thumb Code    18  exit.o(.text)
    __user_libspace                          0x0800052d   Thumb Code     8  libspace.o(.text)
    __user_perproc_libspace                  0x0800052d   Thumb Code     0  libspace.o(.text)
    __user_perthread_libspace                0x0800052d   Thumb Code     0  libspace.o(.text)
    _sys_exit                                0x08000535   Thumb Code     8  sys_exit.o(.text)
    __I$use$semihosting                      0x08000541   Thumb Code     0  use_no_semi.o(.text)
    __use_no_semihosting_swi                 0x08000541   Thumb Code     2  use_no_semi.o(.text)
    __semihosting_library_function           0x08000543   Thumb Code     0  indicate_semi.o(.text)
    ADC_IRQHandler                           0x080005d1   Thumb Code     6  stm32f4xx_it.o(i.ADC_IRQHandler)
    BusFault_Handler                         0x08000705   Thumb Code     2  stm32f4xx_it.o(i.BusFault_Handler)
    CAN1_RX0_IRQHandler                      0x08000709   Thumb Code     6  stm32f4xx_it.o(i.CAN1_RX0_IRQHandler)
    CAN1_RX1_IRQHandler                      0x08000715   Thumb Code     6  stm32f4xx_it.o(i.CAN1_RX1_IRQHandler)
    CAN_Filter_Mask_Config                   0x08000721   Thumb Code    84  drv_can.o(i.CAN_Filter_Mask_Config)
    CAN_Init                                 0x08000775   Thumb Code    92  drv_can.o(i.CAN_Init)
    CAN_SEND_Data                            0x080007d9   Thumb Code    28  drv_can.o(i.CAN_SEND_Data)
    DMA1_Stream1_IRQHandler                  0x080007f5   Thumb Code     6  stm32f4xx_it.o(i.DMA1_Stream1_IRQHandler)
    DMA1_Stream2_IRQHandler                  0x08000801   Thumb Code     6  stm32f4xx_it.o(i.DMA1_Stream2_IRQHandler)
    DMA1_Stream3_IRQHandler                  0x0800080d   Thumb Code     6  stm32f4xx_it.o(i.DMA1_Stream3_IRQHandler)
    DMA1_Stream4_IRQHandler                  0x08000819   Thumb Code     6  stm32f4xx_it.o(i.DMA1_Stream4_IRQHandler)
    DMA2_Stream0_IRQHandler                  0x08000825   Thumb Code     6  stm32f4xx_it.o(i.DMA2_Stream0_IRQHandler)
    DebugMon_Handler                         0x080008d5   Thumb Code     2  stm32f4xx_it.o(i.DebugMon_Handler)
    Delay                                    0x080008d7   Thumb Code    16  nrf24l01.o(i.Delay)
    Error_Handler                            0x080008e7   Thumb Code     4  main.o(i.Error_Handler)
    HAL_ADCEx_InjectedConvCpltCallback       0x080008eb   Thumb Code     2  stm32f4xx_hal_adc_ex.o(i.HAL_ADCEx_InjectedConvCpltCallback)
    HAL_ADC_ConfigChannel                    0x080008ed   Thumb Code   316  stm32f4xx_hal_adc.o(i.HAL_ADC_ConfigChannel)
    HAL_ADC_ConvCpltCallback                 0x08000a39   Thumb Code     2  stm32f4xx_hal_adc.o(i.HAL_ADC_ConvCpltCallback)
    HAL_ADC_ConvHalfCpltCallback             0x08000a3b   Thumb Code     2  stm32f4xx_hal_adc.o(i.HAL_ADC_ConvHalfCpltCallback)
    HAL_ADC_ErrorCallback                    0x08000a3d   Thumb Code     2  stm32f4xx_hal_adc.o(i.HAL_ADC_ErrorCallback)
    HAL_ADC_IRQHandler                       0x08000a3f   Thumb Code   302  stm32f4xx_hal_adc.o(i.HAL_ADC_IRQHandler)
    HAL_ADC_Init                             0x08000b6d   Thumb Code    84  stm32f4xx_hal_adc.o(i.HAL_ADC_Init)
    HAL_ADC_LevelOutOfWindowCallback         0x08000bc1   Thumb Code     2  stm32f4xx_hal_adc.o(i.HAL_ADC_LevelOutOfWindowCallback)
    HAL_ADC_MspInit                          0x08000bc5   Thumb Code   148  adc.o(i.HAL_ADC_MspInit)
    HAL_ADC_Start_DMA                        0x08000c6d   Thumb Code   302  stm32f4xx_hal_adc.o(i.HAL_ADC_Start_DMA)
    HAL_CAN_AddTxMessage                     0x08000dc1   Thumb Code   220  stm32f4xx_hal_can.o(i.HAL_CAN_AddTxMessage)
    HAL_CAN_ConfigFilter                     0x08000e9d   Thumb Code   262  stm32f4xx_hal_can.o(i.HAL_CAN_ConfigFilter)
    HAL_CAN_ErrorCallback                    0x08000fa9   Thumb Code     2  stm32f4xx_hal_can.o(i.HAL_CAN_ErrorCallback)
    HAL_CAN_GetRxMessage                     0x08000fab   Thumb Code   232  stm32f4xx_hal_can.o(i.HAL_CAN_GetRxMessage)
    HAL_CAN_IRQHandler                       0x08001093   Thumb Code   508  stm32f4xx_hal_can.o(i.HAL_CAN_IRQHandler)
    HAL_CAN_Init                             0x0800128f   Thumb Code   282  stm32f4xx_hal_can.o(i.HAL_CAN_Init)
    HAL_CAN_MspInit                          0x080013a9   Thumb Code   126  can.o(i.HAL_CAN_MspInit)
    HAL_CAN_RxFifo0FullCallback              0x08001435   Thumb Code     2  stm32f4xx_hal_can.o(i.HAL_CAN_RxFifo0FullCallback)
    HAL_CAN_RxFifo0MsgPendingCallback        0x08001439   Thumb Code    42  message_task.o(i.HAL_CAN_RxFifo0MsgPendingCallback)
    HAL_CAN_RxFifo1FullCallback              0x0800146d   Thumb Code     2  stm32f4xx_hal_can.o(i.HAL_CAN_RxFifo1FullCallback)
    HAL_CAN_RxFifo1MsgPendingCallback        0x08001471   Thumb Code    42  message_task.o(i.HAL_CAN_RxFifo1MsgPendingCallback)
    HAL_CAN_SleepCallback                    0x080014a5   Thumb Code     2  stm32f4xx_hal_can.o(i.HAL_CAN_SleepCallback)
    HAL_CAN_Start                            0x080014a9   Thumb Code    88  stm32f4xx_hal_can.o(i.HAL_CAN_Start)
    HAL_CAN_TxMailbox0AbortCallback          0x08001501   Thumb Code     2  stm32f4xx_hal_can.o(i.HAL_CAN_TxMailbox0AbortCallback)
    HAL_CAN_TxMailbox0CompleteCallback       0x08001503   Thumb Code     2  stm32f4xx_hal_can.o(i.HAL_CAN_TxMailbox0CompleteCallback)
    HAL_CAN_TxMailbox1AbortCallback          0x08001505   Thumb Code     2  stm32f4xx_hal_can.o(i.HAL_CAN_TxMailbox1AbortCallback)
    HAL_CAN_TxMailbox1CompleteCallback       0x08001507   Thumb Code     2  stm32f4xx_hal_can.o(i.HAL_CAN_TxMailbox1CompleteCallback)
    HAL_CAN_TxMailbox2AbortCallback          0x08001509   Thumb Code     2  stm32f4xx_hal_can.o(i.HAL_CAN_TxMailbox2AbortCallback)
    HAL_CAN_TxMailbox2CompleteCallback       0x0800150b   Thumb Code     2  stm32f4xx_hal_can.o(i.HAL_CAN_TxMailbox2CompleteCallback)
    HAL_CAN_WakeUpFromRxMsgCallback          0x0800150d   Thumb Code     2  stm32f4xx_hal_can.o(i.HAL_CAN_WakeUpFromRxMsgCallback)
    HAL_DMA_Abort                            0x0800150f   Thumb Code   146  stm32f4xx_hal_dma.o(i.HAL_DMA_Abort)
    HAL_DMA_Abort_IT                         0x080015a1   Thumb Code    36  stm32f4xx_hal_dma.o(i.HAL_DMA_Abort_IT)
    HAL_DMA_IRQHandler                       0x080015c5   Thumb Code   412  stm32f4xx_hal_dma.o(i.HAL_DMA_IRQHandler)
    HAL_DMA_Init                             0x08001765   Thumb Code   206  stm32f4xx_hal_dma.o(i.HAL_DMA_Init)
    HAL_DMA_Start_IT                         0x08001839   Thumb Code   110  stm32f4xx_hal_dma.o(i.HAL_DMA_Start_IT)
    HAL_GPIO_Init                            0x080018a9   Thumb Code   450  stm32f4xx_hal_gpio.o(i.HAL_GPIO_Init)
    HAL_GPIO_ReadPin                         0x08001a99   Thumb Code    10  stm32f4xx_hal_gpio.o(i.HAL_GPIO_ReadPin)
    HAL_GPIO_WritePin                        0x08001aa3   Thumb Code    10  stm32f4xx_hal_gpio.o(i.HAL_GPIO_WritePin)
    HAL_GetTick                              0x08001aad   Thumb Code     6  stm32f4xx_hal.o(i.HAL_GetTick)
    HAL_IncTick                              0x08001ab9   Thumb Code    12  stm32f4xx_hal.o(i.HAL_IncTick)
    HAL_Init                                 0x08001ac9   Thumb Code    48  stm32f4xx_hal.o(i.HAL_Init)
    HAL_InitTick                             0x08001afd   Thumb Code   120  stm32f4xx_hal_timebase_tim.o(i.HAL_InitTick)
    HAL_MspInit                              0x08001b89   Thumb Code    52  stm32f4xx_hal_msp.o(i.HAL_MspInit)
    HAL_NVIC_EnableIRQ                       0x08001bc1   Thumb Code    26  stm32f4xx_hal_cortex.o(i.HAL_NVIC_EnableIRQ)
    HAL_NVIC_SetPriority                     0x08001bdd   Thumb Code    60  stm32f4xx_hal_cortex.o(i.HAL_NVIC_SetPriority)
    HAL_NVIC_SetPriorityGrouping             0x08001c1d   Thumb Code    26  stm32f4xx_hal_cortex.o(i.HAL_NVIC_SetPriorityGrouping)
    HAL_RCC_ClockConfig                      0x08001c41   Thumb Code   288  stm32f4xx_hal_rcc.o(i.HAL_RCC_ClockConfig)
    HAL_RCC_GetClockConfig                   0x08001d75   Thumb Code    54  stm32f4xx_hal_rcc.o(i.HAL_RCC_GetClockConfig)
    HAL_RCC_GetPCLK1Freq                     0x08001db5   Thumb Code    20  stm32f4xx_hal_rcc.o(i.HAL_RCC_GetPCLK1Freq)
    HAL_RCC_GetPCLK2Freq                     0x08001dd5   Thumb Code    20  stm32f4xx_hal_rcc.o(i.HAL_RCC_GetPCLK2Freq)
    HAL_RCC_GetSysClockFreq                  0x08001df5   Thumb Code    88  stm32f4xx_hal_rcc.o(i.HAL_RCC_GetSysClockFreq)
    HAL_RCC_OscConfig                        0x08001e59   Thumb Code   856  stm32f4xx_hal_rcc.o(i.HAL_RCC_OscConfig)
    HAL_TIMEx_BreakCallback                  0x080021c5   Thumb Code     2  stm32f4xx_hal_tim_ex.o(i.HAL_TIMEx_BreakCallback)
    HAL_TIMEx_CommutCallback                 0x080021c7   Thumb Code     2  stm32f4xx_hal_tim_ex.o(i.HAL_TIMEx_CommutCallback)
    HAL_TIMEx_MasterConfigSynchronization    0x080021c9   Thumb Code   116  stm32f4xx_hal_tim_ex.o(i.HAL_TIMEx_MasterConfigSynchronization)
    HAL_TIM_Base_Init                        0x08002259   Thumb Code    90  stm32f4xx_hal_tim.o(i.HAL_TIM_Base_Init)
    HAL_TIM_Base_MspInit                     0x080022b5   Thumb Code    50  tim.o(i.HAL_TIM_Base_MspInit)
    HAL_TIM_Base_Start_IT                    0x080022ed   Thumb Code   100  stm32f4xx_hal_tim.o(i.HAL_TIM_Base_Start_IT)
    HAL_TIM_ConfigClockSource                0x0800236d   Thumb Code   220  stm32f4xx_hal_tim.o(i.HAL_TIM_ConfigClockSource)
    HAL_TIM_IC_CaptureCallback               0x08002449   Thumb Code     2  stm32f4xx_hal_tim.o(i.HAL_TIM_IC_CaptureCallback)
    HAL_TIM_IRQHandler                       0x0800244b   Thumb Code   358  stm32f4xx_hal_tim.o(i.HAL_TIM_IRQHandler)
    HAL_TIM_OC_DelayElapsedCallback          0x080025b1   Thumb Code     2  stm32f4xx_hal_tim.o(i.HAL_TIM_OC_DelayElapsedCallback)
    HAL_TIM_PWM_PulseFinishedCallback        0x080025b3   Thumb Code     2  stm32f4xx_hal_tim.o(i.HAL_TIM_PWM_PulseFinishedCallback)
    HAL_TIM_PeriodElapsedCallback            0x080025b5   Thumb Code    14  main.o(i.HAL_TIM_PeriodElapsedCallback)
    HAL_TIM_TriggerCallback                  0x080025c9   Thumb Code     2  stm32f4xx_hal_tim.o(i.HAL_TIM_TriggerCallback)
    HAL_UARTEx_RxEventCallback               0x080025cb   Thumb Code     2  stm32f4xx_hal_uart.o(i.HAL_UARTEx_RxEventCallback)
    HAL_UART_DMAStop                         0x080025cd   Thumb Code   112  stm32f4xx_hal_uart.o(i.HAL_UART_DMAStop)
    HAL_UART_ErrorCallback                   0x0800263d   Thumb Code     2  stm32f4xx_hal_uart.o(i.HAL_UART_ErrorCallback)
    HAL_UART_IRQHandler                      0x08002641   Thumb Code   610  stm32f4xx_hal_uart.o(i.HAL_UART_IRQHandler)
    HAL_UART_Init                            0x080028a9   Thumb Code    98  stm32f4xx_hal_uart.o(i.HAL_UART_Init)
    HAL_UART_MspInit                         0x0800290d   Thumb Code   406  usart.o(i.HAL_UART_MspInit)
    HAL_UART_Receive_DMA                     0x08002ac9   Thumb Code    42  stm32f4xx_hal_uart.o(i.HAL_UART_Receive_DMA)
    HAL_UART_Receive_IT                      0x08002af3   Thumb Code    42  stm32f4xx_hal_uart.o(i.HAL_UART_Receive_IT)
    HAL_UART_RxCpltCallback                  0x08002b1d   Thumb Code    54  message_task.o(i.HAL_UART_RxCpltCallback)
    HAL_UART_RxHalfCpltCallback              0x08002b61   Thumb Code     2  stm32f4xx_hal_uart.o(i.HAL_UART_RxHalfCpltCallback)
    HAL_UART_TxCpltCallback                  0x08002b63   Thumb Code     2  stm32f4xx_hal_uart.o(i.HAL_UART_TxCpltCallback)
    HardFault_Handler                        0x08002b65   Thumb Code     2  stm32f4xx_it.o(i.HardFault_Handler)
    Init_NRF24L01                            0x08002b69   Thumb Code   118  nrf24l01.o(i.Init_NRF24L01)
    JY901_Process                            0x08002be9   Thumb Code   486  jy901.o(i.JY901_Process)
    MX_ADC1_Init                             0x08002df9   Thumb Code    90  adc.o(i.MX_ADC1_Init)
    MX_CAN1_Init                             0x08002e61   Thumb Code    58  can.o(i.MX_CAN1_Init)
    MX_DMA_Init                              0x08002ea5   Thumb Code   120  dma.o(i.MX_DMA_Init)
    MX_FREERTOS_Init                         0x08002f21   Thumb Code    52  freertos.o(i.MX_FREERTOS_Init)
    MX_GPIO_Init                             0x08002f5d   Thumb Code   176  gpio.o(i.MX_GPIO_Init)
    MX_TIM2_Init                             0x0800301d   Thumb Code    96  tim.o(i.MX_TIM2_Init)
    MX_UART4_Init                            0x08003081   Thumb Code    48  usart.o(i.MX_UART4_Init)
    MX_USART3_UART_Init                      0x080030b9   Thumb Code    48  usart.o(i.MX_USART3_UART_Init)
    MemManage_Handler                        0x080030f1   Thumb Code     2  stm32f4xx_it.o(i.MemManage_Handler)
    NMI_Handler                              0x080030f3   Thumb Code     2  stm32f4xx_it.o(i.NMI_Handler)
    NRF24L01_Check                           0x080030f5   Thumb Code    64  nrf24l01.o(i.NRF24L01_Check)
    NRF24L01_Read_Buf                        0x0800313d   Thumb Code    68  nrf24l01.o(i.NRF24L01_Read_Buf)
    NRF24L01_Read_Reg                        0x08003185   Thumb Code    44  nrf24l01.o(i.NRF24L01_Read_Reg)
    NRF24L01_TxPacket                        0x080031b5   Thumb Code    80  nrf24l01.o(i.NRF24L01_TxPacket)
    NRF24L01_Write_Buf                       0x08003209   Thumb Code    68  nrf24l01.o(i.NRF24L01_Write_Buf)
    NRF24L01_Write_Reg                       0x08003251   Thumb Code    46  nrf24l01.o(i.NRF24L01_Write_Reg)
    PID_calc                                 0x08003285   Thumb Code   292  pid.o(i.PID_calc)
    PID_calc_GM6020_angle                    0x080033ad   Thumb Code   334  pid.o(i.PID_calc_GM6020_angle)
    PID_init                                 0x0800350d   Thumb Code    58  pid.o(i.PID_init)
    RMmotor_init                             0x0800354d   Thumb Code    26  rmmotor.o(i.RMmotor_init)
    SPI_ReadWriteByte                        0x0800356d   Thumb Code    88  nrf24l01.o(i.SPI_ReadWriteByte)
    StartMessageTask                         0x080035c9   Thumb Code    16  freertos.o(i.StartMessageTask)
    StartSpringMotorTask                     0x080035d9   Thumb Code    16  freertos.o(i.StartSpringMotorTask)
    SysTick_Handler                          0x080035e9   Thumb Code    38  port.o(i.SysTick_Handler)
    SystemClock_Config                       0x08003615   Thumb Code   140  main.o(i.SystemClock_Config)
    SystemInit                               0x080036a9   Thumb Code    12  system_stm32f4xx.o(i.SystemInit)
    TIM1_UP_TIM10_IRQHandler                 0x080036b9   Thumb Code     6  stm32f4xx_it.o(i.TIM1_UP_TIM10_IRQHandler)
    TIM2_IRQHandler                          0x080036c5   Thumb Code     6  stm32f4xx_it.o(i.TIM2_IRQHandler)
    TIM_Base_SetConfig                       0x080036d1   Thumb Code   156  stm32f4xx_hal_tim.o(i.TIM_Base_SetConfig)
    TIM_ETR_SetConfig                        0x08003799   Thumb Code    20  stm32f4xx_hal_tim.o(i.TIM_ETR_SetConfig)
    TX_Mode                                  0x08003805   Thumb Code    98  nrf24l01.o(i.TX_Mode)
    UART4_IRQHandler                         0x08003871   Thumb Code    72  stm32f4xx_it.o(i.UART4_IRQHandler)
    UART_IT_Init                             0x08003a25   Thumb Code    16  drv_uart.o(i.UART_IT_Init)
    UART_Start_Receive_DMA                   0x08003c09   Thumb Code   134  stm32f4xx_hal_uart.o(i.UART_Start_Receive_DMA)
    UART_Start_Receive_IT                    0x08003c9d   Thumb Code    58  stm32f4xx_hal_uart.o(i.UART_Start_Receive_IT)
    USART3_IRQHandler                        0x08003cd9   Thumb Code     6  stm32f4xx_it.o(i.USART3_IRQHandler)
    UsageFault_Handler                       0x08003ce5   Thumb Code     2  stm32f4xx_it.o(i.UsageFault_Handler)
    User_USART_Init                          0x08003ce7   Thumb Code    26  jy901.o(i.User_USART_Init)
    analyse_buf_data_float                   0x08003d21   Thumb Code    70  drv_uart.o(i.analyse_buf_data_float)
    imu_task                                 0x08003d6d   Thumb Code    22  imu_task.o(i.imu_task)
    imu_task_init                            0x08003d8d   Thumb Code    36  imu_task.o(i.imu_task_init)
    main                                     0x08003db9   Thumb Code    46  main.o(i.main)
    message_task                             0x08003df5   Thumb Code   242  message_task.o(i.message_task)
    message_task_init                        0x08003f09   Thumb Code    56  message_task.o(i.message_task_init)
    osDelay                                  0x08003f4d   Thumb Code    14  cmsis_os.o(i.osDelay)
    osKernelStart                            0x08003f5b   Thumb Code    10  cmsis_os.o(i.osKernelStart)
    osThreadCreate                           0x08003f65   Thumb Code    84  cmsis_os.o(i.osThreadCreate)
    pvPortMalloc                             0x08004305   Thumb Code   216  heap_4.o(i.pvPortMalloc)
    pxPortInitialiseStack                    0x080043e1   Thumb Code    40  port.o(i.pxPortInitialiseStack)
    receive_data                             0x0800440d   Thumb Code    86  rmmotor.o(i.receive_data)
    send_to_motors                           0x08004463   Thumb Code    60  rmmotor.o(i.send_to_motors)
    spring_motor_task                        0x080044a1   Thumb Code   130  spring_motor_task.o(i.spring_motor_task)
    spring_motor_task_init                   0x08004539   Thumb Code   206  spring_motor_task.o(i.spring_motor_task_init)
    uxListRemove                             0x08004639   Thumb Code    38  list.o(i.uxListRemove)
    vApplicationGetIdleTaskMemory            0x08004661   Thumb Code    16  freertos.o(i.vApplicationGetIdleTaskMemory)
    vListInitialise                          0x08004675   Thumb Code    22  list.o(i.vListInitialise)
    vListInitialiseItem                      0x0800468b   Thumb Code     6  list.o(i.vListInitialiseItem)
    vListInsert                              0x08004691   Thumb Code    48  list.o(i.vListInsert)
    vListInsertEnd                           0x080046c1   Thumb Code    24  list.o(i.vListInsertEnd)
    vPortEnterCritical                       0x080046d9   Thumb Code    54  port.o(i.vPortEnterCritical)
    vPortExitCritical                        0x08004719   Thumb Code    34  port.o(i.vPortExitCritical)
    vPortFree                                0x08004741   Thumb Code    94  heap_4.o(i.vPortFree)
    vPortSetupTimerInterrupt                 0x080047a5   Thumb Code    32  port.o(i.vPortSetupTimerInterrupt)
    vTaskDelay                               0x080047c9   Thumb Code    66  tasks.o(i.vTaskDelay)
    vTaskStartScheduler                      0x08004815   Thumb Code    90  tasks.o(i.vTaskStartScheduler)
    vTaskSuspendAll                          0x08004881   Thumb Code    10  tasks.o(i.vTaskSuspendAll)
    vTaskSwitchContext                       0x08004891   Thumb Code    82  tasks.o(i.vTaskSwitchContext)
    xPortStartScheduler                      0x080048ed   Thumb Code   222  port.o(i.xPortStartScheduler)
    xTaskCreate                              0x080049e1   Thumb Code    90  tasks.o(i.xTaskCreate)
    xTaskCreateStatic                        0x08004a3b   Thumb Code    86  tasks.o(i.xTaskCreateStatic)
    xTaskIncrementTick                       0x08004a91   Thumb Code   194  tasks.o(i.xTaskIncrementTick)
    xTaskResumeAll                           0x08004b5d   Thumb Code   182  tasks.o(i.xTaskResumeAll)
    __aeabi_d2f                              0x08004c21   Thumb Code     0  d2f.o(x$fpl$d2f)
    _d2f                                     0x08004c21   Thumb Code    98  d2f.o(x$fpl$d2f)
    __aeabi_dadd                             0x08004c85   Thumb Code     0  daddsub_clz.o(x$fpl$dadd)
    _dadd                                    0x08004c85   Thumb Code   332  daddsub_clz.o(x$fpl$dadd)
    __aeabi_ddiv                             0x08004dd5   Thumb Code     0  ddiv.o(x$fpl$ddiv)
    _ddiv                                    0x08004dd5   Thumb Code   552  ddiv.o(x$fpl$ddiv)
    __aeabi_i2d                              0x08005085   Thumb Code     0  dflt_clz.o(x$fpl$dflt)
    _dflt                                    0x08005085   Thumb Code    46  dflt_clz.o(x$fpl$dflt)
    __fpl_dnaninf                            0x080050b3   Thumb Code   156  dnaninf.o(x$fpl$dnaninf)
    __fpl_dretinf                            0x0800514f   Thumb Code    12  dretinf.o(x$fpl$dretinf)
    __aeabi_dsub                             0x0800515d   Thumb Code     0  daddsub_clz.o(x$fpl$dsub)
    _dsub                                    0x0800515d   Thumb Code   464  daddsub_clz.o(x$fpl$dsub)
    __aeabi_f2d                              0x08005331   Thumb Code     0  f2d.o(x$fpl$f2d)
    _f2d                                     0x08005331   Thumb Code    86  f2d.o(x$fpl$f2d)
    __fpl_fnaninf                            0x08005387   Thumb Code   140  fnaninf.o(x$fpl$fnaninf)
    _fp_init                                 0x08005413   Thumb Code    10  fpinit.o(x$fpl$fpinit)
    __fplib_config_fpu_vfp                   0x0800541b   Thumb Code     0  fpinit.o(x$fpl$fpinit)
    __fplib_config_pureend_doubles           0x0800541b   Thumb Code     0  fpinit.o(x$fpl$fpinit)
    __fpl_fretinf                            0x0800541d   Thumb Code    10  fretinf.o(x$fpl$fretinf)
    __I$use$fp                               0x08005426   Number         0  usenofp.o(x$fpl$usenofp)
    AHBPrescTable                            0x08005468   Data          16  system_stm32f4xx.o(.constdata)
    APBPrescTable                            0x08005478   Data           8  system_stm32f4xx.o(.constdata)
    TX_ADDRESS                               0x08005480   Data           5  nrf24l01.o(.constdata)
    RX_ADDRESS                               0x08005485   Data           5  nrf24l01.o(.constdata)
    Region$$Table$$Base                      0x080054a4   Number         0  anon$$obj.o(Region$$Table)
    Region$$Table$$Limit                     0x080054c4   Number         0  anon$$obj.o(Region$$Table)
    spring_motorHandle                       0x20000000   Data           4  freertos.o(.data)
    messageHandle                            0x20000004   Data           4  freertos.o(.data)
    uwTickFreq                               0x20000008   Data           1  stm32f4xx_hal.o(.data)
    uwTickPrio                               0x2000000c   Data           4  stm32f4xx_hal.o(.data)
    uwTick                                   0x20000010   Data           4  stm32f4xx_hal.o(.data)
    SystemCoreClock                          0x20000014   Data           4  system_stm32f4xx.o(.data)
    pxCurrentTCB                             0x20000018   Data           4  tasks.o(.data)
    neutral_angle                            0x20000080   Data           4  spring_motor_task.o(.data)
    resistance                               0x20000084   Data           4  spring_motor_task.o(.data)
    neutral_angle_2                          0x20000088   Data           4  spring_motor_task.o(.data)
    resistance_2                             0x2000008c   Data           4  spring_motor_task.o(.data)
    motor1                                   0x20000090   Data           4  spring_motor_task.o(.data)
    motor2                                   0x20000094   Data           4  spring_motor_task.o(.data)
    motor1_speed                             0x20000098   Data           4  spring_motor_task.o(.data)
    motor2_speed                             0x2000009c   Data           4  spring_motor_task.o(.data)
    current_state_1                          0x200000a0   Data           1  message_task.o(.data)
    current_state_2                          0x200000a1   Data           1  message_task.o(.data)
    analog_data                              0x200000a4   Data           4  message_task.o(.data)
    debug__                                  0x200000a8   Data           4  message_task.o(.data)
    debug2                                   0x200000ac   Data           4  message_task.o(.data)
    datapack                                 0x200000b0   Data           6  message_task.o(.data)
    stcAcc                                   0x200000b8   Data           8  jy901.o(.data)
    stcGyro                                  0x200000c0   Data           8  jy901.o(.data)
    stcAngle                                 0x200000c8   Data           8  jy901.o(.data)
    stcMag                                   0x200000d0   Data           8  jy901.o(.data)
    stcPress                                 0x200000d8   Data           8  jy901.o(.data)
    stcLonLat                                0x200000e0   Data           8  jy901.o(.data)
    stcQ                                     0x200000e8   Data           8  jy901.o(.data)
    yaw                                      0x200000f0   Data           4  imu_task.o(.data)
    xxangle                                  0x200000f4   Data           4  imu_task.o(.data)
    hadc1                                    0x2000034c   Data          72  adc.o(.bss)
    hdma_adc1                                0x20000394   Data          96  adc.o(.bss)
    hcan1                                    0x200003f4   Data          40  can.o(.bss)
    htim2                                    0x2000041c   Data          72  tim.o(.bss)
    huart4                                   0x20000464   Data          68  usart.o(.bss)
    huart3                                   0x200004a8   Data          68  usart.o(.bss)
    hdma_uart4_rx                            0x200004ec   Data          96  usart.o(.bss)
    hdma_uart4_tx                            0x2000054c   Data          96  usart.o(.bss)
    hdma_usart3_rx                           0x200005ac   Data          96  usart.o(.bss)
    hdma_usart3_tx                           0x2000060c   Data          96  usart.o(.bss)
    htim1                                    0x2000066c   Data          72  stm32f4xx_hal_timebase_tim.o(.bss)
    spring_motor                             0x200043a4   Data          20  spring_motor_task.o(.bss)
    spring_motor_2                           0x200043b8   Data          20  spring_motor_task.o(.bss)
    pid_spring_motor1                        0x200043cc   Data          72  spring_motor_task.o(.bss)
    pid_spring_motor1_speed                  0x20004414   Data          72  spring_motor_task.o(.bss)
    pid_spring_motor2                        0x2000445c   Data          72  spring_motor_task.o(.bss)
    pid_spring_motor2_speed                  0x200044a4   Data          72  spring_motor_task.o(.bss)
    TxData                                   0x200044ec   Data          32  message_task.o(.bss)
    test_data                                0x2000450c   Data          12  message_task.o(.bss)
    uart_rx_buf3                             0x20004518   Data        1000  drv_uart.o(.bss)
    uart_tx_buf                              0x20004900   Data        1000  drv_uart.o(.bss)
    JY901_data                               0x20004ce8   Data         132  jy901.o(.bss)
    __libspace_start                         0x20004d6c   Data          96  libspace.o(.bss)
    __temporary_stack_top$libspace           0x20004dcc   Data           0  libspace.o(.bss)



==============================================================================

Memory Map of the image

  Image Entry point : 0x08000189

  Load Region LR_IROM1 (Base: 0x08000000, Size: 0x000055bc, Max: 0x00080000, ABSOLUTE)

    Execution Region ER_IROM1 (Exec base: 0x08000000, Load base: 0x08000000, Size: 0x000054c4, Max: 0x00080000, ABSOLUTE)

    Exec Addr    Load Addr    Size         Type   Attr      Idx    E Section Name        Object

    0x08000000   0x08000000   0x00000188   Data   RO            3    RESET               startup_stm32f407xx.o
    0x08000188   0x08000188   0x00000008   Code   RO         5675  * !!!main             c_w.l(__main.o)
    0x08000190   0x08000190   0x00000034   Code   RO         5875    !!!scatter          c_w.l(__scatter.o)
    0x080001c4   0x080001c4   0x0000001a   Code   RO         5877    !!handler_copy      c_w.l(__scatter_copy.o)
    0x080001de   0x080001de   0x00000002   PAD
    0x080001e0   0x080001e0   0x0000001c   Code   RO         5879    !!handler_zi        c_w.l(__scatter_zi.o)
    0x080001fc   0x080001fc   0x00000002   Code   RO         5743    .ARM.Collect$$libinit$$00000000  c_w.l(libinit.o)
    0x080001fe   0x080001fe   0x00000004   Code   RO         5755    .ARM.Collect$$libinit$$00000001  c_w.l(libinit2.o)
    0x08000202   0x08000202   0x00000000   Code   RO         5758    .ARM.Collect$$libinit$$00000004  c_w.l(libinit2.o)
    0x08000202   0x08000202   0x00000000   Code   RO         5761    .ARM.Collect$$libinit$$0000000A  c_w.l(libinit2.o)
    0x08000202   0x08000202   0x00000000   Code   RO         5763    .ARM.Collect$$libinit$$0000000C  c_w.l(libinit2.o)
    0x08000202   0x08000202   0x00000000   Code   RO         5765    .ARM.Collect$$libinit$$0000000E  c_w.l(libinit2.o)
    0x08000202   0x08000202   0x00000000   Code   RO         5768    .ARM.Collect$$libinit$$00000011  c_w.l(libinit2.o)
    0x08000202   0x08000202   0x00000000   Code   RO         5770    .ARM.Collect$$libinit$$00000013  c_w.l(libinit2.o)
    0x08000202   0x08000202   0x00000000   Code   RO         5772    .ARM.Collect$$libinit$$00000015  c_w.l(libinit2.o)
    0x08000202   0x08000202   0x00000000   Code   RO         5774    .ARM.Collect$$libinit$$00000017  c_w.l(libinit2.o)
    0x08000202   0x08000202   0x00000000   Code   RO         5776    .ARM.Collect$$libinit$$00000019  c_w.l(libinit2.o)
    0x08000202   0x08000202   0x00000000   Code   RO         5778    .ARM.Collect$$libinit$$0000001B  c_w.l(libinit2.o)
    0x08000202   0x08000202   0x00000000   Code   RO         5780    .ARM.Collect$$libinit$$0000001D  c_w.l(libinit2.o)
    0x08000202   0x08000202   0x00000000   Code   RO         5782    .ARM.Collect$$libinit$$0000001F  c_w.l(libinit2.o)
    0x08000202   0x08000202   0x00000000   Code   RO         5784    .ARM.Collect$$libinit$$00000021  c_w.l(libinit2.o)
    0x08000202   0x08000202   0x00000000   Code   RO         5786    .ARM.Collect$$libinit$$00000023  c_w.l(libinit2.o)
    0x08000202   0x08000202   0x00000000   Code   RO         5788    .ARM.Collect$$libinit$$00000025  c_w.l(libinit2.o)
    0x08000202   0x08000202   0x00000000   Code   RO         5792    .ARM.Collect$$libinit$$0000002C  c_w.l(libinit2.o)
    0x08000202   0x08000202   0x00000000   Code   RO         5794    .ARM.Collect$$libinit$$0000002E  c_w.l(libinit2.o)
    0x08000202   0x08000202   0x00000000   Code   RO         5796    .ARM.Collect$$libinit$$00000030  c_w.l(libinit2.o)
    0x08000202   0x08000202   0x00000000   Code   RO         5798    .ARM.Collect$$libinit$$00000032  c_w.l(libinit2.o)
    0x08000202   0x08000202   0x00000002   Code   RO         5799    .ARM.Collect$$libinit$$00000033  c_w.l(libinit2.o)
    0x08000204   0x08000204   0x00000002   Code   RO         5830    .ARM.Collect$$libshutdown$$00000000  c_w.l(libshutdown.o)
    0x08000206   0x08000206   0x00000000   Code   RO         5856    .ARM.Collect$$libshutdown$$00000002  c_w.l(libshutdown2.o)
    0x08000206   0x08000206   0x00000000   Code   RO         5858    .ARM.Collect$$libshutdown$$00000004  c_w.l(libshutdown2.o)
    0x08000206   0x08000206   0x00000000   Code   RO         5860    .ARM.Collect$$libshutdown$$00000006  c_w.l(libshutdown2.o)
    0x08000206   0x08000206   0x00000000   Code   RO         5863    .ARM.Collect$$libshutdown$$00000009  c_w.l(libshutdown2.o)
    0x08000206   0x08000206   0x00000000   Code   RO         5866    .ARM.Collect$$libshutdown$$0000000C  c_w.l(libshutdown2.o)
    0x08000206   0x08000206   0x00000000   Code   RO         5868    .ARM.Collect$$libshutdown$$0000000E  c_w.l(libshutdown2.o)
    0x08000206   0x08000206   0x00000000   Code   RO         5871    .ARM.Collect$$libshutdown$$00000011  c_w.l(libshutdown2.o)
    0x08000206   0x08000206   0x00000002   Code   RO         5872    .ARM.Collect$$libshutdown$$00000012  c_w.l(libshutdown2.o)
    0x08000208   0x08000208   0x00000000   Code   RO         5697    .ARM.Collect$$rtentry$$00000000  c_w.l(__rtentry.o)
    0x08000208   0x08000208   0x00000000   Code   RO         5714    .ARM.Collect$$rtentry$$00000002  c_w.l(__rtentry2.o)
    0x08000208   0x08000208   0x00000006   Code   RO         5726    .ARM.Collect$$rtentry$$00000004  c_w.l(__rtentry4.o)
    0x0800020e   0x0800020e   0x00000000   Code   RO         5716    .ARM.Collect$$rtentry$$00000009  c_w.l(__rtentry2.o)
    0x0800020e   0x0800020e   0x00000004   Code   RO         5717    .ARM.Collect$$rtentry$$0000000A  c_w.l(__rtentry2.o)
    0x08000212   0x08000212   0x00000000   Code   RO         5719    .ARM.Collect$$rtentry$$0000000C  c_w.l(__rtentry2.o)
    0x08000212   0x08000212   0x00000008   Code   RO         5720    .ARM.Collect$$rtentry$$0000000D  c_w.l(__rtentry2.o)
    0x0800021a   0x0800021a   0x00000002   Code   RO         5747    .ARM.Collect$$rtexit$$00000000  c_w.l(rtexit.o)
    0x0800021c   0x0800021c   0x00000000   Code   RO         5803    .ARM.Collect$$rtexit$$00000002  c_w.l(rtexit2.o)
    0x0800021c   0x0800021c   0x00000004   Code   RO         5804    .ARM.Collect$$rtexit$$00000003  c_w.l(rtexit2.o)
    0x08000220   0x08000220   0x00000006   Code   RO         5805    .ARM.Collect$$rtexit$$00000004  c_w.l(rtexit2.o)
    0x08000226   0x08000226   0x00000002   PAD
    0x08000228   0x08000228   0x000000be   Code   RO         4985    .emb_text           port.o
    0x080002e6   0x080002e6   0x00000002   PAD
    0x080002e8   0x080002e8   0x00000040   Code   RO            4    .text               startup_stm32f407xx.o
    0x08000328   0x08000328   0x000000ee   Code   RO         5663    .text               c_w.l(lludivv7m.o)
    0x08000416   0x08000416   0x00000064   Code   RO         5667    .text               c_w.l(rt_memcpy_w.o)
    0x0800047a   0x0800047a   0x0000004e   Code   RO         5671    .text               c_w.l(rt_memclr_w.o)
    0x080004c8   0x080004c8   0x00000006   Code   RO         5673    .text               c_w.l(heapauxi.o)
    0x080004ce   0x080004ce   0x0000004a   Code   RO         5730    .text               c_w.l(sys_stackheap_outer.o)
    0x08000518   0x08000518   0x00000012   Code   RO         5732    .text               c_w.l(exit.o)
    0x0800052a   0x0800052a   0x00000002   PAD
    0x0800052c   0x0800052c   0x00000008   Code   RO         5744    .text               c_w.l(libspace.o)
    0x08000534   0x08000534   0x0000000c   Code   RO         5800    .text               c_w.l(sys_exit.o)
    0x08000540   0x08000540   0x00000002   Code   RO         5819    .text               c_w.l(use_no_semi.o)
    0x08000542   0x08000542   0x00000000   Code   RO         5821    .text               c_w.l(indicate_semi.o)
    0x08000542   0x08000542   0x0000006e   Code   RO          719    i.ADC_DMAConvCplt   stm32f4xx_hal_adc.o
    0x080005b0   0x080005b0   0x00000016   Code   RO          720    i.ADC_DMAError      stm32f4xx_hal_adc.o
    0x080005c6   0x080005c6   0x0000000a   Code   RO          721    i.ADC_DMAHalfConvCplt  stm32f4xx_hal_adc.o
    0x080005d0   0x080005d0   0x0000000c   Code   RO          522    i.ADC_IRQHandler    stm32f4xx_it.o
    0x080005dc   0x080005dc   0x00000128   Code   RO          722    i.ADC_Init          stm32f4xx_hal_adc.o
    0x08000704   0x08000704   0x00000002   Code   RO          523    i.BusFault_Handler  stm32f4xx_it.o
    0x08000706   0x08000706   0x00000002   PAD
    0x08000708   0x08000708   0x0000000c   Code   RO          524    i.CAN1_RX0_IRQHandler  stm32f4xx_it.o
    0x08000714   0x08000714   0x0000000c   Code   RO          525    i.CAN1_RX1_IRQHandler  stm32f4xx_it.o
    0x08000720   0x08000720   0x00000054   Code   RO         5065    i.CAN_Filter_Mask_Config  drv_can.o
    0x08000774   0x08000774   0x00000064   Code   RO         5066    i.CAN_Init          drv_can.o
    0x080007d8   0x080007d8   0x0000001c   Code   RO         5067    i.CAN_SEND_Data     drv_can.o
    0x080007f4   0x080007f4   0x0000000c   Code   RO          526    i.DMA1_Stream1_IRQHandler  stm32f4xx_it.o
    0x08000800   0x08000800   0x0000000c   Code   RO          527    i.DMA1_Stream2_IRQHandler  stm32f4xx_it.o
    0x0800080c   0x0800080c   0x0000000c   Code   RO          528    i.DMA1_Stream3_IRQHandler  stm32f4xx_it.o
    0x08000818   0x08000818   0x0000000c   Code   RO          529    i.DMA1_Stream4_IRQHandler  stm32f4xx_it.o
    0x08000824   0x08000824   0x0000000c   Code   RO          530    i.DMA2_Stream0_IRQHandler  stm32f4xx_it.o
    0x08000830   0x08000830   0x00000028   Code   RO         1456    i.DMA_CalcBaseAndBitshift  stm32f4xx_hal_dma.o
    0x08000858   0x08000858   0x00000054   Code   RO         1457    i.DMA_CheckFifoParam  stm32f4xx_hal_dma.o
    0x080008ac   0x080008ac   0x00000028   Code   RO         1458    i.DMA_SetConfig     stm32f4xx_hal_dma.o
    0x080008d4   0x080008d4   0x00000002   Code   RO          531    i.DebugMon_Handler  stm32f4xx_it.o
    0x080008d6   0x080008d6   0x00000010   Code   RO         5446    i.Delay             nrf24l01.o
    0x080008e6   0x080008e6   0x00000004   Code   RO           13    i.Error_Handler     main.o
    0x080008ea   0x080008ea   0x00000002   Code   RO          893    i.HAL_ADCEx_InjectedConvCpltCallback  stm32f4xx_hal_adc_ex.o
    0x080008ec   0x080008ec   0x0000014c   Code   RO          724    i.HAL_ADC_ConfigChannel  stm32f4xx_hal_adc.o
    0x08000a38   0x08000a38   0x00000002   Code   RO          725    i.HAL_ADC_ConvCpltCallback  stm32f4xx_hal_adc.o
    0x08000a3a   0x08000a3a   0x00000002   Code   RO          726    i.HAL_ADC_ConvHalfCpltCallback  stm32f4xx_hal_adc.o
    0x08000a3c   0x08000a3c   0x00000002   Code   RO          728    i.HAL_ADC_ErrorCallback  stm32f4xx_hal_adc.o
    0x08000a3e   0x08000a3e   0x0000012e   Code   RO          732    i.HAL_ADC_IRQHandler  stm32f4xx_hal_adc.o
    0x08000b6c   0x08000b6c   0x00000054   Code   RO          733    i.HAL_ADC_Init      stm32f4xx_hal_adc.o
    0x08000bc0   0x08000bc0   0x00000002   Code   RO          734    i.HAL_ADC_LevelOutOfWindowCallback  stm32f4xx_hal_adc.o
    0x08000bc2   0x08000bc2   0x00000002   PAD
    0x08000bc4   0x08000bc4   0x000000a8   Code   RO          325    i.HAL_ADC_MspInit   adc.o
    0x08000c6c   0x08000c6c   0x00000154   Code   RO          740    i.HAL_ADC_Start_DMA  stm32f4xx_hal_adc.o
    0x08000dc0   0x08000dc0   0x000000dc   Code   RO         2131    i.HAL_CAN_AddTxMessage  stm32f4xx_hal_can.o
    0x08000e9c   0x08000e9c   0x0000010c   Code   RO         2132    i.HAL_CAN_ConfigFilter  stm32f4xx_hal_can.o
    0x08000fa8   0x08000fa8   0x00000002   Code   RO         2135    i.HAL_CAN_ErrorCallback  stm32f4xx_hal_can.o
    0x08000faa   0x08000faa   0x000000e8   Code   RO         2138    i.HAL_CAN_GetRxMessage  stm32f4xx_hal_can.o
    0x08001092   0x08001092   0x000001fc   Code   RO         2142    i.HAL_CAN_IRQHandler  stm32f4xx_hal_can.o
    0x0800128e   0x0800128e   0x0000011a   Code   RO         2143    i.HAL_CAN_Init      stm32f4xx_hal_can.o
    0x080013a8   0x080013a8   0x0000008c   Code   RO          367    i.HAL_CAN_MspInit   can.o
    0x08001434   0x08001434   0x00000002   Code   RO         2150    i.HAL_CAN_RxFifo0FullCallback  stm32f4xx_hal_can.o
    0x08001436   0x08001436   0x00000002   PAD
    0x08001438   0x08001438   0x00000034   Code   RO         5352    i.HAL_CAN_RxFifo0MsgPendingCallback  message_task.o
    0x0800146c   0x0800146c   0x00000002   Code   RO         2152    i.HAL_CAN_RxFifo1FullCallback  stm32f4xx_hal_can.o
    0x0800146e   0x0800146e   0x00000002   PAD
    0x08001470   0x08001470   0x00000034   Code   RO         5353    i.HAL_CAN_RxFifo1MsgPendingCallback  message_task.o
    0x080014a4   0x080014a4   0x00000002   Code   RO         2154    i.HAL_CAN_SleepCallback  stm32f4xx_hal_can.o
    0x080014a6   0x080014a6   0x00000002   PAD
    0x080014a8   0x080014a8   0x00000058   Code   RO         2155    i.HAL_CAN_Start     stm32f4xx_hal_can.o
    0x08001500   0x08001500   0x00000002   Code   RO         2157    i.HAL_CAN_TxMailbox0AbortCallback  stm32f4xx_hal_can.o
    0x08001502   0x08001502   0x00000002   Code   RO         2158    i.HAL_CAN_TxMailbox0CompleteCallback  stm32f4xx_hal_can.o
    0x08001504   0x08001504   0x00000002   Code   RO         2159    i.HAL_CAN_TxMailbox1AbortCallback  stm32f4xx_hal_can.o
    0x08001506   0x08001506   0x00000002   Code   RO         2160    i.HAL_CAN_TxMailbox1CompleteCallback  stm32f4xx_hal_can.o
    0x08001508   0x08001508   0x00000002   Code   RO         2161    i.HAL_CAN_TxMailbox2AbortCallback  stm32f4xx_hal_can.o
    0x0800150a   0x0800150a   0x00000002   Code   RO         2162    i.HAL_CAN_TxMailbox2CompleteCallback  stm32f4xx_hal_can.o
    0x0800150c   0x0800150c   0x00000002   Code   RO         2164    i.HAL_CAN_WakeUpFromRxMsgCallback  stm32f4xx_hal_can.o
    0x0800150e   0x0800150e   0x00000092   Code   RO         1459    i.HAL_DMA_Abort     stm32f4xx_hal_dma.o
    0x080015a0   0x080015a0   0x00000024   Code   RO         1460    i.HAL_DMA_Abort_IT  stm32f4xx_hal_dma.o
    0x080015c4   0x080015c4   0x000001a0   Code   RO         1464    i.HAL_DMA_IRQHandler  stm32f4xx_hal_dma.o
    0x08001764   0x08001764   0x000000d4   Code   RO         1465    i.HAL_DMA_Init      stm32f4xx_hal_dma.o
    0x08001838   0x08001838   0x0000006e   Code   RO         1469    i.HAL_DMA_Start_IT  stm32f4xx_hal_dma.o
    0x080018a6   0x080018a6   0x00000002   PAD
    0x080018a8   0x080018a8   0x000001f0   Code   RO         1352    i.HAL_GPIO_Init     stm32f4xx_hal_gpio.o
    0x08001a98   0x08001a98   0x0000000a   Code   RO         1354    i.HAL_GPIO_ReadPin  stm32f4xx_hal_gpio.o
    0x08001aa2   0x08001aa2   0x0000000a   Code   RO         1356    i.HAL_GPIO_WritePin  stm32f4xx_hal_gpio.o
    0x08001aac   0x08001aac   0x0000000c   Code   RO         1884    i.HAL_GetTick       stm32f4xx_hal.o
    0x08001ab8   0x08001ab8   0x00000010   Code   RO         1890    i.HAL_IncTick       stm32f4xx_hal.o
    0x08001ac8   0x08001ac8   0x00000034   Code   RO         1891    i.HAL_Init          stm32f4xx_hal.o
    0x08001afc   0x08001afc   0x0000008c   Code   RO          680    i.HAL_InitTick      stm32f4xx_hal_timebase_tim.o
    0x08001b88   0x08001b88   0x00000038   Code   RO          656    i.HAL_MspInit       stm32f4xx_hal_msp.o
    0x08001bc0   0x08001bc0   0x0000001a   Code   RO         1741    i.HAL_NVIC_EnableIRQ  stm32f4xx_hal_cortex.o
    0x08001bda   0x08001bda   0x00000002   PAD
    0x08001bdc   0x08001bdc   0x00000040   Code   RO         1747    i.HAL_NVIC_SetPriority  stm32f4xx_hal_cortex.o
    0x08001c1c   0x08001c1c   0x00000024   Code   RO         1748    i.HAL_NVIC_SetPriorityGrouping  stm32f4xx_hal_cortex.o
    0x08001c40   0x08001c40   0x00000134   Code   RO          998    i.HAL_RCC_ClockConfig  stm32f4xx_hal_rcc.o
    0x08001d74   0x08001d74   0x00000040   Code   RO         1002    i.HAL_RCC_GetClockConfig  stm32f4xx_hal_rcc.o
    0x08001db4   0x08001db4   0x00000020   Code   RO         1005    i.HAL_RCC_GetPCLK1Freq  stm32f4xx_hal_rcc.o
    0x08001dd4   0x08001dd4   0x00000020   Code   RO         1006    i.HAL_RCC_GetPCLK2Freq  stm32f4xx_hal_rcc.o
    0x08001df4   0x08001df4   0x00000064   Code   RO         1007    i.HAL_RCC_GetSysClockFreq  stm32f4xx_hal_rcc.o
    0x08001e58   0x08001e58   0x0000036c   Code   RO         1010    i.HAL_RCC_OscConfig  stm32f4xx_hal_rcc.o
    0x080021c4   0x080021c4   0x00000002   Code   RO         3069    i.HAL_TIMEx_BreakCallback  stm32f4xx_hal_tim_ex.o
    0x080021c6   0x080021c6   0x00000002   Code   RO         3070    i.HAL_TIMEx_CommutCallback  stm32f4xx_hal_tim_ex.o
    0x080021c8   0x080021c8   0x00000090   Code   RO         3088    i.HAL_TIMEx_MasterConfigSynchronization  stm32f4xx_hal_tim_ex.o
    0x08002258   0x08002258   0x0000005a   Code   RO         2365    i.HAL_TIM_Base_Init  stm32f4xx_hal_tim.o
    0x080022b2   0x080022b2   0x00000002   PAD
    0x080022b4   0x080022b4   0x00000038   Code   RO          433    i.HAL_TIM_Base_MspInit  tim.o
    0x080022ec   0x080022ec   0x00000080   Code   RO         2370    i.HAL_TIM_Base_Start_IT  stm32f4xx_hal_tim.o
    0x0800236c   0x0800236c   0x000000dc   Code   RO         2374    i.HAL_TIM_ConfigClockSource  stm32f4xx_hal_tim.o
    0x08002448   0x08002448   0x00000002   Code   RO         2399    i.HAL_TIM_IC_CaptureCallback  stm32f4xx_hal_tim.o
    0x0800244a   0x0800244a   0x00000166   Code   RO         2413    i.HAL_TIM_IRQHandler  stm32f4xx_hal_tim.o
    0x080025b0   0x080025b0   0x00000002   Code   RO         2416    i.HAL_TIM_OC_DelayElapsedCallback  stm32f4xx_hal_tim.o
    0x080025b2   0x080025b2   0x00000002   Code   RO         2443    i.HAL_TIM_PWM_PulseFinishedCallback  stm32f4xx_hal_tim.o
    0x080025b4   0x080025b4   0x00000014   Code   RO           14    i.HAL_TIM_PeriodElapsedCallback  main.o
    0x080025c8   0x080025c8   0x00000002   Code   RO         2456    i.HAL_TIM_TriggerCallback  stm32f4xx_hal_tim.o
    0x080025ca   0x080025ca   0x00000002   Code   RO         3347    i.HAL_UARTEx_RxEventCallback  stm32f4xx_hal_uart.o
    0x080025cc   0x080025cc   0x00000070   Code   RO         3359    i.HAL_UART_DMAStop  stm32f4xx_hal_uart.o
    0x0800263c   0x0800263c   0x00000002   Code   RO         3361    i.HAL_UART_ErrorCallback  stm32f4xx_hal_uart.o
    0x0800263e   0x0800263e   0x00000002   PAD
    0x08002640   0x08002640   0x00000268   Code   RO         3364    i.HAL_UART_IRQHandler  stm32f4xx_hal_uart.o
    0x080028a8   0x080028a8   0x00000062   Code   RO         3365    i.HAL_UART_Init     stm32f4xx_hal_uart.o
    0x0800290a   0x0800290a   0x00000002   PAD
    0x0800290c   0x0800290c   0x000001bc   Code   RO          475    i.HAL_UART_MspInit  usart.o
    0x08002ac8   0x08002ac8   0x0000002a   Code   RO         3369    i.HAL_UART_Receive_DMA  stm32f4xx_hal_uart.o
    0x08002af2   0x08002af2   0x0000002a   Code   RO         3370    i.HAL_UART_Receive_IT  stm32f4xx_hal_uart.o
    0x08002b1c   0x08002b1c   0x00000044   Code   RO         5354    i.HAL_UART_RxCpltCallback  message_task.o
    0x08002b60   0x08002b60   0x00000002   Code   RO         3372    i.HAL_UART_RxHalfCpltCallback  stm32f4xx_hal_uart.o
    0x08002b62   0x08002b62   0x00000002   Code   RO         3376    i.HAL_UART_TxCpltCallback  stm32f4xx_hal_uart.o
    0x08002b64   0x08002b64   0x00000002   Code   RO          532    i.HardFault_Handler  stm32f4xx_it.o
    0x08002b66   0x08002b66   0x00000002   PAD
    0x08002b68   0x08002b68   0x00000080   Code   RO         5447    i.Init_NRF24L01     nrf24l01.o
    0x08002be8   0x08002be8   0x00000210   Code   RO         5587    i.JY901_Process     jy901.o
    0x08002df8   0x08002df8   0x00000068   Code   RO          326    i.MX_ADC1_Init      adc.o
    0x08002e60   0x08002e60   0x00000044   Code   RO          368    i.MX_CAN1_Init      can.o
    0x08002ea4   0x08002ea4   0x0000007c   Code   RO          408    i.MX_DMA_Init       dma.o
    0x08002f20   0x08002f20   0x0000003c   Code   RO          252    i.MX_FREERTOS_Init  freertos.o
    0x08002f5c   0x08002f5c   0x000000c0   Code   RO          228    i.MX_GPIO_Init      gpio.o
    0x0800301c   0x0800301c   0x00000064   Code   RO          434    i.MX_TIM2_Init      tim.o
    0x08003080   0x08003080   0x00000038   Code   RO          476    i.MX_UART4_Init     usart.o
    0x080030b8   0x080030b8   0x00000038   Code   RO          477    i.MX_USART3_UART_Init  usart.o
    0x080030f0   0x080030f0   0x00000002   Code   RO          533    i.MemManage_Handler  stm32f4xx_it.o
    0x080030f2   0x080030f2   0x00000002   Code   RO          534    i.NMI_Handler       stm32f4xx_it.o
    0x080030f4   0x080030f4   0x00000048   Code   RO         5448    i.NRF24L01_Check    nrf24l01.o
    0x0800313c   0x0800313c   0x00000048   Code   RO         5449    i.NRF24L01_Read_Buf  nrf24l01.o
    0x08003184   0x08003184   0x00000030   Code   RO         5450    i.NRF24L01_Read_Reg  nrf24l01.o
    0x080031b4   0x080031b4   0x00000054   Code   RO         5452    i.NRF24L01_TxPacket  nrf24l01.o
    0x08003208   0x08003208   0x00000048   Code   RO         5453    i.NRF24L01_Write_Buf  nrf24l01.o
    0x08003250   0x08003250   0x00000034   Code   RO         5454    i.NRF24L01_Write_Reg  nrf24l01.o
    0x08003284   0x08003284   0x00000128   Code   RO         5307    i.PID_calc          pid.o
    0x080033ac   0x080033ac   0x00000160   Code   RO         5308    i.PID_calc_GM6020_angle  pid.o
    0x0800350c   0x0800350c   0x00000040   Code   RO         5310    i.PID_init          pid.o
    0x0800354c   0x0800354c   0x00000020   Code   RO         5105    i.RMmotor_init      rmmotor.o
    0x0800356c   0x0800356c   0x0000005c   Code   RO         5456    i.SPI_ReadWriteByte  nrf24l01.o
    0x080035c8   0x080035c8   0x00000010   Code   RO          253    i.StartMessageTask  freertos.o
    0x080035d8   0x080035d8   0x00000010   Code   RO          254    i.StartSpringMotorTask  freertos.o
    0x080035e8   0x080035e8   0x0000002c   Code   RO         4986    i.SysTick_Handler   port.o
    0x08003614   0x08003614   0x00000094   Code   RO           15    i.SystemClock_Config  main.o
    0x080036a8   0x080036a8   0x00000010   Code   RO         3694    i.SystemInit        system_stm32f4xx.o
    0x080036b8   0x080036b8   0x0000000c   Code   RO          535    i.TIM1_UP_TIM10_IRQHandler  stm32f4xx_it.o
    0x080036c4   0x080036c4   0x0000000c   Code   RO          536    i.TIM2_IRQHandler   stm32f4xx_it.o
    0x080036d0   0x080036d0   0x000000c8   Code   RO         2458    i.TIM_Base_SetConfig  stm32f4xx_hal_tim.o
    0x08003798   0x08003798   0x00000014   Code   RO         2469    i.TIM_ETR_SetConfig  stm32f4xx_hal_tim.o
    0x080037ac   0x080037ac   0x00000010   Code   RO         2470    i.TIM_ITRx_SetConfig  stm32f4xx_hal_tim.o
    0x080037bc   0x080037bc   0x00000022   Code   RO         2476    i.TIM_TI1_ConfigInputStage  stm32f4xx_hal_tim.o
    0x080037de   0x080037de   0x00000024   Code   RO         2478    i.TIM_TI2_ConfigInputStage  stm32f4xx_hal_tim.o
    0x08003802   0x08003802   0x00000002   PAD
    0x08003804   0x08003804   0x0000006c   Code   RO         5457    i.TX_Mode           nrf24l01.o
    0x08003870   0x08003870   0x00000054   Code   RO          537    i.UART4_IRQHandler  stm32f4xx_it.o
    0x080038c4   0x080038c4   0x00000010   Code   RO         3378    i.UART_DMAAbortOnError  stm32f4xx_hal_uart.o
    0x080038d4   0x080038d4   0x0000004a   Code   RO         3379    i.UART_DMAError     stm32f4xx_hal_uart.o
    0x0800391e   0x0800391e   0x00000082   Code   RO         3380    i.UART_DMAReceiveCplt  stm32f4xx_hal_uart.o
    0x080039a0   0x080039a0   0x0000001a   Code   RO         3382    i.UART_DMARxHalfCplt  stm32f4xx_hal_uart.o
    0x080039ba   0x080039ba   0x0000004e   Code   RO         3388    i.UART_EndRxTransfer  stm32f4xx_hal_uart.o
    0x08003a08   0x08003a08   0x0000001c   Code   RO         3389    i.UART_EndTxTransfer  stm32f4xx_hal_uart.o
    0x08003a24   0x08003a24   0x00000018   Code   RO         5540    i.UART_IT_Init      drv_uart.o
    0x08003a3c   0x08003a3c   0x000000c0   Code   RO         3390    i.UART_Receive_IT   stm32f4xx_hal_uart.o
    0x08003afc   0x08003afc   0x0000010c   Code   RO         3391    i.UART_SetConfig    stm32f4xx_hal_uart.o
    0x08003c08   0x08003c08   0x00000094   Code   RO         3392    i.UART_Start_Receive_DMA  stm32f4xx_hal_uart.o
    0x08003c9c   0x08003c9c   0x0000003a   Code   RO         3393    i.UART_Start_Receive_IT  stm32f4xx_hal_uart.o
    0x08003cd6   0x08003cd6   0x00000002   PAD
    0x08003cd8   0x08003cd8   0x0000000c   Code   RO          538    i.USART3_IRQHandler  stm32f4xx_it.o
    0x08003ce4   0x08003ce4   0x00000002   Code   RO          539    i.UsageFault_Handler  stm32f4xx_it.o
    0x08003ce6   0x08003ce6   0x0000001a   Code   RO         5588    i.User_USART_Init   jy901.o
    0x08003d00   0x08003d00   0x00000020   Code   RO         1754    i.__NVIC_SetPriority  stm32f4xx_hal_cortex.o
    0x08003d20   0x08003d20   0x0000004c   Code   RO         5541    i.analyse_buf_data_float  drv_uart.o
    0x08003d6c   0x08003d6c   0x00000020   Code   RO         5624    i.imu_task          imu_task.o
    0x08003d8c   0x08003d8c   0x0000002c   Code   RO         5625    i.imu_task_init     imu_task.o
    0x08003db8   0x08003db8   0x0000002e   Code   RO           16    i.main              main.o
    0x08003de6   0x08003de6   0x0000000c   Code   RO         4548    i.makeFreeRtosPriority  cmsis_os.o
    0x08003df2   0x08003df2   0x00000002   PAD
    0x08003df4   0x08003df4   0x00000114   Code   RO         5355    i.message_task      message_task.o
    0x08003f08   0x08003f08   0x00000044   Code   RO         5356    i.message_task_init  message_task.o
    0x08003f4c   0x08003f4c   0x0000000e   Code   RO         4550    i.osDelay           cmsis_os.o
    0x08003f5a   0x08003f5a   0x0000000a   Code   RO         4553    i.osKernelStart     cmsis_os.o
    0x08003f64   0x08003f64   0x00000054   Code   RO         4587    i.osThreadCreate    cmsis_os.o
    0x08003fb8   0x08003fb8   0x00000070   Code   RO         4227    i.prvAddCurrentTaskToDelayedList  tasks.o
    0x08004028   0x08004028   0x000000d0   Code   RO         4228    i.prvAddNewTaskToReadyList  tasks.o
    0x080040f8   0x080040f8   0x00000034   Code   RO         4229    i.prvDeleteTCB      tasks.o
    0x0800412c   0x0800412c   0x0000004c   Code   RO         4918    i.prvHeapInit       heap_4.o
    0x08004178   0x08004178   0x00000060   Code   RO         4230    i.prvIdleTask       tasks.o
    0x080041d8   0x080041d8   0x00000098   Code   RO         4231    i.prvInitialiseNewTask  tasks.o
    0x08004270   0x08004270   0x0000004c   Code   RO         4919    i.prvInsertBlockIntoFreeList  heap_4.o
    0x080042bc   0x080042bc   0x00000020   Code   RO         4232    i.prvResetNextTaskUnblockTime  tasks.o
    0x080042dc   0x080042dc   0x00000028   Code   RO         4987    i.prvTaskExitError  port.o
    0x08004304   0x08004304   0x000000dc   Code   RO         4920    i.pvPortMalloc      heap_4.o
    0x080043e0   0x080043e0   0x0000002c   Code   RO         4988    i.pxPortInitialiseStack  port.o
    0x0800440c   0x0800440c   0x00000056   Code   RO         5106    i.receive_data      rmmotor.o
    0x08004462   0x08004462   0x0000003c   Code   RO         5107    i.send_to_motors    rmmotor.o
    0x0800449e   0x0800449e   0x00000002   PAD
    0x080044a0   0x080044a0   0x00000098   Code   RO         5149    i.spring_motor_task  spring_motor_task.o
    0x08004538   0x08004538   0x00000100   Code   RO         5150    i.spring_motor_task_init  spring_motor_task.o
    0x08004638   0x08004638   0x00000026   Code   RO         3863    i.uxListRemove      list.o
    0x0800465e   0x0800465e   0x00000002   PAD
    0x08004660   0x08004660   0x00000014   Code   RO          255    i.vApplicationGetIdleTaskMemory  freertos.o
    0x08004674   0x08004674   0x00000016   Code   RO         3864    i.vListInitialise   list.o
    0x0800468a   0x0800468a   0x00000006   Code   RO         3865    i.vListInitialiseItem  list.o
    0x08004690   0x08004690   0x00000030   Code   RO         3866    i.vListInsert       list.o
    0x080046c0   0x080046c0   0x00000018   Code   RO         3867    i.vListInsertEnd    list.o
    0x080046d8   0x080046d8   0x00000040   Code   RO         4990    i.vPortEnterCritical  port.o
    0x08004718   0x08004718   0x00000028   Code   RO         4991    i.vPortExitCritical  port.o
    0x08004740   0x08004740   0x00000064   Code   RO         4921    i.vPortFree         heap_4.o
    0x080047a4   0x080047a4   0x00000024   Code   RO         4992    i.vPortSetupTimerInterrupt  port.o
    0x080047c8   0x080047c8   0x0000004c   Code   RO         4241    i.vTaskDelay        tasks.o
    0x08004814   0x08004814   0x0000006c   Code   RO         4254    i.vTaskStartScheduler  tasks.o
    0x08004880   0x08004880   0x00000010   Code   RO         4256    i.vTaskSuspendAll   tasks.o
    0x08004890   0x08004890   0x0000005c   Code   RO         4257    i.vTaskSwitchContext  tasks.o
    0x080048ec   0x080048ec   0x000000f4   Code   RO         4994    i.xPortStartScheduler  port.o
    0x080049e0   0x080049e0   0x0000005a   Code   RO         4260    i.xTaskCreate       tasks.o
    0x08004a3a   0x08004a3a   0x00000056   Code   RO         4261    i.xTaskCreateStatic  tasks.o
    0x08004a90   0x08004a90   0x000000cc   Code   RO         4268    i.xTaskIncrementTick  tasks.o
    0x08004b5c   0x08004b5c   0x000000c4   Code   RO         4274    i.xTaskResumeAll    tasks.o
    0x08004c20   0x08004c20   0x00000062   Code   RO         5677    x$fpl$d2f           fz_wm.l(d2f.o)
    0x08004c82   0x08004c82   0x00000002   PAD
    0x08004c84   0x08004c84   0x00000150   Code   RO         5679    x$fpl$dadd          fz_wm.l(daddsub_clz.o)
    0x08004dd4   0x08004dd4   0x000002b0   Code   RO         5686    x$fpl$ddiv          fz_wm.l(ddiv.o)
    0x08005084   0x08005084   0x0000002e   Code   RO         5690    x$fpl$dflt          fz_wm.l(dflt_clz.o)
    0x080050b2   0x080050b2   0x0000009c   Code   RO         5704    x$fpl$dnaninf       fz_wm.l(dnaninf.o)
    0x0800514e   0x0800514e   0x0000000c   Code   RO         5706    x$fpl$dretinf       fz_wm.l(dretinf.o)
    0x0800515a   0x0800515a   0x00000002   PAD
    0x0800515c   0x0800515c   0x000001d4   Code   RO         5681    x$fpl$dsub          fz_wm.l(daddsub_clz.o)
    0x08005330   0x08005330   0x00000056   Code   RO         5695    x$fpl$f2d           fz_wm.l(f2d.o)
    0x08005386   0x08005386   0x0000008c   Code   RO         5708    x$fpl$fnaninf       fz_wm.l(fnaninf.o)
    0x08005412   0x08005412   0x0000000a   Code   RO         5815    x$fpl$fpinit        fz_wm.l(fpinit.o)
    0x0800541c   0x0800541c   0x0000000a   Code   RO         5710    x$fpl$fretinf       fz_wm.l(fretinf.o)
    0x08005426   0x08005426   0x00000000   Code   RO         5712    x$fpl$usenofp       fz_wm.l(usenofp.o)
    0x08005426   0x08005426   0x00000002   PAD
    0x08005428   0x08005428   0x00000038   Data   RO          257    .constdata          freertos.o
    0x08005460   0x08005460   0x00000008   Data   RO         1471    .constdata          stm32f4xx_hal_dma.o
    0x08005468   0x08005468   0x00000010   Data   RO         3695    .constdata          system_stm32f4xx.o
    0x08005478   0x08005478   0x00000008   Data   RO         3696    .constdata          system_stm32f4xx.o
    0x08005480   0x08005480   0x0000000a   Data   RO         5458    .constdata          nrf24l01.o
    0x0800548a   0x0800548a   0x00000002   PAD
    0x0800548c   0x0800548c   0x00000015   Data   RO          258    .conststring        freertos.o
    0x080054a1   0x080054a1   0x00000003   PAD
    0x080054a4   0x080054a4   0x00000020   Data   RO         5873    Region$$Table       anon$$obj.o


    Execution Region RW_IRAM1 (Exec base: 0x20000000, Load base: 0x080054c4, Size: 0x000053d0, Max: 0x0001c000, ABSOLUTE)

    Exec Addr    Load Addr    Size         Type   Attr      Idx    E Section Name        Object

    0x20000000   0x080054c4   0x00000008   Data   RW          259    .data               freertos.o
    0x20000008   0x080054cc   0x0000000c   Data   RW         1898    .data               stm32f4xx_hal.o
    0x20000014   0x080054d8   0x00000004   Data   RW         3697    .data               system_stm32f4xx.o
    0x20000018   0x080054dc   0x0000003c   Data   RW         4277    .data               tasks.o
    0x20000054   0x08005518   0x00000020   Data   RW         4927    .data               heap_4.o
    0x20000074   0x08005538   0x0000000c   Data   RW         4995    .data               port.o
    0x20000080   0x08005544   0x00000020   Data   RW         5152    .data               spring_motor_task.o
    0x200000a0   0x08005564   0x00000016   Data   RW         5358    .data               message_task.o
    0x200000b6   0x0800557a   0x00000002   PAD
    0x200000b8   0x0800557c   0x00000038   Data   RW         5590    .data               jy901.o
    0x200000f0   0x080055b4   0x00000008   Data   RW         5626    .data               imu_task.o
    0x200000f8        -       0x00000254   Zero   RW          256    .bss                freertos.o
    0x2000034c        -       0x000000a8   Zero   RW          327    .bss                adc.o
    0x200003f4        -       0x00000028   Zero   RW          369    .bss                can.o
    0x2000041c        -       0x00000048   Zero   RW          435    .bss                tim.o
    0x20000464        -       0x00000208   Zero   RW          478    .bss                usart.o
    0x2000066c        -       0x00000048   Zero   RW          683    .bss                stm32f4xx_hal_timebase_tim.o
    0x200006b4        -       0x000000f0   Zero   RW         4276    .bss                tasks.o
    0x200007a4        -       0x00003c00   Zero   RW         4926    .bss                heap_4.o
    0x200043a4        -       0x00000148   Zero   RW         5151    .bss                spring_motor_task.o
    0x200044ec        -       0x0000002c   Zero   RW         5357    .bss                message_task.o
    0x20004518        -       0x000007d0   Zero   RW         5545    .bss                drv_uart.o
    0x20004ce8        -       0x00000084   Zero   RW         5589    .bss                jy901.o
    0x20004d6c        -       0x00000060   Zero   RW         5745    .bss                c_w.l(libspace.o)
    0x20004dcc   0x080055bc   0x00000004   PAD
    0x20004dd0        -       0x00000200   Zero   RW            2    HEAP                startup_stm32f407xx.o
    0x20004fd0        -       0x00000400   Zero   RW            1    STACK               startup_stm32f407xx.o


    Execution Region RW_IRAM2 (Exec base: 0x2001c000, Load base: 0x080055bc, Size: 0x00000000, Max: 0x00004000, ABSOLUTE)

    **** No section assigned to this execution region ****


==============================================================================

Image component sizes


      Code (inc. data)   RO Data    RW Data    ZI Data      Debug   Object Name

       272         34          0          0        168       1827   adc.o
       208         24          0          0         40       1741   can.o
       120          0          0          0          0      25821   cmsis_os.o
         0          0          0          0          0       7432   croutine.o
       124          4          0          0          0        862   dma.o
       212          8          0          0          0       2472   drv_can.o
       100         14          0          0       2000       2292   drv_uart.o
         0          0          0          0          0      19408   event_groups.o
       112         12         77          8        596       3288   freertos.o
       192         16          0          0          0       1031   gpio.o
       472         24          0         32      15360       7479   heap_4.o
        76         18          0          8          0       1217   imu_task.o
       554         52          0         56        132       3806   jy901.o
       138          0          0          0          0       3602   list.o
       218         14          0          0          0     753624   main.o
       516         80          0         22         44       5411   message_task.o
       744         54         10          0          0       9217   nrf24l01.o
       712         28          0          0          0       3406   pid.o
       702         72          0         12          0      11100   port.o
       178          6          0          0          0       2767   rmmotor.o
       408         72          0         32        328     603419   spring_motor_task.o
        64         26        392          0       1536        852   startup_stm32f407xx.o
        80         14          0         12          0       8138   stm32f4xx_hal.o
      1504         66          0          0          0       9109   stm32f4xx_hal_adc.o
         2          0          0          0          0       1001   stm32f4xx_hal_adc_ex.o
      1620          6          0          0          0      13108   stm32f4xx_hal_can.o
       158         14          0          0          0      33202   stm32f4xx_hal_cortex.o
      1084         16          8          0          0       7438   stm32f4xx_hal_dma.o
       516         46          0          0          0       2895   stm32f4xx_hal_gpio.o
        56          4          0          0          0        886   stm32f4xx_hal_msp.o
      1412         86          0          0          0       5969   stm32f4xx_hal_rcc.o
      1110         72          0          0          0      10313   stm32f4xx_hal_tim.o
       148         28          0          0          0       2497   stm32f4xx_hal_tim_ex.o
       140         20          0          0         72       1463   stm32f4xx_hal_timebase_tim.o
      1936         30          0          0          0      14933   stm32f4xx_hal_uart.o
       228         78          0          0          0       9512   stm32f4xx_it.o
         0          0          0          0          0        384   stream_buffer.o
        16          4         24          4          0       1159   system_stm32f4xx.o
      1520        112          0         60        240      19642   tasks.o
       156         10          0          0         72       1734   tim.o
         0          0          0          0          0       2500   timers.o
       556         54          0          0        520       2875   usart.o

    ----------------------------------------------------------------------
     18398       1218        548        248      21108    1620832   Object Totals
         0          0         32          0          0          0   (incl. Generated)
        34          0          5          2          0          0   (incl. Padding)

    ----------------------------------------------------------------------

      Code (inc. data)   RO Data    RW Data    ZI Data      Debug   Library Member Name

         8          0          0          0          0         68   __main.o
         0          0          0          0          0          0   __rtentry.o
        12          0          0          0          0          0   __rtentry2.o
         6          0          0          0          0          0   __rtentry4.o
        52          8          0          0          0          0   __scatter.o
        26          0          0          0          0          0   __scatter_copy.o
        28          0          0          0          0          0   __scatter_zi.o
        18          0          0          0          0         80   exit.o
         6          0          0          0          0        152   heapauxi.o
         0          0          0          0          0          0   indicate_semi.o
         2          0          0          0          0          0   libinit.o
         6          0          0          0          0          0   libinit2.o
         2          0          0          0          0          0   libshutdown.o
         2          0          0          0          0          0   libshutdown2.o
         8          4          0          0         96         68   libspace.o
       238          0          0          0          0        100   lludivv7m.o
        78          0          0          0          0         80   rt_memclr_w.o
       100          0          0          0          0         80   rt_memcpy_w.o
         2          0          0          0          0          0   rtexit.o
        10          0          0          0          0          0   rtexit2.o
        12          4          0          0          0         68   sys_exit.o
        74          0          0          0          0         80   sys_stackheap_outer.o
         2          0          0          0          0         68   use_no_semi.o
        98          4          0          0          0        140   d2f.o
       804         16          0          0          0        368   daddsub_clz.o
       688        140          0          0          0        256   ddiv.o
        46          0          0          0          0        116   dflt_clz.o
       156          4          0          0          0        140   dnaninf.o
        12          0          0          0          0        116   dretinf.o
        86          4          0          0          0        132   f2d.o
       140          4          0          0          0        132   fnaninf.o
        10          0          0          0          0        116   fpinit.o
        10          0          0          0          0        116   fretinf.o
         0          0          0          0          0          0   usenofp.o

    ----------------------------------------------------------------------
      2754        188          0          0        100       2476   Library Totals
        12          0          0          0          4          0   (incl. Padding)

    ----------------------------------------------------------------------

      Code (inc. data)   RO Data    RW Data    ZI Data      Debug   Library Name

       692         16          0          0         96        844   c_w.l
      2050        172          0          0          0       1632   fz_wm.l

    ----------------------------------------------------------------------
      2754        188          0          0        100       2476   Library Totals

    ----------------------------------------------------------------------

==============================================================================


      Code (inc. data)   RO Data    RW Data    ZI Data      Debug   

     21152       1406        548        248      21208    1603596   Grand Totals
     21152       1406        548        248      21208    1603596   ELF Image Totals
     21152       1406        548        248          0          0   ROM Totals

==============================================================================

    Total RO  Size (Code + RO Data)                21700 (  21.19kB)
    Total RW  Size (RW Data + ZI Data)             21456 (  20.95kB)
    Total ROM Size (Code + RO Data + RW Data)      21948 (  21.43kB)

==============================================================================

